Archive member included because of file (symbol)

e:/_privat/avr/winavr/winavr/bin/../lib/gcc/avr/4.3.2/avr25\libgcc.a(_exit.o)
                              e:/_privat/avr/winavr/winavr/bin/../lib/gcc/avr/4.3.2/../../../../avr/lib/avr25/crttn2313.o (exit)
e:/_privat/avr/winavr/winavr/bin/../lib/gcc/avr/4.3.2/avr25\libgcc.a(_clear_bss.o)
                              main.o (__do_clear_bss)

Memory Configuration

Name             Origin             Length             Attributes
text             0x00000000         0x00002000         xr
data             0x00800060         0x0000ffa0         rw !x
eeprom           0x00810000         0x00010000         rw !x
fuse             0x00820000         0x00000400         rw !x
lock             0x00830000         0x00000400         rw !x
signature        0x00840000         0x00000400         rw !x
*default*        0x00000000         0xffffffff

Linker script and memory map

LOAD e:/_privat/avr/winavr/winavr/bin/../lib/gcc/avr/4.3.2/../../../../avr/lib/avr25/crttn2313.o
LOAD main.o
LOAD e:/_privat/avr/winavr/winavr/bin/../lib/gcc/avr/4.3.2/../../../../avr/lib/avr25\libm.a
LOAD e:/_privat/avr/winavr/winavr/bin/../lib/gcc/avr/4.3.2/avr25\libgcc.a
LOAD e:/_privat/avr/winavr/winavr/bin/../lib/gcc/avr/4.3.2/../../../../avr/lib/avr25\libc.a
LOAD e:/_privat/avr/winavr/winavr/bin/../lib/gcc/avr/4.3.2/avr25\libgcc.a

.hash
 *(.hash)

.dynsym
 *(.dynsym)

.dynstr
 *(.dynstr)

.gnu.version
 *(.gnu.version)

.gnu.version_d
 *(.gnu.version_d)

.gnu.version_r
 *(.gnu.version_r)

.rel.init
 *(.rel.init)

.rela.init
 *(.rela.init)

.rel.text
 *(.rel.text)
 *(.rel.text.*)
 *(.rel.gnu.linkonce.t*)

.rela.text
 *(.rela.text)
 *(.rela.text.*)
 *(.rela.gnu.linkonce.t*)

.rel.fini
 *(.rel.fini)

.rela.fini
 *(.rela.fini)

.rel.rodata
 *(.rel.rodata)
 *(.rel.rodata.*)
 *(.rel.gnu.linkonce.r*)

.rela.rodata
 *(.rela.rodata)
 *(.rela.rodata.*)
 *(.rela.gnu.linkonce.r*)

.rel.data
 *(.rel.data)
 *(.rel.data.*)
 *(.rel.gnu.linkonce.d*)

.rela.data
 *(.rela.data)
 *(.rela.data.*)
 *(.rela.gnu.linkonce.d*)

.rel.ctors
 *(.rel.ctors)

.rela.ctors
 *(.rela.ctors)

.rel.dtors
 *(.rel.dtors)

.rela.dtors
 *(.rela.dtors)

.rel.got
 *(.rel.got)

.rela.got
 *(.rela.got)

.rel.bss
 *(.rel.bss)

.rela.bss
 *(.rela.bss)

.rel.plt
 *(.rel.plt)

.rela.plt
 *(.rela.plt)

.text           0x00000000      0x2e4
 *(.vectors)
 .vectors       0x00000000       0x26 e:/_privat/avr/winavr/winavr/bin/../lib/gcc/avr/4.3.2/../../../../avr/lib/avr25/crttn2313.o
                0x00000000                __vectors
                0x00000000                __vector_default
 *(.vectors)
 *(.progmem.gcc*)
 *(.progmem*)
                0x00000026                . = ALIGN (0x2)
                0x00000026                __trampolines_start = .
 *(.trampolines)
 .trampolines   0x00000026        0x0 linker stubs
 *(.trampolines*)
                0x00000026                __trampolines_end = .
 *(.jumptables)
 *(.jumptables*)
 *(.lowtext)
 *(.lowtext*)
                0x00000026                __ctors_start = .
 *(.ctors)
                0x00000026                __ctors_end = .
                0x00000026                __dtors_start = .
 *(.dtors)
                0x00000026                __dtors_end = .
 SORT(*)(.ctors)
 SORT(*)(.dtors)
 *(.init0)
 .init0         0x00000026        0x0 e:/_privat/avr/winavr/winavr/bin/../lib/gcc/avr/4.3.2/../../../../avr/lib/avr25/crttn2313.o
                0x00000026                __init
 *(.init0)
 *(.init1)
 *(.init1)
 *(.init2)
 .init2         0x00000026        0x8 e:/_privat/avr/winavr/winavr/bin/../lib/gcc/avr/4.3.2/../../../../avr/lib/avr25/crttn2313.o
 *(.init2)
 *(.init3)
 *(.init3)
 *(.init4)
 .init4         0x0000002e       0x10 e:/_privat/avr/winavr/winavr/bin/../lib/gcc/avr/4.3.2/avr25\libgcc.a(_clear_bss.o)
                0x0000002e                __do_clear_bss
 *(.init4)
 *(.init5)
 *(.init5)
 *(.init6)
 *(.init6)
 *(.init7)
 *(.init7)
 *(.init8)
 *(.init8)
 *(.init9)
 .init9         0x0000003e        0x4 e:/_privat/avr/winavr/winavr/bin/../lib/gcc/avr/4.3.2/../../../../avr/lib/avr25/crttn2313.o
 *(.init9)
 *(.text)
 .text          0x00000042        0x2 e:/_privat/avr/winavr/winavr/bin/../lib/gcc/avr/4.3.2/../../../../avr/lib/avr25/crttn2313.o
                0x00000042                __vector_1
                0x00000042                __vector_12
                0x00000042                __bad_interrupt
                0x00000042                __vector_6
                0x00000042                __vector_3
                0x00000042                __vector_11
                0x00000042                __vector_13
                0x00000042                __vector_17
                0x00000042                __vector_5
                0x00000042                __vector_4
                0x00000042                __vector_9
                0x00000042                __vector_2
                0x00000042                __vector_15
                0x00000042                __vector_8
                0x00000042                __vector_14
                0x00000042                __vector_10
                0x00000042                __vector_16
                0x00000042                __vector_18
 .text          0x00000044      0x29c main.o
                0x00000044                __vector_7
                0x000000c6                main
                0x00000144                disp_char
 .text          0x000002e0        0x0 e:/_privat/avr/winavr/winavr/bin/../lib/gcc/avr/4.3.2/avr25\libgcc.a(_exit.o)
 .text          0x000002e0        0x0 e:/_privat/avr/winavr/winavr/bin/../lib/gcc/avr/4.3.2/avr25\libgcc.a(_clear_bss.o)
                0x000002e0                . = ALIGN (0x2)
 *(.text.*)
 .text.libgcc   0x000002e0        0x0 e:/_privat/avr/winavr/winavr/bin/../lib/gcc/avr/4.3.2/avr25\libgcc.a(_exit.o)
 .text.libgcc   0x000002e0        0x0 e:/_privat/avr/winavr/winavr/bin/../lib/gcc/avr/4.3.2/avr25\libgcc.a(_clear_bss.o)
                0x000002e0                . = ALIGN (0x2)
 *(.fini9)
 .fini9         0x000002e0        0x0 e:/_privat/avr/winavr/winavr/bin/../lib/gcc/avr/4.3.2/avr25\libgcc.a(_exit.o)
                0x000002e0                exit
                0x000002e0                _exit
 *(.fini9)
 *(.fini8)
 *(.fini8)
 *(.fini7)
 *(.fini7)
 *(.fini6)
 *(.fini6)
 *(.fini5)
 *(.fini5)
 *(.fini4)
 *(.fini4)
 *(.fini3)
 *(.fini3)
 *(.fini2)
 *(.fini2)
 *(.fini1)
 *(.fini1)
 *(.fini0)
 .fini0         0x000002e0        0x4 e:/_privat/avr/winavr/winavr/bin/../lib/gcc/avr/4.3.2/avr25\libgcc.a(_exit.o)
 *(.fini0)
                0x000002e4                _etext = .

.data           0x00800060        0x0 load address 0x000002e4
                0x00800060                PROVIDE (__data_start, .)
 *(.data)
 .data          0x00800060        0x0 e:/_privat/avr/winavr/winavr/bin/../lib/gcc/avr/4.3.2/../../../../avr/lib/avr25/crttn2313.o
 .data          0x00800060        0x0 main.o
 .data          0x00800060        0x0 e:/_privat/avr/winavr/winavr/bin/../lib/gcc/avr/4.3.2/avr25\libgcc.a(_exit.o)
 .data          0x00800060        0x0 e:/_privat/avr/winavr/winavr/bin/../lib/gcc/avr/4.3.2/avr25\libgcc.a(_clear_bss.o)
 *(.data*)
 *(.rodata)
 *(.rodata*)
 *(.gnu.linkonce.d*)
                0x00800060                . = ALIGN (0x2)
                0x00800060                _edata = .
                0x00800060                PROVIDE (__data_end, .)

.bss            0x00800060        0x9
                0x00800060                PROVIDE (__bss_start, .)
 *(.bss)
 .bss           0x00800060        0x0 e:/_privat/avr/winavr/winavr/bin/../lib/gcc/avr/4.3.2/../../../../avr/lib/avr25/crttn2313.o
 .bss           0x00800060        0x9 main.o
                0x00800060                colums
                0x00800067                data_incoming
                0x00800068                i
                0x00800065                rec_char
                0x00800066                rec_char_buffer
 .bss           0x00800069        0x0 e:/_privat/avr/winavr/winavr/bin/../lib/gcc/avr/4.3.2/avr25\libgcc.a(_exit.o)
 .bss           0x00800069        0x0 e:/_privat/avr/winavr/winavr/bin/../lib/gcc/avr/4.3.2/avr25\libgcc.a(_clear_bss.o)
 *(.bss*)
 *(COMMON)
                0x00800069                PROVIDE (__bss_end, .)
                0x000002e4                __data_load_start = LOADADDR (.data)
                0x000002e4                __data_load_end = (__data_load_start + SIZEOF (.data))

.noinit         0x00800069        0x0
                0x00800069                PROVIDE (__noinit_start, .)
 *(.noinit*)
                0x00800069                PROVIDE (__noinit_end, .)
                0x00800069                _end = .
                0x00800069                PROVIDE (__heap_start, .)

.eeprom         0x00810000        0x0
 *(.eeprom*)
                0x00810000                __eeprom_end = .

.fuse
 *(.fuse)
 *(.lfuse)
 *(.hfuse)
 *(.efuse)

.lock
 *(.lock*)

.signature
 *(.signature*)

.stab           0x00000000      0x564
 *(.stab)
 .stab          0x00000000      0x564 main.o

.stabstr        0x00000000      0x781
 *(.stabstr)
 .stabstr       0x00000000      0x781 main.o

.stab.excl
 *(.stab.excl)

.stab.exclstr
 *(.stab.exclstr)

.stab.index
 *(.stab.index)

.stab.indexstr
 *(.stab.indexstr)

.comment
 *(.comment)

.debug
 *(.debug)

.line
 *(.line)

.debug_srcinfo
 *(.debug_srcinfo)

.debug_sfnames
 *(.debug_sfnames)

.debug_aranges
 *(.debug_aranges)

.debug_pubnames
 *(.debug_pubnames)

.debug_info
 *(.debug_info)
 *(.gnu.linkonce.wi.*)

.debug_abbrev
 *(.debug_abbrev)

.debug_line
 *(.debug_line)

.debug_frame
 *(.debug_frame)

.debug_str
 *(.debug_str)

.debug_loc
 *(.debug_loc)

.debug_macinfo
 *(.debug_macinfo)
OUTPUT(main.elf elf32-avr)
LOAD linker stubs

Cross Reference Table

Symbol                                            File
__bad_interrupt                                   e:/_privat/avr/winavr/winavr/bin/../lib/gcc/avr/4.3.2/../../../../avr/lib/avr25/crttn2313.o
__bss_end                                         e:/_privat/avr/winavr/winavr/bin/../lib/gcc/avr/4.3.2/avr25\libgcc.a(_clear_bss.o)
__bss_start                                       e:/_privat/avr/winavr/winavr/bin/../lib/gcc/avr/4.3.2/avr25\libgcc.a(_clear_bss.o)
__do_clear_bss                                    e:/_privat/avr/winavr/winavr/bin/../lib/gcc/avr/4.3.2/avr25\libgcc.a(_clear_bss.o)
                                                  main.o
__heap_end                                        e:/_privat/avr/winavr/winavr/bin/../lib/gcc/avr/4.3.2/../../../../avr/lib/avr25/crttn2313.o
__init                                            e:/_privat/avr/winavr/winavr/bin/../lib/gcc/avr/4.3.2/../../../../avr/lib/avr25/crttn2313.o
__stack                                           e:/_privat/avr/winavr/winavr/bin/../lib/gcc/avr/4.3.2/../../../../avr/lib/avr25/crttn2313.o
__vector_1                                        e:/_privat/avr/winavr/winavr/bin/../lib/gcc/avr/4.3.2/../../../../avr/lib/avr25/crttn2313.o
__vector_10                                       e:/_privat/avr/winavr/winavr/bin/../lib/gcc/avr/4.3.2/../../../../avr/lib/avr25/crttn2313.o
__vector_11                                       e:/_privat/avr/winavr/winavr/bin/../lib/gcc/avr/4.3.2/../../../../avr/lib/avr25/crttn2313.o
__vector_12                                       e:/_privat/avr/winavr/winavr/bin/../lib/gcc/avr/4.3.2/../../../../avr/lib/avr25/crttn2313.o
__vector_13                                       e:/_privat/avr/winavr/winavr/bin/../lib/gcc/avr/4.3.2/../../../../avr/lib/avr25/crttn2313.o
__vector_14                                       e:/_privat/avr/winavr/winavr/bin/../lib/gcc/avr/4.3.2/../../../../avr/lib/avr25/crttn2313.o
__vector_15                                       e:/_privat/avr/winavr/winavr/bin/../lib/gcc/avr/4.3.2/../../../../avr/lib/avr25/crttn2313.o
__vector_16                                       e:/_privat/avr/winavr/winavr/bin/../lib/gcc/avr/4.3.2/../../../../avr/lib/avr25/crttn2313.o
__vector_17                                       e:/_privat/avr/winavr/winavr/bin/../lib/gcc/avr/4.3.2/../../../../avr/lib/avr25/crttn2313.o
__vector_18                                       e:/_privat/avr/winavr/winavr/bin/../lib/gcc/avr/4.3.2/../../../../avr/lib/avr25/crttn2313.o
__vector_2                                        e:/_privat/avr/winavr/winavr/bin/../lib/gcc/avr/4.3.2/../../../../avr/lib/avr25/crttn2313.o
__vector_3                                        e:/_privat/avr/winavr/winavr/bin/../lib/gcc/avr/4.3.2/../../../../avr/lib/avr25/crttn2313.o
__vector_4                                        e:/_privat/avr/winavr/winavr/bin/../lib/gcc/avr/4.3.2/../../../../avr/lib/avr25/crttn2313.o
__vector_5                                        e:/_privat/avr/winavr/winavr/bin/../lib/gcc/avr/4.3.2/../../../../avr/lib/avr25/crttn2313.o
__vector_6                                        e:/_privat/avr/winavr/winavr/bin/../lib/gcc/avr/4.3.2/../../../../avr/lib/avr25/crttn2313.o
__vector_7                                        main.o
                                                  e:/_privat/avr/winavr/winavr/bin/../lib/gcc/avr/4.3.2/../../../../avr/lib/avr25/crttn2313.o
__vector_8                                        e:/_privat/avr/winavr/winavr/bin/../lib/gcc/avr/4.3.2/../../../../avr/lib/avr25/crttn2313.o
__vector_9                                        e:/_privat/avr/winavr/winavr/bin/../lib/gcc/avr/4.3.2/../../../../avr/lib/avr25/crttn2313.o
__vector_default                                  e:/_privat/avr/winavr/winavr/bin/../lib/gcc/avr/4.3.2/../../../../avr/lib/avr25/crttn2313.o
__vectors                                         e:/_privat/avr/winavr/winavr/bin/../lib/gcc/avr/4.3.2/../../../../avr/lib/avr25/crttn2313.o
_exit                                             e:/_privat/avr/winavr/winavr/bin/../lib/gcc/avr/4.3.2/avr25\libgcc.a(_exit.o)
colums                                            main.o
data_incoming                                     main.o
disp_char                                         main.o
exit                                              e:/_privat/avr/winavr/winavr/bin/../lib/gcc/avr/4.3.2/avr25\libgcc.a(_exit.o)
                                                  e:/_privat/avr/winavr/winavr/bin/../lib/gcc/avr/4.3.2/../../../../avr/lib/avr25/crttn2313.o
i                                                 main.o
main                                              main.o
                                                  e:/_privat/avr/winavr/winavr/bin/../lib/gcc/avr/4.3.2/../../../../avr/lib/avr25/crttn2313.o
rec_char                                          main.o
rec_char_buffer                                   main.o
