Archive member included because of file (symbol)

d:/work/_programming/uc_dev/winavr/bin/../lib/gcc/avr/4.3.3/avr51\libgcc.a(_mulsi3.o)
                              main.o (__mulsi3)
d:/work/_programming/uc_dev/winavr/bin/../lib/gcc/avr/4.3.3/avr51\libgcc.a(_udivmodhi4.o)
                              main.o (__udivmodhi4)
d:/work/_programming/uc_dev/winavr/bin/../lib/gcc/avr/4.3.3/avr51\libgcc.a(_udivmodsi4.o)
                              main.o (__udivmodsi4)
d:/work/_programming/uc_dev/winavr/bin/../lib/gcc/avr/4.3.3/avr51\libgcc.a(_exit.o)
                              d:/work/_programming/uc_dev/winavr/bin/../lib/gcc/avr/4.3.3/../../../../avr/lib/avr51/crtcan128.o (exit)
d:/work/_programming/uc_dev/winavr/bin/../lib/gcc/avr/4.3.3/avr51\libgcc.a(_clear_bss.o)
                              main.o (__do_clear_bss)

Allocating common symbols
Common symbol       size              file

msg_2               0x11              main.o
msg                 0x11              main.o
msg_rec             0x11              main.o

Memory Configuration

Name             Origin             Length             Attributes
text             0x00000000         0x00020000         xr
data             0x00800060         0x0000ffa0         rw !x
eeprom           0x00810000         0x00010000         rw !x
fuse             0x00820000         0x00000400         rw !x
lock             0x00830000         0x00000400         rw !x
signature        0x00840000         0x00000400         rw !x
*default*        0x00000000         0xffffffff

Linker script and memory map

Address of section .data set to 0x800100
LOAD d:/work/_programming/uc_dev/winavr/bin/../lib/gcc/avr/4.3.3/../../../../avr/lib/avr51/crtcan128.o
LOAD main.o
LOAD d:/work/_programming/uc_dev/winavr/bin/../lib/gcc/avr/4.3.3/../../../../avr/lib/avr51\libm.a
LOAD d:/work/_programming/uc_dev/winavr/bin/../lib/gcc/avr/4.3.3/avr51\libgcc.a
LOAD d:/work/_programming/uc_dev/winavr/bin/../lib/gcc/avr/4.3.3/../../../../avr/lib/avr51\libc.a
LOAD d:/work/_programming/uc_dev/winavr/bin/../lib/gcc/avr/4.3.3/avr51\libgcc.a

.hash
 *(.hash)

.dynsym
 *(.dynsym)

.dynstr
 *(.dynstr)

.gnu.version
 *(.gnu.version)

.gnu.version_d
 *(.gnu.version_d)

.gnu.version_r
 *(.gnu.version_r)

.rel.init
 *(.rel.init)

.rela.init
 *(.rela.init)

.rel.text
 *(.rel.text)
 *(.rel.text.*)
 *(.rel.gnu.linkonce.t*)

.rela.text
 *(.rela.text)
 *(.rela.text.*)
 *(.rela.gnu.linkonce.t*)

.rel.fini
 *(.rel.fini)

.rela.fini
 *(.rela.fini)

.rel.rodata
 *(.rel.rodata)
 *(.rel.rodata.*)
 *(.rel.gnu.linkonce.r*)

.rela.rodata
 *(.rela.rodata)
 *(.rela.rodata.*)
 *(.rela.gnu.linkonce.r*)

.rel.data
 *(.rel.data)
 *(.rel.data.*)
 *(.rel.gnu.linkonce.d*)

.rela.data
 *(.rela.data)
 *(.rela.data.*)
 *(.rela.gnu.linkonce.d*)

.rel.ctors
 *(.rel.ctors)

.rela.ctors
 *(.rela.ctors)

.rel.dtors
 *(.rel.dtors)

.rela.dtors
 *(.rela.dtors)

.rel.got
 *(.rel.got)

.rela.got
 *(.rela.got)

.rel.bss
 *(.rel.bss)

.rela.bss
 *(.rela.bss)

.rel.plt
 *(.rel.plt)

.rela.plt
 *(.rela.plt)

.text           0x00000000     0x12ac
 *(.vectors)
 .vectors       0x00000000       0x94 d:/work/_programming/uc_dev/winavr/bin/../lib/gcc/avr/4.3.3/../../../../avr/lib/avr51/crtcan128.o
                0x00000000                __vectors
                0x00000000                __vector_default
 *(.vectors)
 *(.progmem.gcc*)
 *(.progmem*)
                0x00000094                . = ALIGN (0x2)
                0x00000094                __trampolines_start = .
 *(.trampolines)
 .trampolines   0x00000094        0x0 linker stubs
 *(.trampolines*)
                0x00000094                __trampolines_end = .
 *(.jumptables)
 *(.jumptables*)
 *(.lowtext)
 *(.lowtext*)
                0x00000094                __ctors_start = .
 *(.ctors)
                0x00000094                __ctors_end = .
                0x00000094                __dtors_start = .
 *(.dtors)
                0x00000094                __dtors_end = .
 SORT(*)(.ctors)
 SORT(*)(.dtors)
 *(.init0)
 .init0         0x00000094        0x0 d:/work/_programming/uc_dev/winavr/bin/../lib/gcc/avr/4.3.3/../../../../avr/lib/avr51/crtcan128.o
                0x00000094                __init
 *(.init0)
 *(.init1)
 *(.init1)
 *(.init2)
 .init2         0x00000094        0xc d:/work/_programming/uc_dev/winavr/bin/../lib/gcc/avr/4.3.3/../../../../avr/lib/avr51/crtcan128.o
 *(.init2)
 *(.init3)
 *(.init3)
 *(.init4)
 .init4         0x000000a0       0x1a d:/work/_programming/uc_dev/winavr/bin/../lib/gcc/avr/4.3.3/../../../../avr/lib/avr51/crtcan128.o
                0x000000a0                __do_copy_data
 .init4         0x000000ba       0x10 d:/work/_programming/uc_dev/winavr/bin/../lib/gcc/avr/4.3.3/avr51\libgcc.a(_clear_bss.o)
                0x000000ba                __do_clear_bss
 *(.init4)
 *(.init5)
 *(.init5)
 *(.init6)
 *(.init6)
 *(.init7)
 *(.init7)
 *(.init8)
 *(.init8)
 *(.init9)
 .init9         0x000000ca        0x8 d:/work/_programming/uc_dev/winavr/bin/../lib/gcc/avr/4.3.3/../../../../avr/lib/avr51/crtcan128.o
 *(.init9)
 *(.text)
 .text          0x000000d2        0x4 d:/work/_programming/uc_dev/winavr/bin/../lib/gcc/avr/4.3.3/../../../../avr/lib/avr51/crtcan128.o
                0x000000d2                __vector_22
                0x000000d2                __vector_28
                0x000000d2                __vector_1
                0x000000d2                __vector_32
                0x000000d2                __vector_34
                0x000000d2                __vector_24
                0x000000d2                __vector_12
                0x000000d2                __bad_interrupt
                0x000000d2                __vector_6
                0x000000d2                __vector_31
                0x000000d2                __vector_35
                0x000000d2                __vector_3
                0x000000d2                __vector_23
                0x000000d2                __vector_30
                0x000000d2                __vector_11
                0x000000d2                __vector_13
                0x000000d2                __vector_19
                0x000000d2                __vector_7
                0x000000d2                __vector_27
                0x000000d2                __vector_5
                0x000000d2                __vector_33
                0x000000d2                __vector_4
                0x000000d2                __vector_9
                0x000000d2                __vector_2
                0x000000d2                __vector_21
                0x000000d2                __vector_15
                0x000000d2                __vector_36
                0x000000d2                __vector_29
                0x000000d2                __vector_8
                0x000000d2                __vector_26
                0x000000d2                __vector_14
                0x000000d2                __vector_10
                0x000000d2                __vector_16
                0x000000d2                __vector_18
                0x000000d2                __vector_20
 .text          0x000000d6     0x1128 main.o
                0x00000c0a                can_send_data
                0x00000930                can_get_mob_data
                0x00000836                can_set_mob_data
                0x000002f0                can_select_mob
                0x00000b3a                can_init
                0x00000a40                can_get_mob_interrupt
                0x00000310                can_set_id_mask
                0x00000dbe                __vector_25
                0x00000474                can_get_mob_id
                0x000003b0                can_set_id
                0x000001e8                can_set_interrupt
                0x00000cb2                __vector_17
                0x00000abc                can_clear_mob_interrupt
                0x00000efa                main
                0x000000d6                can_set_baudrate
                0x00000be4                can_disable_mob
                0x0000057c                can_set_mob_mode
                0x000011d8                TIMER0_ini
                0x00000b82                can_enable_mob
                0x00000720                can_get_mob_mode
                0x000009c6                can_set_mob_interrupt
 .text          0x000011fe        0x0 d:/work/_programming/uc_dev/winavr/bin/../lib/gcc/avr/4.3.3/avr51\libgcc.a(_mulsi3.o)
 .text          0x000011fe        0x0 d:/work/_programming/uc_dev/winavr/bin/../lib/gcc/avr/4.3.3/avr51\libgcc.a(_udivmodhi4.o)
 .text          0x000011fe        0x0 d:/work/_programming/uc_dev/winavr/bin/../lib/gcc/avr/4.3.3/avr51\libgcc.a(_udivmodsi4.o)
 .text          0x000011fe        0x0 d:/work/_programming/uc_dev/winavr/bin/../lib/gcc/avr/4.3.3/avr51\libgcc.a(_exit.o)
 .text          0x000011fe        0x0 d:/work/_programming/uc_dev/winavr/bin/../lib/gcc/avr/4.3.3/avr51\libgcc.a(_clear_bss.o)
                0x000011fe                . = ALIGN (0x2)
 *(.text.*)
 .text.libgcc   0x000011fe       0x3e d:/work/_programming/uc_dev/winavr/bin/../lib/gcc/avr/4.3.3/avr51\libgcc.a(_mulsi3.o)
                0x000011fe                __mulsi3
 .text.libgcc   0x0000123c       0x28 d:/work/_programming/uc_dev/winavr/bin/../lib/gcc/avr/4.3.3/avr51\libgcc.a(_udivmodhi4.o)
                0x0000123c                __udivmodhi4
 .text.libgcc   0x00001264       0x44 d:/work/_programming/uc_dev/winavr/bin/../lib/gcc/avr/4.3.3/avr51\libgcc.a(_udivmodsi4.o)
                0x00001264                __udivmodsi4
 .text.libgcc   0x000012a8        0x0 d:/work/_programming/uc_dev/winavr/bin/../lib/gcc/avr/4.3.3/avr51\libgcc.a(_exit.o)
 .text.libgcc   0x000012a8        0x0 d:/work/_programming/uc_dev/winavr/bin/../lib/gcc/avr/4.3.3/avr51\libgcc.a(_clear_bss.o)
                0x000012a8                . = ALIGN (0x2)
 *(.fini9)
 .fini9         0x000012a8        0x0 d:/work/_programming/uc_dev/winavr/bin/../lib/gcc/avr/4.3.3/avr51\libgcc.a(_exit.o)
                0x000012a8                exit
                0x000012a8                _exit
 *(.fini9)
 *(.fini8)
 *(.fini8)
 *(.fini7)
 *(.fini7)
 *(.fini6)
 *(.fini6)
 *(.fini5)
 *(.fini5)
 *(.fini4)
 *(.fini4)
 *(.fini3)
 *(.fini3)
 *(.fini2)
 *(.fini2)
 *(.fini1)
 *(.fini1)
 *(.fini0)
 .fini0         0x000012a8        0x4 d:/work/_programming/uc_dev/winavr/bin/../lib/gcc/avr/4.3.3/avr51\libgcc.a(_exit.o)
 *(.fini0)
                0x000012ac                _etext = .

.data           0x00800100        0xc load address 0x000012ac
                0x00800100                PROVIDE (__data_start, .)
 *(.data)
 .data          0x00800100        0x0 d:/work/_programming/uc_dev/winavr/bin/../lib/gcc/avr/4.3.3/../../../../avr/lib/avr51/crtcan128.o
 .data          0x00800100        0xc main.o
                0x00800100                val_ad_01_bcd
                0x00800106                val_ad_02_bcd
 .data          0x0080010c        0x0 d:/work/_programming/uc_dev/winavr/bin/../lib/gcc/avr/4.3.3/avr51\libgcc.a(_mulsi3.o)
 .data          0x0080010c        0x0 d:/work/_programming/uc_dev/winavr/bin/../lib/gcc/avr/4.3.3/avr51\libgcc.a(_udivmodhi4.o)
 .data          0x0080010c        0x0 d:/work/_programming/uc_dev/winavr/bin/../lib/gcc/avr/4.3.3/avr51\libgcc.a(_udivmodsi4.o)
 .data          0x0080010c        0x0 d:/work/_programming/uc_dev/winavr/bin/../lib/gcc/avr/4.3.3/avr51\libgcc.a(_exit.o)
 .data          0x0080010c        0x0 d:/work/_programming/uc_dev/winavr/bin/../lib/gcc/avr/4.3.3/avr51\libgcc.a(_clear_bss.o)
 *(.data*)
 *(.rodata)
 *(.rodata*)
 *(.gnu.linkonce.d*)
                0x0080010c                . = ALIGN (0x2)
                0x0080010c                _edata = .
                0x0080010c                PROVIDE (__data_end, .)

.bss            0x0080010c       0x3f
                0x0080010c                PROVIDE (__bss_start, .)
 *(.bss)
 .bss           0x0080010c        0x0 d:/work/_programming/uc_dev/winavr/bin/../lib/gcc/avr/4.3.3/../../../../avr/lib/avr51/crtcan128.o
 .bss           0x0080010c        0xc main.o
                0x0080010c                ad_channel_select
                0x00800117                send_data_position
                0x00800116                send_data
                0x00800111                val_ad_02
                0x00800115                timer0_cnt
                0x0080010d                val_ad_01
 .bss           0x00800118        0x0 d:/work/_programming/uc_dev/winavr/bin/../lib/gcc/avr/4.3.3/avr51\libgcc.a(_mulsi3.o)
 .bss           0x00800118        0x0 d:/work/_programming/uc_dev/winavr/bin/../lib/gcc/avr/4.3.3/avr51\libgcc.a(_udivmodhi4.o)
 .bss           0x00800118        0x0 d:/work/_programming/uc_dev/winavr/bin/../lib/gcc/avr/4.3.3/avr51\libgcc.a(_udivmodsi4.o)
 .bss           0x00800118        0x0 d:/work/_programming/uc_dev/winavr/bin/../lib/gcc/avr/4.3.3/avr51\libgcc.a(_exit.o)
 .bss           0x00800118        0x0 d:/work/_programming/uc_dev/winavr/bin/../lib/gcc/avr/4.3.3/avr51\libgcc.a(_clear_bss.o)
 *(.bss*)
 *(COMMON)
 COMMON         0x00800118       0x33 main.o
                0x00800118                msg_2
                0x00800129                msg
                0x0080013a                msg_rec
                0x0080014b                PROVIDE (__bss_end, .)
                0x000012ac                __data_load_start = LOADADDR (.data)
                0x000012b8                __data_load_end = (__data_load_start + SIZEOF (.data))

.noinit         0x0080014b        0x0
                0x0080014b                PROVIDE (__noinit_start, .)
 *(.noinit*)
                0x0080014b                PROVIDE (__noinit_end, .)
                0x0080014b                _end = .
                0x0080014b                PROVIDE (__heap_start, .)

.eeprom         0x00810000        0x0
 *(.eeprom*)
                0x00810000                __eeprom_end = .

.fuse
 *(.fuse)
 *(.lfuse)
 *(.hfuse)
 *(.efuse)

.lock
 *(.lock*)

.signature
 *(.signature*)

.stab           0x00000000     0x129c
 *(.stab)
 .stab          0x00000000     0x129c main.o

.stabstr        0x00000000      0xbbf
 *(.stabstr)
 .stabstr       0x00000000      0xbbf main.o

.stab.excl
 *(.stab.excl)

.stab.exclstr
 *(.stab.exclstr)

.stab.index
 *(.stab.index)

.stab.indexstr
 *(.stab.indexstr)

.comment
 *(.comment)

.debug
 *(.debug)

.line
 *(.line)

.debug_srcinfo
 *(.debug_srcinfo)

.debug_sfnames
 *(.debug_sfnames)

.debug_aranges
 *(.debug_aranges)

.debug_pubnames
 *(.debug_pubnames)

.debug_info
 *(.debug_info)
 *(.gnu.linkonce.wi.*)

.debug_abbrev
 *(.debug_abbrev)

.debug_line
 *(.debug_line)

.debug_frame
 *(.debug_frame)

.debug_str
 *(.debug_str)

.debug_loc
 *(.debug_loc)

.debug_macinfo
 *(.debug_macinfo)
OUTPUT(main.elf elf32-avr)
LOAD linker stubs

Cross Reference Table

Symbol                                            File
TIMER0_ini                                        main.o
__bad_interrupt                                   d:/work/_programming/uc_dev/winavr/bin/../lib/gcc/avr/4.3.3/../../../../avr/lib/avr51/crtcan128.o
__bss_end                                         d:/work/_programming/uc_dev/winavr/bin/../lib/gcc/avr/4.3.3/avr51\libgcc.a(_clear_bss.o)
__bss_start                                       d:/work/_programming/uc_dev/winavr/bin/../lib/gcc/avr/4.3.3/avr51\libgcc.a(_clear_bss.o)
__data_end                                        d:/work/_programming/uc_dev/winavr/bin/../lib/gcc/avr/4.3.3/../../../../avr/lib/avr51/crtcan128.o
__data_load_start                                 d:/work/_programming/uc_dev/winavr/bin/../lib/gcc/avr/4.3.3/../../../../avr/lib/avr51/crtcan128.o
__data_start                                      d:/work/_programming/uc_dev/winavr/bin/../lib/gcc/avr/4.3.3/../../../../avr/lib/avr51/crtcan128.o
__do_clear_bss                                    d:/work/_programming/uc_dev/winavr/bin/../lib/gcc/avr/4.3.3/avr51\libgcc.a(_clear_bss.o)
                                                  main.o
__do_copy_data                                    d:/work/_programming/uc_dev/winavr/bin/../lib/gcc/avr/4.3.3/../../../../avr/lib/avr51/crtcan128.o
                                                  main.o
__heap_end                                        d:/work/_programming/uc_dev/winavr/bin/../lib/gcc/avr/4.3.3/../../../../avr/lib/avr51/crtcan128.o
__init                                            d:/work/_programming/uc_dev/winavr/bin/../lib/gcc/avr/4.3.3/../../../../avr/lib/avr51/crtcan128.o
__mulsi3                                          d:/work/_programming/uc_dev/winavr/bin/../lib/gcc/avr/4.3.3/avr51\libgcc.a(_mulsi3.o)
                                                  main.o
__stack                                           d:/work/_programming/uc_dev/winavr/bin/../lib/gcc/avr/4.3.3/../../../../avr/lib/avr51/crtcan128.o
__udivmodhi4                                      d:/work/_programming/uc_dev/winavr/bin/../lib/gcc/avr/4.3.3/avr51\libgcc.a(_udivmodhi4.o)
                                                  main.o
__udivmodsi4                                      d:/work/_programming/uc_dev/winavr/bin/../lib/gcc/avr/4.3.3/avr51\libgcc.a(_udivmodsi4.o)
                                                  main.o
__vector_1                                        d:/work/_programming/uc_dev/winavr/bin/../lib/gcc/avr/4.3.3/../../../../avr/lib/avr51/crtcan128.o
__vector_10                                       d:/work/_programming/uc_dev/winavr/bin/../lib/gcc/avr/4.3.3/../../../../avr/lib/avr51/crtcan128.o
__vector_11                                       d:/work/_programming/uc_dev/winavr/bin/../lib/gcc/avr/4.3.3/../../../../avr/lib/avr51/crtcan128.o
__vector_12                                       d:/work/_programming/uc_dev/winavr/bin/../lib/gcc/avr/4.3.3/../../../../avr/lib/avr51/crtcan128.o
__vector_13                                       d:/work/_programming/uc_dev/winavr/bin/../lib/gcc/avr/4.3.3/../../../../avr/lib/avr51/crtcan128.o
__vector_14                                       d:/work/_programming/uc_dev/winavr/bin/../lib/gcc/avr/4.3.3/../../../../avr/lib/avr51/crtcan128.o
__vector_15                                       d:/work/_programming/uc_dev/winavr/bin/../lib/gcc/avr/4.3.3/../../../../avr/lib/avr51/crtcan128.o
__vector_16                                       d:/work/_programming/uc_dev/winavr/bin/../lib/gcc/avr/4.3.3/../../../../avr/lib/avr51/crtcan128.o
__vector_17                                       main.o
                                                  d:/work/_programming/uc_dev/winavr/bin/../lib/gcc/avr/4.3.3/../../../../avr/lib/avr51/crtcan128.o
__vector_18                                       d:/work/_programming/uc_dev/winavr/bin/../lib/gcc/avr/4.3.3/../../../../avr/lib/avr51/crtcan128.o
__vector_19                                       d:/work/_programming/uc_dev/winavr/bin/../lib/gcc/avr/4.3.3/../../../../avr/lib/avr51/crtcan128.o
__vector_2                                        d:/work/_programming/uc_dev/winavr/bin/../lib/gcc/avr/4.3.3/../../../../avr/lib/avr51/crtcan128.o
__vector_20                                       d:/work/_programming/uc_dev/winavr/bin/../lib/gcc/avr/4.3.3/../../../../avr/lib/avr51/crtcan128.o
__vector_21                                       d:/work/_programming/uc_dev/winavr/bin/../lib/gcc/avr/4.3.3/../../../../avr/lib/avr51/crtcan128.o
__vector_22                                       d:/work/_programming/uc_dev/winavr/bin/../lib/gcc/avr/4.3.3/../../../../avr/lib/avr51/crtcan128.o
__vector_23                                       d:/work/_programming/uc_dev/winavr/bin/../lib/gcc/avr/4.3.3/../../../../avr/lib/avr51/crtcan128.o
__vector_24                                       d:/work/_programming/uc_dev/winavr/bin/../lib/gcc/avr/4.3.3/../../../../avr/lib/avr51/crtcan128.o
__vector_25                                       main.o
                                                  d:/work/_programming/uc_dev/winavr/bin/../lib/gcc/avr/4.3.3/../../../../avr/lib/avr51/crtcan128.o
__vector_26                                       d:/work/_programming/uc_dev/winavr/bin/../lib/gcc/avr/4.3.3/../../../../avr/lib/avr51/crtcan128.o
__vector_27                                       d:/work/_programming/uc_dev/winavr/bin/../lib/gcc/avr/4.3.3/../../../../avr/lib/avr51/crtcan128.o
__vector_28                                       d:/work/_programming/uc_dev/winavr/bin/../lib/gcc/avr/4.3.3/../../../../avr/lib/avr51/crtcan128.o
__vector_29                                       d:/work/_programming/uc_dev/winavr/bin/../lib/gcc/avr/4.3.3/../../../../avr/lib/avr51/crtcan128.o
__vector_3                                        d:/work/_programming/uc_dev/winavr/bin/../lib/gcc/avr/4.3.3/../../../../avr/lib/avr51/crtcan128.o
__vector_30                                       d:/work/_programming/uc_dev/winavr/bin/../lib/gcc/avr/4.3.3/../../../../avr/lib/avr51/crtcan128.o
__vector_31                                       d:/work/_programming/uc_dev/winavr/bin/../lib/gcc/avr/4.3.3/../../../../avr/lib/avr51/crtcan128.o
__vector_32                                       d:/work/_programming/uc_dev/winavr/bin/../lib/gcc/avr/4.3.3/../../../../avr/lib/avr51/crtcan128.o
__vector_33                                       d:/work/_programming/uc_dev/winavr/bin/../lib/gcc/avr/4.3.3/../../../../avr/lib/avr51/crtcan128.o
__vector_34                                       d:/work/_programming/uc_dev/winavr/bin/../lib/gcc/avr/4.3.3/../../../../avr/lib/avr51/crtcan128.o
__vector_35                                       d:/work/_programming/uc_dev/winavr/bin/../lib/gcc/avr/4.3.3/../../../../avr/lib/avr51/crtcan128.o
__vector_36                                       d:/work/_programming/uc_dev/winavr/bin/../lib/gcc/avr/4.3.3/../../../../avr/lib/avr51/crtcan128.o
__vector_4                                        d:/work/_programming/uc_dev/winavr/bin/../lib/gcc/avr/4.3.3/../../../../avr/lib/avr51/crtcan128.o
__vector_5                                        d:/work/_programming/uc_dev/winavr/bin/../lib/gcc/avr/4.3.3/../../../../avr/lib/avr51/crtcan128.o
__vector_6                                        d:/work/_programming/uc_dev/winavr/bin/../lib/gcc/avr/4.3.3/../../../../avr/lib/avr51/crtcan128.o
__vector_7                                        d:/work/_programming/uc_dev/winavr/bin/../lib/gcc/avr/4.3.3/../../../../avr/lib/avr51/crtcan128.o
__vector_8                                        d:/work/_programming/uc_dev/winavr/bin/../lib/gcc/avr/4.3.3/../../../../avr/lib/avr51/crtcan128.o
__vector_9                                        d:/work/_programming/uc_dev/winavr/bin/../lib/gcc/avr/4.3.3/../../../../avr/lib/avr51/crtcan128.o
__vector_default                                  d:/work/_programming/uc_dev/winavr/bin/../lib/gcc/avr/4.3.3/../../../../avr/lib/avr51/crtcan128.o
__vectors                                         d:/work/_programming/uc_dev/winavr/bin/../lib/gcc/avr/4.3.3/../../../../avr/lib/avr51/crtcan128.o
_exit                                             d:/work/_programming/uc_dev/winavr/bin/../lib/gcc/avr/4.3.3/avr51\libgcc.a(_exit.o)
ad_channel_select                                 main.o
can_clear_mob_interrupt                           main.o
can_disable_mob                                   main.o
can_enable_mob                                    main.o
can_get_mob_data                                  main.o
can_get_mob_id                                    main.o
can_get_mob_interrupt                             main.o
can_get_mob_mode                                  main.o
can_init                                          main.o
can_select_mob                                    main.o
can_send_data                                     main.o
can_set_baudrate                                  main.o
can_set_id                                        main.o
can_set_id_mask                                   main.o
can_set_interrupt                                 main.o
can_set_mob_data                                  main.o
can_set_mob_interrupt                             main.o
can_set_mob_mode                                  main.o
exit                                              d:/work/_programming/uc_dev/winavr/bin/../lib/gcc/avr/4.3.3/avr51\libgcc.a(_exit.o)
                                                  d:/work/_programming/uc_dev/winavr/bin/../lib/gcc/avr/4.3.3/../../../../avr/lib/avr51/crtcan128.o
main                                              main.o
                                                  d:/work/_programming/uc_dev/winavr/bin/../lib/gcc/avr/4.3.3/../../../../avr/lib/avr51/crtcan128.o
msg                                               main.o
msg_2                                             main.o
msg_rec                                           main.o
send_data                                         main.o
send_data_position                                main.o
timer0_cnt                                        main.o
val_ad_01                                         main.o
val_ad_01_bcd                                     main.o
val_ad_02                                         main.o
val_ad_02_bcd                                     main.o
