Archive member included because of file (symbol)

c:/work/programming/avr/winavr/winavr/bin/../lib/gcc/avr/4.3.2/avr25\libgcc.a(_mulsi3.o)
                              main.o (__mulsi3)
c:/work/programming/avr/winavr/winavr/bin/../lib/gcc/avr/4.3.2/avr25\libgcc.a(_udivmodsi4.o)
                              main.o (__udivmodsi4)
c:/work/programming/avr/winavr/winavr/bin/../lib/gcc/avr/4.3.2/avr25\libgcc.a(_divmodsi4.o)
                              main.o (__divmodsi4)
c:/work/programming/avr/winavr/winavr/bin/../lib/gcc/avr/4.3.2/avr25\libgcc.a(_exit.o)
                              c:/work/programming/avr/winavr/winavr/bin/../lib/gcc/avr/4.3.2/../../../../avr/lib/avr25/crttn2313.o (exit)
c:/work/programming/avr/winavr/winavr/bin/../lib/gcc/avr/4.3.2/avr25\libgcc.a(_copy_data.o)
                              main.o (__do_copy_data)
c:/work/programming/avr/winavr/winavr/bin/../lib/gcc/avr/4.3.2/avr25\libgcc.a(_clear_bss.o)
                              main.o (__do_clear_bss)

Memory Configuration

Name             Origin             Length             Attributes
text             0x00000000         0x00002000         xr
data             0x00800060         0x0000ffa0         rw !x
eeprom           0x00810000         0x00010000         rw !x
fuse             0x00820000         0x00000400         rw !x
lock             0x00830000         0x00000400         rw !x
signature        0x00840000         0x00000400         rw !x
*default*        0x00000000         0xffffffff

Linker script and memory map

LOAD c:/work/programming/avr/winavr/winavr/bin/../lib/gcc/avr/4.3.2/../../../../avr/lib/avr25/crttn2313.o
LOAD main.o
LOAD c:/work/programming/avr/winavr/winavr/bin/../lib/gcc/avr/4.3.2/../../../../avr/lib/avr25\libm.a
LOAD c:/work/programming/avr/winavr/winavr/bin/../lib/gcc/avr/4.3.2/avr25\libgcc.a
LOAD c:/work/programming/avr/winavr/winavr/bin/../lib/gcc/avr/4.3.2/../../../../avr/lib/avr25\libc.a
LOAD c:/work/programming/avr/winavr/winavr/bin/../lib/gcc/avr/4.3.2/avr25\libgcc.a

.hash
 *(.hash)

.dynsym
 *(.dynsym)

.dynstr
 *(.dynstr)

.gnu.version
 *(.gnu.version)

.gnu.version_d
 *(.gnu.version_d)

.gnu.version_r
 *(.gnu.version_r)

.rel.init
 *(.rel.init)

.rela.init
 *(.rela.init)

.rel.text
 *(.rel.text)
 *(.rel.text.*)
 *(.rel.gnu.linkonce.t*)

.rela.text
 *(.rela.text)
 *(.rela.text.*)
 *(.rela.gnu.linkonce.t*)

.rel.fini
 *(.rel.fini)

.rela.fini
 *(.rela.fini)

.rel.rodata
 *(.rel.rodata)
 *(.rel.rodata.*)
 *(.rel.gnu.linkonce.r*)

.rela.rodata
 *(.rela.rodata)
 *(.rela.rodata.*)
 *(.rela.gnu.linkonce.r*)

.rel.data
 *(.rel.data)
 *(.rel.data.*)
 *(.rel.gnu.linkonce.d*)

.rela.data
 *(.rela.data)
 *(.rela.data.*)
 *(.rela.gnu.linkonce.d*)

.rel.ctors
 *(.rel.ctors)

.rela.ctors
 *(.rela.ctors)

.rel.dtors
 *(.rel.dtors)

.rela.dtors
 *(.rela.dtors)

.rel.got
 *(.rel.got)

.rela.got
 *(.rela.got)

.rel.bss
 *(.rel.bss)

.rela.bss
 *(.rela.bss)

.rel.plt
 *(.rel.plt)

.rela.plt
 *(.rela.plt)

.text           0x00000000      0x73a
 *(.vectors)
 .vectors       0x00000000       0x26 c:/work/programming/avr/winavr/winavr/bin/../lib/gcc/avr/4.3.2/../../../../avr/lib/avr25/crttn2313.o
                0x00000000                __vectors
                0x00000000                __vector_default
 *(.vectors)
 *(.progmem.gcc*)
 *(.progmem*)
                0x00000026                . = ALIGN (0x2)
                0x00000026                __trampolines_start = .
 *(.trampolines)
 .trampolines   0x00000026        0x0 linker stubs
 *(.trampolines*)
                0x00000026                __trampolines_end = .
 *(.jumptables)
 *(.jumptables*)
 *(.lowtext)
 *(.lowtext*)
                0x00000026                __ctors_start = .
 *(.ctors)
                0x00000026                __ctors_end = .
                0x00000026                __dtors_start = .
 *(.dtors)
                0x00000026                __dtors_end = .
 SORT(*)(.ctors)
 SORT(*)(.dtors)
 *(.init0)
 .init0         0x00000026        0x0 c:/work/programming/avr/winavr/winavr/bin/../lib/gcc/avr/4.3.2/../../../../avr/lib/avr25/crttn2313.o
                0x00000026                __init
 *(.init0)
 *(.init1)
 *(.init1)
 *(.init2)
 .init2         0x00000026        0x8 c:/work/programming/avr/winavr/winavr/bin/../lib/gcc/avr/4.3.2/../../../../avr/lib/avr25/crttn2313.o
 *(.init2)
 *(.init3)
 *(.init3)
 *(.init4)
 .init4         0x0000002e       0x16 c:/work/programming/avr/winavr/winavr/bin/../lib/gcc/avr/4.3.2/avr25\libgcc.a(_copy_data.o)
                0x0000002e                __do_copy_data
 .init4         0x00000044       0x10 c:/work/programming/avr/winavr/winavr/bin/../lib/gcc/avr/4.3.2/avr25\libgcc.a(_clear_bss.o)
                0x00000044                __do_clear_bss
 *(.init4)
 *(.init5)
 *(.init5)
 *(.init6)
 *(.init6)
 *(.init7)
 *(.init7)
 *(.init8)
 *(.init8)
 *(.init9)
 .init9         0x00000054        0x4 c:/work/programming/avr/winavr/winavr/bin/../lib/gcc/avr/4.3.2/../../../../avr/lib/avr25/crttn2313.o
 *(.init9)
 *(.text)
 .text          0x00000058        0x2 c:/work/programming/avr/winavr/winavr/bin/../lib/gcc/avr/4.3.2/../../../../avr/lib/avr25/crttn2313.o
                0x00000058                __vector_12
                0x00000058                __bad_interrupt
                0x00000058                __vector_3
                0x00000058                __vector_11
                0x00000058                __vector_13
                0x00000058                __vector_17
                0x00000058                __vector_7
                0x00000058                __vector_5
                0x00000058                __vector_4
                0x00000058                __vector_9
                0x00000058                __vector_2
                0x00000058                __vector_15
                0x00000058                __vector_8
                0x00000058                __vector_14
                0x00000058                __vector_10
                0x00000058                __vector_16
                0x00000058                __vector_18
 .text          0x0000005a      0x630 main.o
                0x00000092                __vector_1
                0x00000154                __vector_6
                0x00000496                rf12_trans
                0x000004c2                rf12_setbandwidth
                0x0000006a                vINT0_ini
                0x000004ca                rf12_setfreq
                0x00000078                vPORTS_ini
                0x0000051e                rf12_setpower
                0x00000634                main
                0x0000053c                rf12_init
                0x00000598                rf12_ready
                0x0000005a                vTIMER0_ini
                0x000004d0                rf12_setbaud
                0x000005c4                rf12_rxdata
 .text          0x0000068a        0x0 c:/work/programming/avr/winavr/winavr/bin/../lib/gcc/avr/4.3.2/avr25\libgcc.a(_mulsi3.o)
 .text          0x0000068a        0x0 c:/work/programming/avr/winavr/winavr/bin/../lib/gcc/avr/4.3.2/avr25\libgcc.a(_udivmodsi4.o)
 .text          0x0000068a        0x0 c:/work/programming/avr/winavr/winavr/bin/../lib/gcc/avr/4.3.2/avr25\libgcc.a(_divmodsi4.o)
 .text          0x0000068a        0x0 c:/work/programming/avr/winavr/winavr/bin/../lib/gcc/avr/4.3.2/avr25\libgcc.a(_exit.o)
 .text          0x0000068a        0x0 c:/work/programming/avr/winavr/winavr/bin/../lib/gcc/avr/4.3.2/avr25\libgcc.a(_copy_data.o)
 .text          0x0000068a        0x0 c:/work/programming/avr/winavr/winavr/bin/../lib/gcc/avr/4.3.2/avr25\libgcc.a(_clear_bss.o)
                0x0000068a                . = ALIGN (0x2)
 *(.text.*)
 .text.libgcc   0x0000068a       0x32 c:/work/programming/avr/winavr/winavr/bin/../lib/gcc/avr/4.3.2/avr25\libgcc.a(_mulsi3.o)
                0x0000068a                __mulsi3
 .text.libgcc   0x000006bc       0x44 c:/work/programming/avr/winavr/winavr/bin/../lib/gcc/avr/4.3.2/avr25\libgcc.a(_udivmodsi4.o)
                0x000006bc                __udivmodsi4
 .text.libgcc   0x00000700       0x36 c:/work/programming/avr/winavr/winavr/bin/../lib/gcc/avr/4.3.2/avr25\libgcc.a(_divmodsi4.o)
                0x00000700                __divmodsi4
 .text.libgcc   0x00000736        0x0 c:/work/programming/avr/winavr/winavr/bin/../lib/gcc/avr/4.3.2/avr25\libgcc.a(_exit.o)
 .text.libgcc   0x00000736        0x0 c:/work/programming/avr/winavr/winavr/bin/../lib/gcc/avr/4.3.2/avr25\libgcc.a(_copy_data.o)
 .text.libgcc   0x00000736        0x0 c:/work/programming/avr/winavr/winavr/bin/../lib/gcc/avr/4.3.2/avr25\libgcc.a(_clear_bss.o)
                0x00000736                . = ALIGN (0x2)
 *(.fini9)
 .fini9         0x00000736        0x0 c:/work/programming/avr/winavr/winavr/bin/../lib/gcc/avr/4.3.2/avr25\libgcc.a(_exit.o)
                0x00000736                exit
                0x00000736                _exit
 *(.fini9)
 *(.fini8)
 *(.fini8)
 *(.fini7)
 *(.fini7)
 *(.fini6)
 *(.fini6)
 *(.fini5)
 *(.fini5)
 *(.fini4)
 *(.fini4)
 *(.fini3)
 *(.fini3)
 *(.fini2)
 *(.fini2)
 *(.fini1)
 *(.fini1)
 *(.fini0)
 .fini0         0x00000736        0x4 c:/work/programming/avr/winavr/winavr/bin/../lib/gcc/avr/4.3.2/avr25\libgcc.a(_exit.o)
 *(.fini0)
                0x0000073a                _etext = .

.data           0x00800060        0x6 load address 0x0000073a
                0x00800060                PROVIDE (__data_start, .)
 *(.data)
 .data          0x00800060        0x0 c:/work/programming/avr/winavr/winavr/bin/../lib/gcc/avr/4.3.2/../../../../avr/lib/avr25/crttn2313.o
 .data          0x00800060        0x5 main.o
                0x00800060                segment_times
                0x00800064                switche_on
 .data          0x00800065        0x0 c:/work/programming/avr/winavr/winavr/bin/../lib/gcc/avr/4.3.2/avr25\libgcc.a(_mulsi3.o)
 .data          0x00800065        0x0 c:/work/programming/avr/winavr/winavr/bin/../lib/gcc/avr/4.3.2/avr25\libgcc.a(_udivmodsi4.o)
 .data          0x00800065        0x0 c:/work/programming/avr/winavr/winavr/bin/../lib/gcc/avr/4.3.2/avr25\libgcc.a(_divmodsi4.o)
 .data          0x00800065        0x0 c:/work/programming/avr/winavr/winavr/bin/../lib/gcc/avr/4.3.2/avr25\libgcc.a(_exit.o)
 .data          0x00800065        0x0 c:/work/programming/avr/winavr/winavr/bin/../lib/gcc/avr/4.3.2/avr25\libgcc.a(_copy_data.o)
 .data          0x00800065        0x0 c:/work/programming/avr/winavr/winavr/bin/../lib/gcc/avr/4.3.2/avr25\libgcc.a(_clear_bss.o)
 *(.data*)
 *(.rodata)
 *(.rodata*)
 *(.gnu.linkonce.d*)
                0x00800066                . = ALIGN (0x2)
 *fill*         0x00800065        0x1 00
                0x00800066                _edata = .
                0x00800066                PROVIDE (__data_end, .)

.bss            0x00800066        0x4
                0x00800066                PROVIDE (__bss_start, .)
 *(.bss)
 .bss           0x00800066        0x0 c:/work/programming/avr/winavr/winavr/bin/../lib/gcc/avr/4.3.2/../../../../avr/lib/avr25/crttn2313.o
 .bss           0x00800066        0x4 main.o
                0x00800066                ovrflw_cnt
 .bss           0x0080006a        0x0 c:/work/programming/avr/winavr/winavr/bin/../lib/gcc/avr/4.3.2/avr25\libgcc.a(_mulsi3.o)
 .bss           0x0080006a        0x0 c:/work/programming/avr/winavr/winavr/bin/../lib/gcc/avr/4.3.2/avr25\libgcc.a(_udivmodsi4.o)
 .bss           0x0080006a        0x0 c:/work/programming/avr/winavr/winavr/bin/../lib/gcc/avr/4.3.2/avr25\libgcc.a(_divmodsi4.o)
 .bss           0x0080006a        0x0 c:/work/programming/avr/winavr/winavr/bin/../lib/gcc/avr/4.3.2/avr25\libgcc.a(_exit.o)
 .bss           0x0080006a        0x0 c:/work/programming/avr/winavr/winavr/bin/../lib/gcc/avr/4.3.2/avr25\libgcc.a(_copy_data.o)
 .bss           0x0080006a        0x0 c:/work/programming/avr/winavr/winavr/bin/../lib/gcc/avr/4.3.2/avr25\libgcc.a(_clear_bss.o)
 *(.bss*)
 *(COMMON)
                0x0080006a                PROVIDE (__bss_end, .)
                0x0000073a                __data_load_start = LOADADDR (.data)
                0x00000740                __data_load_end = (__data_load_start + SIZEOF (.data))

.noinit         0x0080006a        0x0
                0x0080006a                PROVIDE (__noinit_start, .)
 *(.noinit*)
                0x0080006a                PROVIDE (__noinit_end, .)
                0x0080006a                _end = .
                0x0080006a                PROVIDE (__heap_start, .)

.eeprom         0x00810000        0x0
 *(.eeprom*)
                0x00810000                __eeprom_end = .

.fuse
 *(.fuse)
 *(.lfuse)
 *(.hfuse)
 *(.efuse)

.lock
 *(.lock*)

.signature
 *(.signature*)

.stab           0x00000000      0xca8
 *(.stab)
 .stab          0x00000000      0xca8 main.o

.stabstr        0x00000000      0x95f
 *(.stabstr)
 .stabstr       0x00000000      0x95f main.o

.stab.excl
 *(.stab.excl)

.stab.exclstr
 *(.stab.exclstr)

.stab.index
 *(.stab.index)

.stab.indexstr
 *(.stab.indexstr)

.comment
 *(.comment)

.debug
 *(.debug)

.line
 *(.line)

.debug_srcinfo
 *(.debug_srcinfo)

.debug_sfnames
 *(.debug_sfnames)

.debug_aranges
 *(.debug_aranges)

.debug_pubnames
 *(.debug_pubnames)

.debug_info
 *(.debug_info)
 *(.gnu.linkonce.wi.*)

.debug_abbrev
 *(.debug_abbrev)

.debug_line
 *(.debug_line)

.debug_frame
 *(.debug_frame)

.debug_str
 *(.debug_str)

.debug_loc
 *(.debug_loc)

.debug_macinfo
 *(.debug_macinfo)
OUTPUT(main.elf elf32-avr)
LOAD linker stubs

Cross Reference Table

Symbol                                            File
__bad_interrupt                                   c:/work/programming/avr/winavr/winavr/bin/../lib/gcc/avr/4.3.2/../../../../avr/lib/avr25/crttn2313.o
__bss_end                                         c:/work/programming/avr/winavr/winavr/bin/../lib/gcc/avr/4.3.2/avr25\libgcc.a(_clear_bss.o)
__bss_start                                       c:/work/programming/avr/winavr/winavr/bin/../lib/gcc/avr/4.3.2/avr25\libgcc.a(_clear_bss.o)
__data_end                                        c:/work/programming/avr/winavr/winavr/bin/../lib/gcc/avr/4.3.2/avr25\libgcc.a(_copy_data.o)
__data_load_start                                 c:/work/programming/avr/winavr/winavr/bin/../lib/gcc/avr/4.3.2/avr25\libgcc.a(_copy_data.o)
__data_start                                      c:/work/programming/avr/winavr/winavr/bin/../lib/gcc/avr/4.3.2/avr25\libgcc.a(_copy_data.o)
__divmodsi4                                       c:/work/programming/avr/winavr/winavr/bin/../lib/gcc/avr/4.3.2/avr25\libgcc.a(_divmodsi4.o)
                                                  main.o
__do_clear_bss                                    c:/work/programming/avr/winavr/winavr/bin/../lib/gcc/avr/4.3.2/avr25\libgcc.a(_clear_bss.o)
                                                  main.o
__do_copy_data                                    c:/work/programming/avr/winavr/winavr/bin/../lib/gcc/avr/4.3.2/avr25\libgcc.a(_copy_data.o)
                                                  main.o
__heap_end                                        c:/work/programming/avr/winavr/winavr/bin/../lib/gcc/avr/4.3.2/../../../../avr/lib/avr25/crttn2313.o
__init                                            c:/work/programming/avr/winavr/winavr/bin/../lib/gcc/avr/4.3.2/../../../../avr/lib/avr25/crttn2313.o
__mulsi3                                          c:/work/programming/avr/winavr/winavr/bin/../lib/gcc/avr/4.3.2/avr25\libgcc.a(_mulsi3.o)
                                                  main.o
__stack                                           c:/work/programming/avr/winavr/winavr/bin/../lib/gcc/avr/4.3.2/../../../../avr/lib/avr25/crttn2313.o
__udivmodsi4                                      c:/work/programming/avr/winavr/winavr/bin/../lib/gcc/avr/4.3.2/avr25\libgcc.a(_udivmodsi4.o)
                                                  c:/work/programming/avr/winavr/winavr/bin/../lib/gcc/avr/4.3.2/avr25\libgcc.a(_divmodsi4.o)
                                                  main.o
__vector_1                                        main.o
                                                  c:/work/programming/avr/winavr/winavr/bin/../lib/gcc/avr/4.3.2/../../../../avr/lib/avr25/crttn2313.o
__vector_10                                       c:/work/programming/avr/winavr/winavr/bin/../lib/gcc/avr/4.3.2/../../../../avr/lib/avr25/crttn2313.o
__vector_11                                       c:/work/programming/avr/winavr/winavr/bin/../lib/gcc/avr/4.3.2/../../../../avr/lib/avr25/crttn2313.o
__vector_12                                       c:/work/programming/avr/winavr/winavr/bin/../lib/gcc/avr/4.3.2/../../../../avr/lib/avr25/crttn2313.o
__vector_13                                       c:/work/programming/avr/winavr/winavr/bin/../lib/gcc/avr/4.3.2/../../../../avr/lib/avr25/crttn2313.o
__vector_14                                       c:/work/programming/avr/winavr/winavr/bin/../lib/gcc/avr/4.3.2/../../../../avr/lib/avr25/crttn2313.o
__vector_15                                       c:/work/programming/avr/winavr/winavr/bin/../lib/gcc/avr/4.3.2/../../../../avr/lib/avr25/crttn2313.o
__vector_16                                       c:/work/programming/avr/winavr/winavr/bin/../lib/gcc/avr/4.3.2/../../../../avr/lib/avr25/crttn2313.o
__vector_17                                       c:/work/programming/avr/winavr/winavr/bin/../lib/gcc/avr/4.3.2/../../../../avr/lib/avr25/crttn2313.o
__vector_18                                       c:/work/programming/avr/winavr/winavr/bin/../lib/gcc/avr/4.3.2/../../../../avr/lib/avr25/crttn2313.o
__vector_2                                        c:/work/programming/avr/winavr/winavr/bin/../lib/gcc/avr/4.3.2/../../../../avr/lib/avr25/crttn2313.o
__vector_3                                        c:/work/programming/avr/winavr/winavr/bin/../lib/gcc/avr/4.3.2/../../../../avr/lib/avr25/crttn2313.o
__vector_4                                        c:/work/programming/avr/winavr/winavr/bin/../lib/gcc/avr/4.3.2/../../../../avr/lib/avr25/crttn2313.o
__vector_5                                        c:/work/programming/avr/winavr/winavr/bin/../lib/gcc/avr/4.3.2/../../../../avr/lib/avr25/crttn2313.o
__vector_6                                        main.o
                                                  c:/work/programming/avr/winavr/winavr/bin/../lib/gcc/avr/4.3.2/../../../../avr/lib/avr25/crttn2313.o
__vector_7                                        c:/work/programming/avr/winavr/winavr/bin/../lib/gcc/avr/4.3.2/../../../../avr/lib/avr25/crttn2313.o
__vector_8                                        c:/work/programming/avr/winavr/winavr/bin/../lib/gcc/avr/4.3.2/../../../../avr/lib/avr25/crttn2313.o
__vector_9                                        c:/work/programming/avr/winavr/winavr/bin/../lib/gcc/avr/4.3.2/../../../../avr/lib/avr25/crttn2313.o
__vector_default                                  c:/work/programming/avr/winavr/winavr/bin/../lib/gcc/avr/4.3.2/../../../../avr/lib/avr25/crttn2313.o
__vectors                                         c:/work/programming/avr/winavr/winavr/bin/../lib/gcc/avr/4.3.2/../../../../avr/lib/avr25/crttn2313.o
_exit                                             c:/work/programming/avr/winavr/winavr/bin/../lib/gcc/avr/4.3.2/avr25\libgcc.a(_exit.o)
exit                                              c:/work/programming/avr/winavr/winavr/bin/../lib/gcc/avr/4.3.2/avr25\libgcc.a(_exit.o)
                                                  c:/work/programming/avr/winavr/winavr/bin/../lib/gcc/avr/4.3.2/../../../../avr/lib/avr25/crttn2313.o
main                                              main.o
                                                  c:/work/programming/avr/winavr/winavr/bin/../lib/gcc/avr/4.3.2/../../../../avr/lib/avr25/crttn2313.o
ovrflw_cnt                                        main.o
rf12_init                                         main.o
rf12_ready                                        main.o
rf12_rxdata                                       main.o
rf12_setbandwidth                                 main.o
rf12_setbaud                                      main.o
rf12_setfreq                                      main.o
rf12_setpower                                     main.o
rf12_trans                                        main.o
segment_times                                     main.o
switche_on                                        main.o
vINT0_ini                                         main.o
vPORTS_ini                                        main.o
vTIMER0_ini                                       main.o
