Archive member included because of file (symbol)

e:/_privat/avr/winavr/winavr/bin/../lib/gcc/avr/4.3.2/../../../../avr/lib/avr25\libm.a(cmpsf2.o)
                              main.o (__ltsf2)
e:/_privat/avr/winavr/winavr/bin/../lib/gcc/avr/4.3.2/../../../../avr/lib/avr25\libm.a(fixunssfsi.o)
                              main.o (__fixunssfsi)
e:/_privat/avr/winavr/winavr/bin/../lib/gcc/avr/4.3.2/../../../../avr/lib/avr25\libm.a(fp_cmp.o)
                              e:/_privat/avr/winavr/winavr/bin/../lib/gcc/avr/4.3.2/../../../../avr/lib/avr25\libm.a(cmpsf2.o) (__fp_cmp)
e:/_privat/avr/winavr/winavr/bin/../lib/gcc/avr/4.3.2/../../../../avr/lib/avr25\libm.a(fp_split3.o)
                              e:/_privat/avr/winavr/winavr/bin/../lib/gcc/avr/4.3.2/../../../../avr/lib/avr25\libm.a(fixunssfsi.o) (__fp_splitA)
e:/_privat/avr/winavr/winavr/bin/../lib/gcc/avr/4.3.2/../../../../avr/lib/avr25\libm.a(fp_zero.o)
                              e:/_privat/avr/winavr/winavr/bin/../lib/gcc/avr/4.3.2/../../../../avr/lib/avr25\libm.a(fixunssfsi.o) (__fp_zero)
e:/_privat/avr/winavr/winavr/bin/../lib/gcc/avr/4.3.2/../../../../avr/lib/avr25\libm.a(gesf2.o)
                              main.o (__gtsf2)
e:/_privat/avr/winavr/winavr/bin/../lib/gcc/avr/4.3.2/../../../../avr/lib/avr25\libm.a(mulsf3.o)
                              main.o (__mulsf3)
e:/_privat/avr/winavr/winavr/bin/../lib/gcc/avr/4.3.2/../../../../avr/lib/avr25\libm.a(mulsf3x.o)
                              e:/_privat/avr/winavr/winavr/bin/../lib/gcc/avr/4.3.2/../../../../avr/lib/avr25\libm.a(mulsf3.o) (__mulsf3x)
e:/_privat/avr/winavr/winavr/bin/../lib/gcc/avr/4.3.2/../../../../avr/lib/avr25\libm.a(fp_inf.o)
                              e:/_privat/avr/winavr/winavr/bin/../lib/gcc/avr/4.3.2/../../../../avr/lib/avr25\libm.a(mulsf3x.o) (__fp_inf)
e:/_privat/avr/winavr/winavr/bin/../lib/gcc/avr/4.3.2/../../../../avr/lib/avr25\libm.a(fp_nan.o)
                              e:/_privat/avr/winavr/winavr/bin/../lib/gcc/avr/4.3.2/../../../../avr/lib/avr25\libm.a(mulsf3x.o) (__fp_nan)
e:/_privat/avr/winavr/winavr/bin/../lib/gcc/avr/4.3.2/../../../../avr/lib/avr25\libm.a(fp_pscA.o)
                              e:/_privat/avr/winavr/winavr/bin/../lib/gcc/avr/4.3.2/../../../../avr/lib/avr25\libm.a(mulsf3x.o) (__fp_pscA)
e:/_privat/avr/winavr/winavr/bin/../lib/gcc/avr/4.3.2/../../../../avr/lib/avr25\libm.a(fp_pscB.o)
                              e:/_privat/avr/winavr/winavr/bin/../lib/gcc/avr/4.3.2/../../../../avr/lib/avr25\libm.a(mulsf3x.o) (__fp_pscB)
e:/_privat/avr/winavr/winavr/bin/../lib/gcc/avr/4.3.2/../../../../avr/lib/avr25\libm.a(fp_round.o)
                              e:/_privat/avr/winavr/winavr/bin/../lib/gcc/avr/4.3.2/../../../../avr/lib/avr25\libm.a(mulsf3.o) (__fp_round)
e:/_privat/avr/winavr/winavr/bin/../lib/gcc/avr/4.3.2/avr25\libgcc.a(_exit.o)
                              e:/_privat/avr/winavr/winavr/bin/../lib/gcc/avr/4.3.2/../../../../avr/lib/avr25/crttn2313.o (exit)
e:/_privat/avr/winavr/winavr/bin/../lib/gcc/avr/4.3.2/avr25\libgcc.a(_copy_data.o)
                              main.o (__do_copy_data)

Memory Configuration

Name             Origin             Length             Attributes
text             0x00000000         0x00002000         xr
data             0x00800060         0x0000ffa0         rw !x
eeprom           0x00810000         0x00010000         rw !x
fuse             0x00820000         0x00000400         rw !x
lock             0x00830000         0x00000400         rw !x
signature        0x00840000         0x00000400         rw !x
*default*        0x00000000         0xffffffff

Linker script and memory map

LOAD e:/_privat/avr/winavr/winavr/bin/../lib/gcc/avr/4.3.2/../../../../avr/lib/avr25/crttn2313.o
LOAD main.o
LOAD e:/_privat/avr/winavr/winavr/bin/../lib/gcc/avr/4.3.2/../../../../avr/lib/avr25\libm.a
LOAD e:/_privat/avr/winavr/winavr/bin/../lib/gcc/avr/4.3.2/avr25\libgcc.a
LOAD e:/_privat/avr/winavr/winavr/bin/../lib/gcc/avr/4.3.2/../../../../avr/lib/avr25\libc.a
LOAD e:/_privat/avr/winavr/winavr/bin/../lib/gcc/avr/4.3.2/avr25\libgcc.a

.hash
 *(.hash)

.dynsym
 *(.dynsym)

.dynstr
 *(.dynstr)

.gnu.version
 *(.gnu.version)

.gnu.version_d
 *(.gnu.version_d)

.gnu.version_r
 *(.gnu.version_r)

.rel.init
 *(.rel.init)

.rela.init
 *(.rela.init)

.rel.text
 *(.rel.text)
 *(.rel.text.*)
 *(.rel.gnu.linkonce.t*)

.rela.text
 *(.rela.text)
 *(.rela.text.*)
 *(.rela.gnu.linkonce.t*)

.rel.fini
 *(.rel.fini)

.rela.fini
 *(.rela.fini)

.rel.rodata
 *(.rel.rodata)
 *(.rel.rodata.*)
 *(.rel.gnu.linkonce.r*)

.rela.rodata
 *(.rela.rodata)
 *(.rela.rodata.*)
 *(.rela.gnu.linkonce.r*)

.rel.data
 *(.rel.data)
 *(.rel.data.*)
 *(.rel.gnu.linkonce.d*)

.rela.data
 *(.rela.data)
 *(.rela.data.*)
 *(.rela.gnu.linkonce.d*)

.rel.ctors
 *(.rel.ctors)

.rela.ctors
 *(.rela.ctors)

.rel.dtors
 *(.rel.dtors)

.rela.dtors
 *(.rela.dtors)

.rel.got
 *(.rel.got)

.rela.got
 *(.rela.got)

.rel.bss
 *(.rel.bss)

.rela.bss
 *(.rela.bss)

.rel.plt
 *(.rel.plt)

.rela.plt
 *(.rela.plt)

.text           0x00000000      0x538
 *(.vectors)
 .vectors       0x00000000       0x26 e:/_privat/avr/winavr/winavr/bin/../lib/gcc/avr/4.3.2/../../../../avr/lib/avr25/crttn2313.o
                0x00000000                __vectors
                0x00000000                __vector_default
 *(.vectors)
 *(.progmem.gcc*)
 *(.progmem*)
                0x00000026                . = ALIGN (0x2)
                0x00000026                __trampolines_start = .
 *(.trampolines)
 .trampolines   0x00000026        0x0 linker stubs
 *(.trampolines*)
                0x00000026                __trampolines_end = .
 *(.jumptables)
 *(.jumptables*)
 *(.lowtext)
 *(.lowtext*)
                0x00000026                __ctors_start = .
 *(.ctors)
                0x00000026                __ctors_end = .
                0x00000026                __dtors_start = .
 *(.dtors)
                0x00000026                __dtors_end = .
 SORT(*)(.ctors)
 SORT(*)(.dtors)
 *(.init0)
 .init0         0x00000026        0x0 e:/_privat/avr/winavr/winavr/bin/../lib/gcc/avr/4.3.2/../../../../avr/lib/avr25/crttn2313.o
                0x00000026                __init
 *(.init0)
 *(.init1)
 *(.init1)
 *(.init2)
 .init2         0x00000026        0x8 e:/_privat/avr/winavr/winavr/bin/../lib/gcc/avr/4.3.2/../../../../avr/lib/avr25/crttn2313.o
 *(.init2)
 *(.init3)
 *(.init3)
 *(.init4)
 .init4         0x0000002e       0x16 e:/_privat/avr/winavr/winavr/bin/../lib/gcc/avr/4.3.2/avr25\libgcc.a(_copy_data.o)
                0x0000002e                __do_copy_data
 *(.init4)
 *(.init5)
 *(.init5)
 *(.init6)
 *(.init6)
 *(.init7)
 *(.init7)
 *(.init8)
 *(.init8)
 *(.init9)
 .init9         0x00000044        0x4 e:/_privat/avr/winavr/winavr/bin/../lib/gcc/avr/4.3.2/../../../../avr/lib/avr25/crttn2313.o
 *(.init9)
 *(.text)
 .text          0x00000048        0x2 e:/_privat/avr/winavr/winavr/bin/../lib/gcc/avr/4.3.2/../../../../avr/lib/avr25/crttn2313.o
                0x00000048                __vector_1
                0x00000048                __vector_12
                0x00000048                __bad_interrupt
                0x00000048                __vector_6
                0x00000048                __vector_3
                0x00000048                __vector_11
                0x00000048                __vector_13
                0x00000048                __vector_17
                0x00000048                __vector_7
                0x00000048                __vector_5
                0x00000048                __vector_4
                0x00000048                __vector_9
                0x00000048                __vector_2
                0x00000048                __vector_15
                0x00000048                __vector_8
                0x00000048                __vector_14
                0x00000048                __vector_10
                0x00000048                __vector_16
                0x00000048                __vector_18
 .text          0x0000004a      0x2c2 main.o
                0x0000004a                main
                0x000001c6                write_cmd
 .text          0x0000030c        0x0 e:/_privat/avr/winavr/winavr/bin/../lib/gcc/avr/4.3.2/../../../../avr/lib/avr25\libm.a(cmpsf2.o)
 .text          0x0000030c        0x0 e:/_privat/avr/winavr/winavr/bin/../lib/gcc/avr/4.3.2/../../../../avr/lib/avr25\libm.a(fixunssfsi.o)
 .text          0x0000030c        0x0 e:/_privat/avr/winavr/winavr/bin/../lib/gcc/avr/4.3.2/../../../../avr/lib/avr25\libm.a(fp_cmp.o)
 .text          0x0000030c        0x0 e:/_privat/avr/winavr/winavr/bin/../lib/gcc/avr/4.3.2/../../../../avr/lib/avr25\libm.a(fp_split3.o)
 .text          0x0000030c        0x0 e:/_privat/avr/winavr/winavr/bin/../lib/gcc/avr/4.3.2/../../../../avr/lib/avr25\libm.a(fp_zero.o)
 .text          0x0000030c        0x0 e:/_privat/avr/winavr/winavr/bin/../lib/gcc/avr/4.3.2/../../../../avr/lib/avr25\libm.a(gesf2.o)
 .text          0x0000030c        0x0 e:/_privat/avr/winavr/winavr/bin/../lib/gcc/avr/4.3.2/../../../../avr/lib/avr25\libm.a(mulsf3.o)
 .text          0x0000030c        0x0 e:/_privat/avr/winavr/winavr/bin/../lib/gcc/avr/4.3.2/../../../../avr/lib/avr25\libm.a(mulsf3x.o)
 .text          0x0000030c        0x0 e:/_privat/avr/winavr/winavr/bin/../lib/gcc/avr/4.3.2/../../../../avr/lib/avr25\libm.a(fp_inf.o)
 .text          0x0000030c        0x0 e:/_privat/avr/winavr/winavr/bin/../lib/gcc/avr/4.3.2/../../../../avr/lib/avr25\libm.a(fp_nan.o)
 .text          0x0000030c        0x0 e:/_privat/avr/winavr/winavr/bin/../lib/gcc/avr/4.3.2/../../../../avr/lib/avr25\libm.a(fp_pscA.o)
 .text          0x0000030c        0x0 e:/_privat/avr/winavr/winavr/bin/../lib/gcc/avr/4.3.2/../../../../avr/lib/avr25\libm.a(fp_pscB.o)
 .text          0x0000030c        0x0 e:/_privat/avr/winavr/winavr/bin/../lib/gcc/avr/4.3.2/../../../../avr/lib/avr25\libm.a(fp_round.o)
 .text          0x0000030c        0x0 e:/_privat/avr/winavr/winavr/bin/../lib/gcc/avr/4.3.2/avr25\libgcc.a(_exit.o)
 .text          0x0000030c        0x0 e:/_privat/avr/winavr/winavr/bin/../lib/gcc/avr/4.3.2/avr25\libgcc.a(_copy_data.o)
                0x0000030c                . = ALIGN (0x2)
 *(.text.*)
 .text.fplib    0x0000030c        0x8 e:/_privat/avr/winavr/winavr/bin/../lib/gcc/avr/4.3.2/../../../../avr/lib/avr25\libm.a(cmpsf2.o)
                0x0000030c                __lesf2
                0x0000030c                __nesf2
                0x0000030c                __eqsf2
                0x0000030c                __cmpsf2
                0x0000030c                __ltsf2
 .text.fplib    0x00000314       0x58 e:/_privat/avr/winavr/winavr/bin/../lib/gcc/avr/4.3.2/../../../../avr/lib/avr25\libm.a(fixunssfsi.o)
                0x00000314                __fixunssfsi
 .text.fplib    0x0000036c       0x48 e:/_privat/avr/winavr/winavr/bin/../lib/gcc/avr/4.3.2/../../../../avr/lib/avr25\libm.a(fp_cmp.o)
                0x0000036c                __fp_cmp
 .text.fplib    0x000003b4       0x44 e:/_privat/avr/winavr/winavr/bin/../lib/gcc/avr/4.3.2/../../../../avr/lib/avr25\libm.a(fp_split3.o)
                0x000003b4                __fp_split3
                0x000003c4                __fp_splitA
 .text.fplib    0x000003f8        0xe e:/_privat/avr/winavr/winavr/bin/../lib/gcc/avr/4.3.2/../../../../avr/lib/avr25\libm.a(fp_zero.o)
                0x000003f8                __fp_zero
                0x000003fa                __fp_szero
 .text.fplib    0x00000406        0x8 e:/_privat/avr/winavr/winavr/bin/../lib/gcc/avr/4.3.2/../../../../avr/lib/avr25\libm.a(gesf2.o)
                0x00000406                __gtsf2
                0x00000406                __gesf2
 .text.fplib    0x0000040e        0x4 e:/_privat/avr/winavr/winavr/bin/../lib/gcc/avr/4.3.2/../../../../avr/lib/avr25\libm.a(mulsf3.o)
                0x0000040e                __mulsf3
 .text.fplib    0x00000412       0xd2 e:/_privat/avr/winavr/winavr/bin/../lib/gcc/avr/4.3.2/../../../../avr/lib/avr25\libm.a(mulsf3x.o)
                0x00000428                __mulsf3_pse
                0x00000424                __mulsf3x
 .text.fplib    0x000004e4        0xc e:/_privat/avr/winavr/winavr/bin/../lib/gcc/avr/4.3.2/../../../../avr/lib/avr25\libm.a(fp_inf.o)
                0x000004e4                __fp_inf
 .text.fplib    0x000004f0        0x6 e:/_privat/avr/winavr/winavr/bin/../lib/gcc/avr/4.3.2/../../../../avr/lib/avr25\libm.a(fp_nan.o)
                0x000004f0                __fp_nan
 .text.fplib    0x000004f6        0xe e:/_privat/avr/winavr/winavr/bin/../lib/gcc/avr/4.3.2/../../../../avr/lib/avr25\libm.a(fp_pscA.o)
                0x000004f6                __fp_pscA
 .text.fplib    0x00000504        0xe e:/_privat/avr/winavr/winavr/bin/../lib/gcc/avr/4.3.2/../../../../avr/lib/avr25\libm.a(fp_pscB.o)
                0x00000504                __fp_pscB
 .text.fplib    0x00000512       0x22 e:/_privat/avr/winavr/winavr/bin/../lib/gcc/avr/4.3.2/../../../../avr/lib/avr25\libm.a(fp_round.o)
                0x00000512                __fp_round
 .text.libgcc   0x00000534        0x0 e:/_privat/avr/winavr/winavr/bin/../lib/gcc/avr/4.3.2/avr25\libgcc.a(_exit.o)
 .text.libgcc   0x00000534        0x0 e:/_privat/avr/winavr/winavr/bin/../lib/gcc/avr/4.3.2/avr25\libgcc.a(_copy_data.o)
                0x00000534                . = ALIGN (0x2)
 *(.fini9)
 .fini9         0x00000534        0x0 e:/_privat/avr/winavr/winavr/bin/../lib/gcc/avr/4.3.2/avr25\libgcc.a(_exit.o)
                0x00000534                exit
                0x00000534                _exit
 *(.fini9)
 *(.fini8)
 *(.fini8)
 *(.fini7)
 *(.fini7)
 *(.fini6)
 *(.fini6)
 *(.fini5)
 *(.fini5)
 *(.fini4)
 *(.fini4)
 *(.fini3)
 *(.fini3)
 *(.fini2)
 *(.fini2)
 *(.fini1)
 *(.fini1)
 *(.fini0)
 .fini0         0x00000534        0x4 e:/_privat/avr/winavr/winavr/bin/../lib/gcc/avr/4.3.2/avr25\libgcc.a(_exit.o)
 *(.fini0)
                0x00000538                _etext = .

.data           0x00800060       0x14 load address 0x00000538
                0x00800060                PROVIDE (__data_start, .)
 *(.data)
 .data          0x00800060        0x0 e:/_privat/avr/winavr/winavr/bin/../lib/gcc/avr/4.3.2/../../../../avr/lib/avr25/crttn2313.o
 .data          0x00800060       0x13 main.o
 .data          0x00800073        0x0 e:/_privat/avr/winavr/winavr/bin/../lib/gcc/avr/4.3.2/../../../../avr/lib/avr25\libm.a(cmpsf2.o)
 .data          0x00800073        0x0 e:/_privat/avr/winavr/winavr/bin/../lib/gcc/avr/4.3.2/../../../../avr/lib/avr25\libm.a(fixunssfsi.o)
 .data          0x00800073        0x0 e:/_privat/avr/winavr/winavr/bin/../lib/gcc/avr/4.3.2/../../../../avr/lib/avr25\libm.a(fp_cmp.o)
 .data          0x00800073        0x0 e:/_privat/avr/winavr/winavr/bin/../lib/gcc/avr/4.3.2/../../../../avr/lib/avr25\libm.a(fp_split3.o)
 .data          0x00800073        0x0 e:/_privat/avr/winavr/winavr/bin/../lib/gcc/avr/4.3.2/../../../../avr/lib/avr25\libm.a(fp_zero.o)
 .data          0x00800073        0x0 e:/_privat/avr/winavr/winavr/bin/../lib/gcc/avr/4.3.2/../../../../avr/lib/avr25\libm.a(gesf2.o)
 .data          0x00800073        0x0 e:/_privat/avr/winavr/winavr/bin/../lib/gcc/avr/4.3.2/../../../../avr/lib/avr25\libm.a(mulsf3.o)
 .data          0x00800073        0x0 e:/_privat/avr/winavr/winavr/bin/../lib/gcc/avr/4.3.2/../../../../avr/lib/avr25\libm.a(mulsf3x.o)
 .data          0x00800073        0x0 e:/_privat/avr/winavr/winavr/bin/../lib/gcc/avr/4.3.2/../../../../avr/lib/avr25\libm.a(fp_inf.o)
 .data          0x00800073        0x0 e:/_privat/avr/winavr/winavr/bin/../lib/gcc/avr/4.3.2/../../../../avr/lib/avr25\libm.a(fp_nan.o)
 .data          0x00800073        0x0 e:/_privat/avr/winavr/winavr/bin/../lib/gcc/avr/4.3.2/../../../../avr/lib/avr25\libm.a(fp_pscA.o)
 .data          0x00800073        0x0 e:/_privat/avr/winavr/winavr/bin/../lib/gcc/avr/4.3.2/../../../../avr/lib/avr25\libm.a(fp_pscB.o)
 .data          0x00800073        0x0 e:/_privat/avr/winavr/winavr/bin/../lib/gcc/avr/4.3.2/../../../../avr/lib/avr25\libm.a(fp_round.o)
 .data          0x00800073        0x0 e:/_privat/avr/winavr/winavr/bin/../lib/gcc/avr/4.3.2/avr25\libgcc.a(_exit.o)
 .data          0x00800073        0x0 e:/_privat/avr/winavr/winavr/bin/../lib/gcc/avr/4.3.2/avr25\libgcc.a(_copy_data.o)
 *(.data*)
 *(.rodata)
 *(.rodata*)
 *(.gnu.linkonce.d*)
                0x00800074                . = ALIGN (0x2)
 *fill*         0x00800073        0x1 00
                0x00800074                _edata = .
                0x00800074                PROVIDE (__data_end, .)

.bss            0x00800074        0x0
                0x00800074                PROVIDE (__bss_start, .)
 *(.bss)
 .bss           0x00800074        0x0 e:/_privat/avr/winavr/winavr/bin/../lib/gcc/avr/4.3.2/../../../../avr/lib/avr25/crttn2313.o
 .bss           0x00800074        0x0 main.o
 .bss           0x00800074        0x0 e:/_privat/avr/winavr/winavr/bin/../lib/gcc/avr/4.3.2/../../../../avr/lib/avr25\libm.a(cmpsf2.o)
 .bss           0x00800074        0x0 e:/_privat/avr/winavr/winavr/bin/../lib/gcc/avr/4.3.2/../../../../avr/lib/avr25\libm.a(fixunssfsi.o)
 .bss           0x00800074        0x0 e:/_privat/avr/winavr/winavr/bin/../lib/gcc/avr/4.3.2/../../../../avr/lib/avr25\libm.a(fp_cmp.o)
 .bss           0x00800074        0x0 e:/_privat/avr/winavr/winavr/bin/../lib/gcc/avr/4.3.2/../../../../avr/lib/avr25\libm.a(fp_split3.o)
 .bss           0x00800074        0x0 e:/_privat/avr/winavr/winavr/bin/../lib/gcc/avr/4.3.2/../../../../avr/lib/avr25\libm.a(fp_zero.o)
 .bss           0x00800074        0x0 e:/_privat/avr/winavr/winavr/bin/../lib/gcc/avr/4.3.2/../../../../avr/lib/avr25\libm.a(gesf2.o)
 .bss           0x00800074        0x0 e:/_privat/avr/winavr/winavr/bin/../lib/gcc/avr/4.3.2/../../../../avr/lib/avr25\libm.a(mulsf3.o)
 .bss           0x00800074        0x0 e:/_privat/avr/winavr/winavr/bin/../lib/gcc/avr/4.3.2/../../../../avr/lib/avr25\libm.a(mulsf3x.o)
 .bss           0x00800074        0x0 e:/_privat/avr/winavr/winavr/bin/../lib/gcc/avr/4.3.2/../../../../avr/lib/avr25\libm.a(fp_inf.o)
 .bss           0x00800074        0x0 e:/_privat/avr/winavr/winavr/bin/../lib/gcc/avr/4.3.2/../../../../avr/lib/avr25\libm.a(fp_nan.o)
 .bss           0x00800074        0x0 e:/_privat/avr/winavr/winavr/bin/../lib/gcc/avr/4.3.2/../../../../avr/lib/avr25\libm.a(fp_pscA.o)
 .bss           0x00800074        0x0 e:/_privat/avr/winavr/winavr/bin/../lib/gcc/avr/4.3.2/../../../../avr/lib/avr25\libm.a(fp_pscB.o)
 .bss           0x00800074        0x0 e:/_privat/avr/winavr/winavr/bin/../lib/gcc/avr/4.3.2/../../../../avr/lib/avr25\libm.a(fp_round.o)
 .bss           0x00800074        0x0 e:/_privat/avr/winavr/winavr/bin/../lib/gcc/avr/4.3.2/avr25\libgcc.a(_exit.o)
 .bss           0x00800074        0x0 e:/_privat/avr/winavr/winavr/bin/../lib/gcc/avr/4.3.2/avr25\libgcc.a(_copy_data.o)
 *(.bss*)
 *(COMMON)
                0x00800074                PROVIDE (__bss_end, .)
                0x00000538                __data_load_start = LOADADDR (.data)
                0x0000054c                __data_load_end = (__data_load_start + SIZEOF (.data))

.noinit         0x00800074        0x0
                0x00800074                PROVIDE (__noinit_start, .)
 *(.noinit*)
                0x00800074                PROVIDE (__noinit_end, .)
                0x00800074                _end = .
                0x00800074                PROVIDE (__heap_start, .)

.eeprom         0x00810000        0x0
 *(.eeprom*)
                0x00810000                __eeprom_end = .

.fuse
 *(.fuse)
 *(.lfuse)
 *(.hfuse)
 *(.efuse)

.lock
 *(.lock*)

.signature
 *(.signature*)

.stab           0x00000000      0x57c
 *(.stab)
 .stab          0x00000000      0x57c main.o

.stabstr        0x00000000      0x7b5
 *(.stabstr)
 .stabstr       0x00000000      0x7b5 main.o

.stab.excl
 *(.stab.excl)

.stab.exclstr
 *(.stab.exclstr)

.stab.index
 *(.stab.index)

.stab.indexstr
 *(.stab.indexstr)

.comment
 *(.comment)

.debug
 *(.debug)

.line
 *(.line)

.debug_srcinfo
 *(.debug_srcinfo)

.debug_sfnames
 *(.debug_sfnames)

.debug_aranges
 *(.debug_aranges)

.debug_pubnames
 *(.debug_pubnames)

.debug_info
 *(.debug_info)
 *(.gnu.linkonce.wi.*)

.debug_abbrev
 *(.debug_abbrev)

.debug_line
 *(.debug_line)

.debug_frame
 *(.debug_frame)

.debug_str
 *(.debug_str)

.debug_loc
 *(.debug_loc)

.debug_macinfo
 *(.debug_macinfo)
OUTPUT(main.elf elf32-avr)
LOAD linker stubs

Cross Reference Table

Symbol                                            File
__bad_interrupt                                   e:/_privat/avr/winavr/winavr/bin/../lib/gcc/avr/4.3.2/../../../../avr/lib/avr25/crttn2313.o
__cmpsf2                                          e:/_privat/avr/winavr/winavr/bin/../lib/gcc/avr/4.3.2/../../../../avr/lib/avr25\libm.a(cmpsf2.o)
__data_end                                        e:/_privat/avr/winavr/winavr/bin/../lib/gcc/avr/4.3.2/avr25\libgcc.a(_copy_data.o)
__data_load_start                                 e:/_privat/avr/winavr/winavr/bin/../lib/gcc/avr/4.3.2/avr25\libgcc.a(_copy_data.o)
__data_start                                      e:/_privat/avr/winavr/winavr/bin/../lib/gcc/avr/4.3.2/avr25\libgcc.a(_copy_data.o)
__do_copy_data                                    e:/_privat/avr/winavr/winavr/bin/../lib/gcc/avr/4.3.2/avr25\libgcc.a(_copy_data.o)
                                                  main.o
__eqsf2                                           e:/_privat/avr/winavr/winavr/bin/../lib/gcc/avr/4.3.2/../../../../avr/lib/avr25\libm.a(cmpsf2.o)
__fixunssfsi                                      e:/_privat/avr/winavr/winavr/bin/../lib/gcc/avr/4.3.2/../../../../avr/lib/avr25\libm.a(fixunssfsi.o)
                                                  main.o
__fp_cmp                                          e:/_privat/avr/winavr/winavr/bin/../lib/gcc/avr/4.3.2/../../../../avr/lib/avr25\libm.a(fp_cmp.o)
                                                  e:/_privat/avr/winavr/winavr/bin/../lib/gcc/avr/4.3.2/../../../../avr/lib/avr25\libm.a(gesf2.o)
                                                  e:/_privat/avr/winavr/winavr/bin/../lib/gcc/avr/4.3.2/../../../../avr/lib/avr25\libm.a(cmpsf2.o)
__fp_inf                                          e:/_privat/avr/winavr/winavr/bin/../lib/gcc/avr/4.3.2/../../../../avr/lib/avr25\libm.a(fp_inf.o)
                                                  e:/_privat/avr/winavr/winavr/bin/../lib/gcc/avr/4.3.2/../../../../avr/lib/avr25\libm.a(mulsf3x.o)
__fp_nan                                          e:/_privat/avr/winavr/winavr/bin/../lib/gcc/avr/4.3.2/../../../../avr/lib/avr25\libm.a(fp_nan.o)
                                                  e:/_privat/avr/winavr/winavr/bin/../lib/gcc/avr/4.3.2/../../../../avr/lib/avr25\libm.a(mulsf3x.o)
__fp_pscA                                         e:/_privat/avr/winavr/winavr/bin/../lib/gcc/avr/4.3.2/../../../../avr/lib/avr25\libm.a(fp_pscA.o)
                                                  e:/_privat/avr/winavr/winavr/bin/../lib/gcc/avr/4.3.2/../../../../avr/lib/avr25\libm.a(mulsf3x.o)
__fp_pscB                                         e:/_privat/avr/winavr/winavr/bin/../lib/gcc/avr/4.3.2/../../../../avr/lib/avr25\libm.a(fp_pscB.o)
                                                  e:/_privat/avr/winavr/winavr/bin/../lib/gcc/avr/4.3.2/../../../../avr/lib/avr25\libm.a(mulsf3x.o)
__fp_round                                        e:/_privat/avr/winavr/winavr/bin/../lib/gcc/avr/4.3.2/../../../../avr/lib/avr25\libm.a(fp_round.o)
                                                  e:/_privat/avr/winavr/winavr/bin/../lib/gcc/avr/4.3.2/../../../../avr/lib/avr25\libm.a(mulsf3.o)
__fp_split3                                       e:/_privat/avr/winavr/winavr/bin/../lib/gcc/avr/4.3.2/../../../../avr/lib/avr25\libm.a(fp_split3.o)
                                                  e:/_privat/avr/winavr/winavr/bin/../lib/gcc/avr/4.3.2/../../../../avr/lib/avr25\libm.a(mulsf3x.o)
__fp_splitA                                       e:/_privat/avr/winavr/winavr/bin/../lib/gcc/avr/4.3.2/../../../../avr/lib/avr25\libm.a(fp_split3.o)
                                                  e:/_privat/avr/winavr/winavr/bin/../lib/gcc/avr/4.3.2/../../../../avr/lib/avr25\libm.a(fixunssfsi.o)
__fp_szero                                        e:/_privat/avr/winavr/winavr/bin/../lib/gcc/avr/4.3.2/../../../../avr/lib/avr25\libm.a(fp_zero.o)
                                                  e:/_privat/avr/winavr/winavr/bin/../lib/gcc/avr/4.3.2/../../../../avr/lib/avr25\libm.a(mulsf3x.o)
__fp_zero                                         e:/_privat/avr/winavr/winavr/bin/../lib/gcc/avr/4.3.2/../../../../avr/lib/avr25\libm.a(fp_zero.o)
                                                  e:/_privat/avr/winavr/winavr/bin/../lib/gcc/avr/4.3.2/../../../../avr/lib/avr25\libm.a(fixunssfsi.o)
__gesf2                                           e:/_privat/avr/winavr/winavr/bin/../lib/gcc/avr/4.3.2/../../../../avr/lib/avr25\libm.a(gesf2.o)
__gtsf2                                           e:/_privat/avr/winavr/winavr/bin/../lib/gcc/avr/4.3.2/../../../../avr/lib/avr25\libm.a(gesf2.o)
                                                  main.o
__heap_end                                        e:/_privat/avr/winavr/winavr/bin/../lib/gcc/avr/4.3.2/../../../../avr/lib/avr25/crttn2313.o
__init                                            e:/_privat/avr/winavr/winavr/bin/../lib/gcc/avr/4.3.2/../../../../avr/lib/avr25/crttn2313.o
__lesf2                                           e:/_privat/avr/winavr/winavr/bin/../lib/gcc/avr/4.3.2/../../../../avr/lib/avr25\libm.a(cmpsf2.o)
__ltsf2                                           e:/_privat/avr/winavr/winavr/bin/../lib/gcc/avr/4.3.2/../../../../avr/lib/avr25\libm.a(cmpsf2.o)
                                                  main.o
__mulsf3                                          e:/_privat/avr/winavr/winavr/bin/../lib/gcc/avr/4.3.2/../../../../avr/lib/avr25\libm.a(mulsf3.o)
                                                  main.o
__mulsf3_pse                                      e:/_privat/avr/winavr/winavr/bin/../lib/gcc/avr/4.3.2/../../../../avr/lib/avr25\libm.a(mulsf3x.o)
__mulsf3x                                         e:/_privat/avr/winavr/winavr/bin/../lib/gcc/avr/4.3.2/../../../../avr/lib/avr25\libm.a(mulsf3x.o)
                                                  e:/_privat/avr/winavr/winavr/bin/../lib/gcc/avr/4.3.2/../../../../avr/lib/avr25\libm.a(mulsf3.o)
__nesf2                                           e:/_privat/avr/winavr/winavr/bin/../lib/gcc/avr/4.3.2/../../../../avr/lib/avr25\libm.a(cmpsf2.o)
__stack                                           e:/_privat/avr/winavr/winavr/bin/../lib/gcc/avr/4.3.2/../../../../avr/lib/avr25/crttn2313.o
__vector_1                                        e:/_privat/avr/winavr/winavr/bin/../lib/gcc/avr/4.3.2/../../../../avr/lib/avr25/crttn2313.o
__vector_10                                       e:/_privat/avr/winavr/winavr/bin/../lib/gcc/avr/4.3.2/../../../../avr/lib/avr25/crttn2313.o
__vector_11                                       e:/_privat/avr/winavr/winavr/bin/../lib/gcc/avr/4.3.2/../../../../avr/lib/avr25/crttn2313.o
__vector_12                                       e:/_privat/avr/winavr/winavr/bin/../lib/gcc/avr/4.3.2/../../../../avr/lib/avr25/crttn2313.o
__vector_13                                       e:/_privat/avr/winavr/winavr/bin/../lib/gcc/avr/4.3.2/../../../../avr/lib/avr25/crttn2313.o
__vector_14                                       e:/_privat/avr/winavr/winavr/bin/../lib/gcc/avr/4.3.2/../../../../avr/lib/avr25/crttn2313.o
__vector_15                                       e:/_privat/avr/winavr/winavr/bin/../lib/gcc/avr/4.3.2/../../../../avr/lib/avr25/crttn2313.o
__vector_16                                       e:/_privat/avr/winavr/winavr/bin/../lib/gcc/avr/4.3.2/../../../../avr/lib/avr25/crttn2313.o
__vector_17                                       e:/_privat/avr/winavr/winavr/bin/../lib/gcc/avr/4.3.2/../../../../avr/lib/avr25/crttn2313.o
__vector_18                                       e:/_privat/avr/winavr/winavr/bin/../lib/gcc/avr/4.3.2/../../../../avr/lib/avr25/crttn2313.o
__vector_2                                        e:/_privat/avr/winavr/winavr/bin/../lib/gcc/avr/4.3.2/../../../../avr/lib/avr25/crttn2313.o
__vector_3                                        e:/_privat/avr/winavr/winavr/bin/../lib/gcc/avr/4.3.2/../../../../avr/lib/avr25/crttn2313.o
__vector_4                                        e:/_privat/avr/winavr/winavr/bin/../lib/gcc/avr/4.3.2/../../../../avr/lib/avr25/crttn2313.o
__vector_5                                        e:/_privat/avr/winavr/winavr/bin/../lib/gcc/avr/4.3.2/../../../../avr/lib/avr25/crttn2313.o
__vector_6                                        e:/_privat/avr/winavr/winavr/bin/../lib/gcc/avr/4.3.2/../../../../avr/lib/avr25/crttn2313.o
__vector_7                                        e:/_privat/avr/winavr/winavr/bin/../lib/gcc/avr/4.3.2/../../../../avr/lib/avr25/crttn2313.o
__vector_8                                        e:/_privat/avr/winavr/winavr/bin/../lib/gcc/avr/4.3.2/../../../../avr/lib/avr25/crttn2313.o
__vector_9                                        e:/_privat/avr/winavr/winavr/bin/../lib/gcc/avr/4.3.2/../../../../avr/lib/avr25/crttn2313.o
__vector_default                                  e:/_privat/avr/winavr/winavr/bin/../lib/gcc/avr/4.3.2/../../../../avr/lib/avr25/crttn2313.o
__vectors                                         e:/_privat/avr/winavr/winavr/bin/../lib/gcc/avr/4.3.2/../../../../avr/lib/avr25/crttn2313.o
_exit                                             e:/_privat/avr/winavr/winavr/bin/../lib/gcc/avr/4.3.2/avr25\libgcc.a(_exit.o)
exit                                              e:/_privat/avr/winavr/winavr/bin/../lib/gcc/avr/4.3.2/avr25\libgcc.a(_exit.o)
                                                  e:/_privat/avr/winavr/winavr/bin/../lib/gcc/avr/4.3.2/../../../../avr/lib/avr25/crttn2313.o
main                                              main.o
                                                  e:/_privat/avr/winavr/winavr/bin/../lib/gcc/avr/4.3.2/../../../../avr/lib/avr25/crttn2313.o
write_cmd                                         main.o
