Archive member included because of file (symbol)

c:/work/uc/mct/avr/winavr/winavr/bin/../lib/gcc/avr/4.3.2/../../../../avr/lib/avr51\libm.a(addsf3.o)
                              main.o (__addsf3)
c:/work/uc/mct/avr/winavr/winavr/bin/../lib/gcc/avr/4.3.2/../../../../avr/lib/avr51\libm.a(addsf3x.o)
                              c:/work/uc/mct/avr/winavr/winavr/bin/../lib/gcc/avr/4.3.2/../../../../avr/lib/avr51\libm.a(addsf3.o) (__addsf3x)
c:/work/uc/mct/avr/winavr/winavr/bin/../lib/gcc/avr/4.3.2/../../../../avr/lib/avr51\libm.a(cmpsf2.o)
                              main.o (__ltsf2)
c:/work/uc/mct/avr/winavr/winavr/bin/../lib/gcc/avr/4.3.2/../../../../avr/lib/avr51\libm.a(divsf3.o)
                              main.o (__divsf3)
c:/work/uc/mct/avr/winavr/winavr/bin/../lib/gcc/avr/4.3.2/../../../../avr/lib/avr51\libm.a(divsf3x.o)
                              c:/work/uc/mct/avr/winavr/winavr/bin/../lib/gcc/avr/4.3.2/../../../../avr/lib/avr51\libm.a(divsf3.o) (__divsf3x)
c:/work/uc/mct/avr/winavr/winavr/bin/../lib/gcc/avr/4.3.2/../../../../avr/lib/avr51\libm.a(fixunssfsi.o)
                              main.o (__fixunssfsi)
c:/work/uc/mct/avr/winavr/winavr/bin/../lib/gcc/avr/4.3.2/../../../../avr/lib/avr51\libm.a(floatsisf.o)
                              main.o (__floatsisf)
c:/work/uc/mct/avr/winavr/winavr/bin/../lib/gcc/avr/4.3.2/../../../../avr/lib/avr51\libm.a(fp_cmp.o)
                              c:/work/uc/mct/avr/winavr/winavr/bin/../lib/gcc/avr/4.3.2/../../../../avr/lib/avr51\libm.a(cmpsf2.o) (__fp_cmp)
c:/work/uc/mct/avr/winavr/winavr/bin/../lib/gcc/avr/4.3.2/../../../../avr/lib/avr51\libm.a(fp_inf.o)
                              c:/work/uc/mct/avr/winavr/winavr/bin/../lib/gcc/avr/4.3.2/../../../../avr/lib/avr51\libm.a(addsf3x.o) (__fp_inf)
c:/work/uc/mct/avr/winavr/winavr/bin/../lib/gcc/avr/4.3.2/../../../../avr/lib/avr51\libm.a(fp_nan.o)
                              c:/work/uc/mct/avr/winavr/winavr/bin/../lib/gcc/avr/4.3.2/../../../../avr/lib/avr51\libm.a(addsf3x.o) (__fp_nan)
c:/work/uc/mct/avr/winavr/winavr/bin/../lib/gcc/avr/4.3.2/../../../../avr/lib/avr51\libm.a(fp_pscA.o)
                              c:/work/uc/mct/avr/winavr/winavr/bin/../lib/gcc/avr/4.3.2/../../../../avr/lib/avr51\libm.a(addsf3x.o) (__fp_pscA)
c:/work/uc/mct/avr/winavr/winavr/bin/../lib/gcc/avr/4.3.2/../../../../avr/lib/avr51\libm.a(fp_pscB.o)
                              c:/work/uc/mct/avr/winavr/winavr/bin/../lib/gcc/avr/4.3.2/../../../../avr/lib/avr51\libm.a(addsf3x.o) (__fp_pscB)
c:/work/uc/mct/avr/winavr/winavr/bin/../lib/gcc/avr/4.3.2/../../../../avr/lib/avr51\libm.a(fp_round.o)
                              c:/work/uc/mct/avr/winavr/winavr/bin/../lib/gcc/avr/4.3.2/../../../../avr/lib/avr51\libm.a(addsf3.o) (__fp_round)
c:/work/uc/mct/avr/winavr/winavr/bin/../lib/gcc/avr/4.3.2/../../../../avr/lib/avr51\libm.a(fp_split3.o)
                              c:/work/uc/mct/avr/winavr/winavr/bin/../lib/gcc/avr/4.3.2/../../../../avr/lib/avr51\libm.a(addsf3x.o) (__fp_split3)
c:/work/uc/mct/avr/winavr/winavr/bin/../lib/gcc/avr/4.3.2/../../../../avr/lib/avr51\libm.a(fp_zero.o)
                              c:/work/uc/mct/avr/winavr/winavr/bin/../lib/gcc/avr/4.3.2/../../../../avr/lib/avr51\libm.a(addsf3x.o) (__fp_zero)
c:/work/uc/mct/avr/winavr/winavr/bin/../lib/gcc/avr/4.3.2/../../../../avr/lib/avr51\libm.a(gesf2.o)
                              main.o (__gtsf2)
c:/work/uc/mct/avr/winavr/winavr/bin/../lib/gcc/avr/4.3.2/../../../../avr/lib/avr51\libm.a(mulsf3.o)
                              main.o (__mulsf3)
c:/work/uc/mct/avr/winavr/winavr/bin/../lib/gcc/avr/4.3.2/../../../../avr/lib/avr51\libm.a(mulsf3x.o)
                              c:/work/uc/mct/avr/winavr/winavr/bin/../lib/gcc/avr/4.3.2/../../../../avr/lib/avr51\libm.a(mulsf3.o) (__mulsf3x)
c:/work/uc/mct/avr/winavr/winavr/bin/../lib/gcc/avr/4.3.2/avr51\libgcc.a(_exit.o)
                              c:/work/uc/mct/avr/winavr/winavr/bin/../lib/gcc/avr/4.3.2/../../../../avr/lib/avr51/crtm128.o (exit)
c:/work/uc/mct/avr/winavr/winavr/bin/../lib/gcc/avr/4.3.2/avr51\libgcc.a(_clear_bss.o)
                              main.o (__do_clear_bss)

Memory Configuration

Name             Origin             Length             Attributes
text             0x00000000         0x00020000         xr
data             0x00800060         0x0000ffa0         rw !x
eeprom           0x00810000         0x00010000         rw !x
fuse             0x00820000         0x00000400         rw !x
lock             0x00830000         0x00000400         rw !x
signature        0x00840000         0x00000400         rw !x
*default*        0x00000000         0xffffffff

Linker script and memory map

Address of section .data set to 0x800100
LOAD c:/work/uc/mct/avr/winavr/winavr/bin/../lib/gcc/avr/4.3.2/../../../../avr/lib/avr51/crtm128.o
LOAD main.o
LOAD c:/work/uc/mct/avr/winavr/winavr/bin/../lib/gcc/avr/4.3.2/../../../../avr/lib/avr51\libm.a
LOAD c:/work/uc/mct/avr/winavr/winavr/bin/../lib/gcc/avr/4.3.2/avr51\libgcc.a
LOAD c:/work/uc/mct/avr/winavr/winavr/bin/../lib/gcc/avr/4.3.2/../../../../avr/lib/avr51\libc.a
LOAD c:/work/uc/mct/avr/winavr/winavr/bin/../lib/gcc/avr/4.3.2/avr51\libgcc.a

.hash
 *(.hash)

.dynsym
 *(.dynsym)

.dynstr
 *(.dynstr)

.gnu.version
 *(.gnu.version)

.gnu.version_d
 *(.gnu.version_d)

.gnu.version_r
 *(.gnu.version_r)

.rel.init
 *(.rel.init)

.rela.init
 *(.rela.init)

.rel.text
 *(.rel.text)
 *(.rel.text.*)
 *(.rel.gnu.linkonce.t*)

.rela.text
 *(.rela.text)
 *(.rela.text.*)
 *(.rela.gnu.linkonce.t*)

.rel.fini
 *(.rel.fini)

.rela.fini
 *(.rela.fini)

.rel.rodata
 *(.rel.rodata)
 *(.rel.rodata.*)
 *(.rel.gnu.linkonce.r*)

.rela.rodata
 *(.rela.rodata)
 *(.rela.rodata.*)
 *(.rela.gnu.linkonce.r*)

.rel.data
 *(.rel.data)
 *(.rel.data.*)
 *(.rel.gnu.linkonce.d*)

.rela.data
 *(.rela.data)
 *(.rela.data.*)
 *(.rela.gnu.linkonce.d*)

.rel.ctors
 *(.rel.ctors)

.rela.ctors
 *(.rela.ctors)

.rel.dtors
 *(.rel.dtors)

.rela.dtors
 *(.rela.dtors)

.rel.got
 *(.rel.got)

.rela.got
 *(.rela.got)

.rel.bss
 *(.rel.bss)

.rela.bss
 *(.rela.bss)

.rel.plt
 *(.rel.plt)

.rela.plt
 *(.rela.plt)

.text           0x00000000     0x1fe4
 *(.vectors)
 .vectors       0x00000000       0x8c c:/work/uc/mct/avr/winavr/winavr/bin/../lib/gcc/avr/4.3.2/../../../../avr/lib/avr51/crtm128.o
                0x00000000                __vectors
                0x00000000                __vector_default
 *(.vectors)
 *(.progmem.gcc*)
 *(.progmem*)
                0x0000008c                . = ALIGN (0x2)
                0x0000008c                __trampolines_start = .
 *(.trampolines)
 .trampolines   0x0000008c        0x0 linker stubs
 *(.trampolines*)
                0x0000008c                __trampolines_end = .
 *(.jumptables)
 *(.jumptables*)
 *(.lowtext)
 *(.lowtext*)
                0x0000008c                __ctors_start = .
 *(.ctors)
                0x0000008c                __ctors_end = .
                0x0000008c                __dtors_start = .
 *(.dtors)
                0x0000008c                __dtors_end = .
 SORT(*)(.ctors)
 SORT(*)(.dtors)
 *(.init0)
 .init0         0x0000008c        0x0 c:/work/uc/mct/avr/winavr/winavr/bin/../lib/gcc/avr/4.3.2/../../../../avr/lib/avr51/crtm128.o
                0x0000008c                __init
 *(.init0)
 *(.init1)
 *(.init1)
 *(.init2)
 .init2         0x0000008c        0xc c:/work/uc/mct/avr/winavr/winavr/bin/../lib/gcc/avr/4.3.2/../../../../avr/lib/avr51/crtm128.o
 *(.init2)
 *(.init3)
 *(.init3)
 *(.init4)
 .init4         0x00000098       0x1a c:/work/uc/mct/avr/winavr/winavr/bin/../lib/gcc/avr/4.3.2/../../../../avr/lib/avr51/crtm128.o
                0x00000098                __do_copy_data
 .init4         0x000000b2       0x10 c:/work/uc/mct/avr/winavr/winavr/bin/../lib/gcc/avr/4.3.2/avr51\libgcc.a(_clear_bss.o)
                0x000000b2                __do_clear_bss
 *(.init4)
 *(.init5)
 *(.init5)
 *(.init6)
 *(.init6)
 *(.init7)
 *(.init7)
 *(.init8)
 *(.init8)
 *(.init9)
 .init9         0x000000c2        0x8 c:/work/uc/mct/avr/winavr/winavr/bin/../lib/gcc/avr/4.3.2/../../../../avr/lib/avr51/crtm128.o
 *(.init9)
 *(.text)
 .text          0x000000ca        0x4 c:/work/uc/mct/avr/winavr/winavr/bin/../lib/gcc/avr/4.3.2/../../../../avr/lib/avr51/crtm128.o
                0x000000ca                __vector_22
                0x000000ca                __vector_28
                0x000000ca                __vector_1
                0x000000ca                __vector_32
                0x000000ca                __vector_34
                0x000000ca                __vector_24
                0x000000ca                __vector_12
                0x000000ca                __bad_interrupt
                0x000000ca                __vector_6
                0x000000ca                __vector_31
                0x000000ca                __vector_3
                0x000000ca                __vector_23
                0x000000ca                __vector_30
                0x000000ca                __vector_25
                0x000000ca                __vector_11
                0x000000ca                __vector_13
                0x000000ca                __vector_17
                0x000000ca                __vector_19
                0x000000ca                __vector_7
                0x000000ca                __vector_27
                0x000000ca                __vector_5
                0x000000ca                __vector_33
                0x000000ca                __vector_4
                0x000000ca                __vector_9
                0x000000ca                __vector_2
                0x000000ca                __vector_21
                0x000000ca                __vector_15
                0x000000ca                __vector_29
                0x000000ca                __vector_8
                0x000000ca                __vector_26
                0x000000ca                __vector_14
                0x000000ca                __vector_10
                0x000000ca                __vector_16
                0x000000ca                __vector_20
 .text          0x000000ce     0x1ae6 main.o
                0x000009d4                init_serial
                0x00000b04                read_adc
                0x0000121e                lcd_graphics_plot_byte
                0x000016a4                g_draw_prog
                0x00000b58                g_draw_horizontal_line
                0x000007ee                init_out_port
                0x0000067a                init_in_pin
                0x000008c8                init_in_port
                0x000012f2                delay_ms_long
                0x0000104a                lcd_write_command
                0x00000cd6                g_draw_char
                0x000010e8                lcd_graphics_init
                0x000000ce                set_pin
                0x00000996                USART_Init
                0x00000ea8                lcd_wait_busy
                0x000012b0                lcd_graphics_clear
                0x0000118e                lcd_graphics_move
                0x00000bc4                g_draw_vertical_line
                0x00000512                init_out_pin
                0x000015f2                main
                0x000018f0                g_draw_triangel_right
                0x00000c30                g_draw_rectangle
                0x00000a06                init_in_ana
                0x00000236                reset_pin
                0x000003aa                toggle_pin
                0x00000dbe                g_draw_string
                0x00001202                lcd_graphics_draw_byte
                0x00000e72                lcd_strobe_enable
                0x00000a32                get_in_pin
                0x0000182a                g_draw_layout
                0x0000125a                lcd_graphics_plot_pixel
                0x00001416                __vector_18
 .text          0x00001bb4        0x0 c:/work/uc/mct/avr/winavr/winavr/bin/../lib/gcc/avr/4.3.2/../../../../avr/lib/avr51\libm.a(addsf3.o)
 .text          0x00001bb4        0x0 c:/work/uc/mct/avr/winavr/winavr/bin/../lib/gcc/avr/4.3.2/../../../../avr/lib/avr51\libm.a(addsf3x.o)
 .text          0x00001bb4        0x0 c:/work/uc/mct/avr/winavr/winavr/bin/../lib/gcc/avr/4.3.2/../../../../avr/lib/avr51\libm.a(cmpsf2.o)
 .text          0x00001bb4        0x0 c:/work/uc/mct/avr/winavr/winavr/bin/../lib/gcc/avr/4.3.2/../../../../avr/lib/avr51\libm.a(divsf3.o)
 .text          0x00001bb4        0x0 c:/work/uc/mct/avr/winavr/winavr/bin/../lib/gcc/avr/4.3.2/../../../../avr/lib/avr51\libm.a(divsf3x.o)
 .text          0x00001bb4        0x0 c:/work/uc/mct/avr/winavr/winavr/bin/../lib/gcc/avr/4.3.2/../../../../avr/lib/avr51\libm.a(fixunssfsi.o)
 .text          0x00001bb4        0x0 c:/work/uc/mct/avr/winavr/winavr/bin/../lib/gcc/avr/4.3.2/../../../../avr/lib/avr51\libm.a(floatsisf.o)
 .text          0x00001bb4        0x0 c:/work/uc/mct/avr/winavr/winavr/bin/../lib/gcc/avr/4.3.2/../../../../avr/lib/avr51\libm.a(fp_cmp.o)
 .text          0x00001bb4        0x0 c:/work/uc/mct/avr/winavr/winavr/bin/../lib/gcc/avr/4.3.2/../../../../avr/lib/avr51\libm.a(fp_inf.o)
 .text          0x00001bb4        0x0 c:/work/uc/mct/avr/winavr/winavr/bin/../lib/gcc/avr/4.3.2/../../../../avr/lib/avr51\libm.a(fp_nan.o)
 .text          0x00001bb4        0x0 c:/work/uc/mct/avr/winavr/winavr/bin/../lib/gcc/avr/4.3.2/../../../../avr/lib/avr51\libm.a(fp_pscA.o)
 .text          0x00001bb4        0x0 c:/work/uc/mct/avr/winavr/winavr/bin/../lib/gcc/avr/4.3.2/../../../../avr/lib/avr51\libm.a(fp_pscB.o)
 .text          0x00001bb4        0x0 c:/work/uc/mct/avr/winavr/winavr/bin/../lib/gcc/avr/4.3.2/../../../../avr/lib/avr51\libm.a(fp_round.o)
 .text          0x00001bb4        0x0 c:/work/uc/mct/avr/winavr/winavr/bin/../lib/gcc/avr/4.3.2/../../../../avr/lib/avr51\libm.a(fp_split3.o)
 .text          0x00001bb4        0x0 c:/work/uc/mct/avr/winavr/winavr/bin/../lib/gcc/avr/4.3.2/../../../../avr/lib/avr51\libm.a(fp_zero.o)
 .text          0x00001bb4        0x0 c:/work/uc/mct/avr/winavr/winavr/bin/../lib/gcc/avr/4.3.2/../../../../avr/lib/avr51\libm.a(gesf2.o)
 .text          0x00001bb4        0x0 c:/work/uc/mct/avr/winavr/winavr/bin/../lib/gcc/avr/4.3.2/../../../../avr/lib/avr51\libm.a(mulsf3.o)
 .text          0x00001bb4        0x0 c:/work/uc/mct/avr/winavr/winavr/bin/../lib/gcc/avr/4.3.2/../../../../avr/lib/avr51\libm.a(mulsf3x.o)
 .text          0x00001bb4        0x0 c:/work/uc/mct/avr/winavr/winavr/bin/../lib/gcc/avr/4.3.2/avr51\libgcc.a(_exit.o)
 .text          0x00001bb4        0x0 c:/work/uc/mct/avr/winavr/winavr/bin/../lib/gcc/avr/4.3.2/avr51\libgcc.a(_clear_bss.o)
                0x00001bb4                . = ALIGN (0x2)
 *(.text.*)
 .text.fplib    0x00001bb4        0xa c:/work/uc/mct/avr/winavr/winavr/bin/../lib/gcc/avr/4.3.2/../../../../avr/lib/avr51\libm.a(addsf3.o)
                0x00001bb4                __subsf3
                0x00001bb6                __addsf3
 .text.fplib    0x00001bbe       0xc0 c:/work/uc/mct/avr/winavr/winavr/bin/../lib/gcc/avr/4.3.2/../../../../avr/lib/avr51\libm.a(addsf3x.o)
                0x00001bd8                __addsf3x
 .text.fplib    0x00001c7e        0x8 c:/work/uc/mct/avr/winavr/winavr/bin/../lib/gcc/avr/4.3.2/../../../../avr/lib/avr51\libm.a(cmpsf2.o)
                0x00001c7e                __lesf2
                0x00001c7e                __nesf2
                0x00001c7e                __eqsf2
                0x00001c7e                __cmpsf2
                0x00001c7e                __ltsf2
 .text.fplib    0x00001c86        0x4 c:/work/uc/mct/avr/winavr/winavr/bin/../lib/gcc/avr/4.3.2/../../../../avr/lib/avr51\libm.a(divsf3.o)
                0x00001c86                __divsf3
 .text.fplib    0x00001c8a       0xcc c:/work/uc/mct/avr/winavr/winavr/bin/../lib/gcc/avr/4.3.2/../../../../avr/lib/avr51\libm.a(divsf3x.o)
                0x00001ca0                __divsf3x
                0x00001ca4                __divsf3_pse
 .text.fplib    0x00001d56       0x58 c:/work/uc/mct/avr/winavr/winavr/bin/../lib/gcc/avr/4.3.2/../../../../avr/lib/avr51\libm.a(fixunssfsi.o)
                0x00001d56                __fixunssfsi
 .text.fplib    0x00001dae       0x7a c:/work/uc/mct/avr/winavr/winavr/bin/../lib/gcc/avr/4.3.2/../../../../avr/lib/avr51\libm.a(floatsisf.o)
                0x00001db2                __floatsisf
                0x00001dae                __floatunsisf
 .text.fplib    0x00001e28       0x48 c:/work/uc/mct/avr/winavr/winavr/bin/../lib/gcc/avr/4.3.2/../../../../avr/lib/avr51\libm.a(fp_cmp.o)
                0x00001e28                __fp_cmp
 .text.fplib    0x00001e70        0xc c:/work/uc/mct/avr/winavr/winavr/bin/../lib/gcc/avr/4.3.2/../../../../avr/lib/avr51\libm.a(fp_inf.o)
                0x00001e70                __fp_inf
 .text.fplib    0x00001e7c        0x6 c:/work/uc/mct/avr/winavr/winavr/bin/../lib/gcc/avr/4.3.2/../../../../avr/lib/avr51\libm.a(fp_nan.o)
                0x00001e7c                __fp_nan
 .text.fplib    0x00001e82        0xe c:/work/uc/mct/avr/winavr/winavr/bin/../lib/gcc/avr/4.3.2/../../../../avr/lib/avr51\libm.a(fp_pscA.o)
                0x00001e82                __fp_pscA
 .text.fplib    0x00001e90        0xe c:/work/uc/mct/avr/winavr/winavr/bin/../lib/gcc/avr/4.3.2/../../../../avr/lib/avr51\libm.a(fp_pscB.o)
                0x00001e90                __fp_pscB
 .text.fplib    0x00001e9e       0x22 c:/work/uc/mct/avr/winavr/winavr/bin/../lib/gcc/avr/4.3.2/../../../../avr/lib/avr51\libm.a(fp_round.o)
                0x00001e9e                __fp_round
 .text.fplib    0x00001ec0       0x44 c:/work/uc/mct/avr/winavr/winavr/bin/../lib/gcc/avr/4.3.2/../../../../avr/lib/avr51\libm.a(fp_split3.o)
                0x00001ec0                __fp_split3
                0x00001ed0                __fp_splitA
 .text.fplib    0x00001f04        0xe c:/work/uc/mct/avr/winavr/winavr/bin/../lib/gcc/avr/4.3.2/../../../../avr/lib/avr51\libm.a(fp_zero.o)
                0x00001f04                __fp_zero
                0x00001f06                __fp_szero
 .text.fplib    0x00001f12        0x8 c:/work/uc/mct/avr/winavr/winavr/bin/../lib/gcc/avr/4.3.2/../../../../avr/lib/avr51\libm.a(gesf2.o)
                0x00001f12                __gtsf2
                0x00001f12                __gesf2
 .text.fplib    0x00001f1a        0x4 c:/work/uc/mct/avr/winavr/winavr/bin/../lib/gcc/avr/4.3.2/../../../../avr/lib/avr51\libm.a(mulsf3.o)
                0x00001f1a                __mulsf3
 .text.fplib    0x00001f1e       0xc2 c:/work/uc/mct/avr/winavr/winavr/bin/../lib/gcc/avr/4.3.2/../../../../avr/lib/avr51\libm.a(mulsf3x.o)
                0x00001f36                __mulsf3_pse
                0x00001f32                __mulsf3x
 .text.libgcc   0x00001fe0        0x0 c:/work/uc/mct/avr/winavr/winavr/bin/../lib/gcc/avr/4.3.2/avr51\libgcc.a(_exit.o)
 .text.libgcc   0x00001fe0        0x0 c:/work/uc/mct/avr/winavr/winavr/bin/../lib/gcc/avr/4.3.2/avr51\libgcc.a(_clear_bss.o)
                0x00001fe0                . = ALIGN (0x2)
 *(.fini9)
 .fini9         0x00001fe0        0x0 c:/work/uc/mct/avr/winavr/winavr/bin/../lib/gcc/avr/4.3.2/avr51\libgcc.a(_exit.o)
                0x00001fe0                exit
                0x00001fe0                _exit
 *(.fini9)
 *(.fini8)
 *(.fini8)
 *(.fini7)
 *(.fini7)
 *(.fini6)
 *(.fini6)
 *(.fini5)
 *(.fini5)
 *(.fini4)
 *(.fini4)
 *(.fini3)
 *(.fini3)
 *(.fini2)
 *(.fini2)
 *(.fini1)
 *(.fini1)
 *(.fini0)
 .fini0         0x00001fe0        0x4 c:/work/uc/mct/avr/winavr/winavr/bin/../lib/gcc/avr/4.3.2/avr51\libgcc.a(_exit.o)
 *(.fini0)
                0x00001fe4                _etext = .

.data           0x00800100      0x22e load address 0x00001fe4
                0x00800100                PROVIDE (__data_start, .)
 *(.data)
 .data          0x00800100        0x0 c:/work/uc/mct/avr/winavr/winavr/bin/../lib/gcc/avr/4.3.2/../../../../avr/lib/avr51/crtm128.o
 .data          0x00800100      0x22e main.o
                0x008002e0                artist
                0x008002fa                title
                0x00800314                tit_length
 .data          0x0080032e        0x0 c:/work/uc/mct/avr/winavr/winavr/bin/../lib/gcc/avr/4.3.2/../../../../avr/lib/avr51\libm.a(addsf3.o)
 .data          0x0080032e        0x0 c:/work/uc/mct/avr/winavr/winavr/bin/../lib/gcc/avr/4.3.2/../../../../avr/lib/avr51\libm.a(addsf3x.o)
 .data          0x0080032e        0x0 c:/work/uc/mct/avr/winavr/winavr/bin/../lib/gcc/avr/4.3.2/../../../../avr/lib/avr51\libm.a(cmpsf2.o)
 .data          0x0080032e        0x0 c:/work/uc/mct/avr/winavr/winavr/bin/../lib/gcc/avr/4.3.2/../../../../avr/lib/avr51\libm.a(divsf3.o)
 .data          0x0080032e        0x0 c:/work/uc/mct/avr/winavr/winavr/bin/../lib/gcc/avr/4.3.2/../../../../avr/lib/avr51\libm.a(divsf3x.o)
 .data          0x0080032e        0x0 c:/work/uc/mct/avr/winavr/winavr/bin/../lib/gcc/avr/4.3.2/../../../../avr/lib/avr51\libm.a(fixunssfsi.o)
 .data          0x0080032e        0x0 c:/work/uc/mct/avr/winavr/winavr/bin/../lib/gcc/avr/4.3.2/../../../../avr/lib/avr51\libm.a(floatsisf.o)
 .data          0x0080032e        0x0 c:/work/uc/mct/avr/winavr/winavr/bin/../lib/gcc/avr/4.3.2/../../../../avr/lib/avr51\libm.a(fp_cmp.o)
 .data          0x0080032e        0x0 c:/work/uc/mct/avr/winavr/winavr/bin/../lib/gcc/avr/4.3.2/../../../../avr/lib/avr51\libm.a(fp_inf.o)
 .data          0x0080032e        0x0 c:/work/uc/mct/avr/winavr/winavr/bin/../lib/gcc/avr/4.3.2/../../../../avr/lib/avr51\libm.a(fp_nan.o)
 .data          0x0080032e        0x0 c:/work/uc/mct/avr/winavr/winavr/bin/../lib/gcc/avr/4.3.2/../../../../avr/lib/avr51\libm.a(fp_pscA.o)
 .data          0x0080032e        0x0 c:/work/uc/mct/avr/winavr/winavr/bin/../lib/gcc/avr/4.3.2/../../../../avr/lib/avr51\libm.a(fp_pscB.o)
 .data          0x0080032e        0x0 c:/work/uc/mct/avr/winavr/winavr/bin/../lib/gcc/avr/4.3.2/../../../../avr/lib/avr51\libm.a(fp_round.o)
 .data          0x0080032e        0x0 c:/work/uc/mct/avr/winavr/winavr/bin/../lib/gcc/avr/4.3.2/../../../../avr/lib/avr51\libm.a(fp_split3.o)
 .data          0x0080032e        0x0 c:/work/uc/mct/avr/winavr/winavr/bin/../lib/gcc/avr/4.3.2/../../../../avr/lib/avr51\libm.a(fp_zero.o)
 .data          0x0080032e        0x0 c:/work/uc/mct/avr/winavr/winavr/bin/../lib/gcc/avr/4.3.2/../../../../avr/lib/avr51\libm.a(gesf2.o)
 .data          0x0080032e        0x0 c:/work/uc/mct/avr/winavr/winavr/bin/../lib/gcc/avr/4.3.2/../../../../avr/lib/avr51\libm.a(mulsf3.o)
 .data          0x0080032e        0x0 c:/work/uc/mct/avr/winavr/winavr/bin/../lib/gcc/avr/4.3.2/../../../../avr/lib/avr51\libm.a(mulsf3x.o)
 .data          0x0080032e        0x0 c:/work/uc/mct/avr/winavr/winavr/bin/../lib/gcc/avr/4.3.2/avr51\libgcc.a(_exit.o)
 .data          0x0080032e        0x0 c:/work/uc/mct/avr/winavr/winavr/bin/../lib/gcc/avr/4.3.2/avr51\libgcc.a(_clear_bss.o)
 *(.data*)
 *(.rodata)
 *(.rodata*)
 *(.gnu.linkonce.d*)
                0x0080032e                . = ALIGN (0x2)
                0x0080032e                _edata = .
                0x0080032e                PROVIDE (__data_end, .)

.bss            0x0080032e        0x9
                0x0080032e                PROVIDE (__bss_start, .)
 *(.bss)
 .bss           0x0080032e        0x0 c:/work/uc/mct/avr/winavr/winavr/bin/../lib/gcc/avr/4.3.2/../../../../avr/lib/avr51/crtm128.o
 .bss           0x0080032e        0x9 main.o
                0x00800331                title_pos
                0x0080032e                getting_artist
                0x00800332                getting_tit_length
                0x00800330                getting_title
                0x00800336                button
                0x00800333                tit_length_pos
                0x00800335                tit_time_ratio
                0x00800334                getting_tit_time_ratio
                0x0080032f                artist_pos
 .bss           0x00800337        0x0 c:/work/uc/mct/avr/winavr/winavr/bin/../lib/gcc/avr/4.3.2/../../../../avr/lib/avr51\libm.a(addsf3.o)
 .bss           0x00800337        0x0 c:/work/uc/mct/avr/winavr/winavr/bin/../lib/gcc/avr/4.3.2/../../../../avr/lib/avr51\libm.a(addsf3x.o)
 .bss           0x00800337        0x0 c:/work/uc/mct/avr/winavr/winavr/bin/../lib/gcc/avr/4.3.2/../../../../avr/lib/avr51\libm.a(cmpsf2.o)
 .bss           0x00800337        0x0 c:/work/uc/mct/avr/winavr/winavr/bin/../lib/gcc/avr/4.3.2/../../../../avr/lib/avr51\libm.a(divsf3.o)
 .bss           0x00800337        0x0 c:/work/uc/mct/avr/winavr/winavr/bin/../lib/gcc/avr/4.3.2/../../../../avr/lib/avr51\libm.a(divsf3x.o)
 .bss           0x00800337        0x0 c:/work/uc/mct/avr/winavr/winavr/bin/../lib/gcc/avr/4.3.2/../../../../avr/lib/avr51\libm.a(fixunssfsi.o)
 .bss           0x00800337        0x0 c:/work/uc/mct/avr/winavr/winavr/bin/../lib/gcc/avr/4.3.2/../../../../avr/lib/avr51\libm.a(floatsisf.o)
 .bss           0x00800337        0x0 c:/work/uc/mct/avr/winavr/winavr/bin/../lib/gcc/avr/4.3.2/../../../../avr/lib/avr51\libm.a(fp_cmp.o)
 .bss           0x00800337        0x0 c:/work/uc/mct/avr/winavr/winavr/bin/../lib/gcc/avr/4.3.2/../../../../avr/lib/avr51\libm.a(fp_inf.o)
 .bss           0x00800337        0x0 c:/work/uc/mct/avr/winavr/winavr/bin/../lib/gcc/avr/4.3.2/../../../../avr/lib/avr51\libm.a(fp_nan.o)
 .bss           0x00800337        0x0 c:/work/uc/mct/avr/winavr/winavr/bin/../lib/gcc/avr/4.3.2/../../../../avr/lib/avr51\libm.a(fp_pscA.o)
 .bss           0x00800337        0x0 c:/work/uc/mct/avr/winavr/winavr/bin/../lib/gcc/avr/4.3.2/../../../../avr/lib/avr51\libm.a(fp_pscB.o)
 .bss           0x00800337        0x0 c:/work/uc/mct/avr/winavr/winavr/bin/../lib/gcc/avr/4.3.2/../../../../avr/lib/avr51\libm.a(fp_round.o)
 .bss           0x00800337        0x0 c:/work/uc/mct/avr/winavr/winavr/bin/../lib/gcc/avr/4.3.2/../../../../avr/lib/avr51\libm.a(fp_split3.o)
 .bss           0x00800337        0x0 c:/work/uc/mct/avr/winavr/winavr/bin/../lib/gcc/avr/4.3.2/../../../../avr/lib/avr51\libm.a(fp_zero.o)
 .bss           0x00800337        0x0 c:/work/uc/mct/avr/winavr/winavr/bin/../lib/gcc/avr/4.3.2/../../../../avr/lib/avr51\libm.a(gesf2.o)
 .bss           0x00800337        0x0 c:/work/uc/mct/avr/winavr/winavr/bin/../lib/gcc/avr/4.3.2/../../../../avr/lib/avr51\libm.a(mulsf3.o)
 .bss           0x00800337        0x0 c:/work/uc/mct/avr/winavr/winavr/bin/../lib/gcc/avr/4.3.2/../../../../avr/lib/avr51\libm.a(mulsf3x.o)
 .bss           0x00800337        0x0 c:/work/uc/mct/avr/winavr/winavr/bin/../lib/gcc/avr/4.3.2/avr51\libgcc.a(_exit.o)
 .bss           0x00800337        0x0 c:/work/uc/mct/avr/winavr/winavr/bin/../lib/gcc/avr/4.3.2/avr51\libgcc.a(_clear_bss.o)
 *(.bss*)
 *(COMMON)
                0x00800337                PROVIDE (__bss_end, .)
                0x00001fe4                __data_load_start = LOADADDR (.data)
                0x00002212                __data_load_end = (__data_load_start + SIZEOF (.data))

.noinit         0x00800337        0x0
                0x00800337                PROVIDE (__noinit_start, .)
 *(.noinit*)
                0x00800337                PROVIDE (__noinit_end, .)
                0x00800337                _end = .
                0x00800337                PROVIDE (__heap_start, .)

.eeprom         0x00810000        0x0
 *(.eeprom*)
                0x00810000                __eeprom_end = .

.fuse
 *(.fuse)
 *(.lfuse)
 *(.hfuse)
 *(.efuse)

.lock
 *(.lock*)

.signature
 *(.signature*)

.stab           0x00000000     0x1aac
 *(.stab)
 .stab          0x00000000     0x1aac main.o

.stabstr        0x00000000      0xd1e
 *(.stabstr)
 .stabstr       0x00000000      0xd1e main.o

.stab.excl
 *(.stab.excl)

.stab.exclstr
 *(.stab.exclstr)

.stab.index
 *(.stab.index)

.stab.indexstr
 *(.stab.indexstr)

.comment
 *(.comment)

.debug
 *(.debug)

.line
 *(.line)

.debug_srcinfo
 *(.debug_srcinfo)

.debug_sfnames
 *(.debug_sfnames)

.debug_aranges
 *(.debug_aranges)

.debug_pubnames
 *(.debug_pubnames)

.debug_info
 *(.debug_info)
 *(.gnu.linkonce.wi.*)

.debug_abbrev
 *(.debug_abbrev)

.debug_line
 *(.debug_line)

.debug_frame
 *(.debug_frame)

.debug_str
 *(.debug_str)

.debug_loc
 *(.debug_loc)

.debug_macinfo
 *(.debug_macinfo)
OUTPUT(main.elf elf32-avr)
LOAD linker stubs

Cross Reference Table

Symbol                                            File
USART_Init                                        main.o
__addsf3                                          c:/work/uc/mct/avr/winavr/winavr/bin/../lib/gcc/avr/4.3.2/../../../../avr/lib/avr51\libm.a(addsf3.o)
                                                  main.o
__addsf3x                                         c:/work/uc/mct/avr/winavr/winavr/bin/../lib/gcc/avr/4.3.2/../../../../avr/lib/avr51\libm.a(addsf3x.o)
                                                  c:/work/uc/mct/avr/winavr/winavr/bin/../lib/gcc/avr/4.3.2/../../../../avr/lib/avr51\libm.a(addsf3.o)
__bad_interrupt                                   c:/work/uc/mct/avr/winavr/winavr/bin/../lib/gcc/avr/4.3.2/../../../../avr/lib/avr51/crtm128.o
__bss_end                                         c:/work/uc/mct/avr/winavr/winavr/bin/../lib/gcc/avr/4.3.2/avr51\libgcc.a(_clear_bss.o)
__bss_start                                       c:/work/uc/mct/avr/winavr/winavr/bin/../lib/gcc/avr/4.3.2/avr51\libgcc.a(_clear_bss.o)
__cmpsf2                                          c:/work/uc/mct/avr/winavr/winavr/bin/../lib/gcc/avr/4.3.2/../../../../avr/lib/avr51\libm.a(cmpsf2.o)
__data_end                                        c:/work/uc/mct/avr/winavr/winavr/bin/../lib/gcc/avr/4.3.2/../../../../avr/lib/avr51/crtm128.o
__data_load_start                                 c:/work/uc/mct/avr/winavr/winavr/bin/../lib/gcc/avr/4.3.2/../../../../avr/lib/avr51/crtm128.o
__data_start                                      c:/work/uc/mct/avr/winavr/winavr/bin/../lib/gcc/avr/4.3.2/../../../../avr/lib/avr51/crtm128.o
__divsf3                                          c:/work/uc/mct/avr/winavr/winavr/bin/../lib/gcc/avr/4.3.2/../../../../avr/lib/avr51\libm.a(divsf3.o)
                                                  main.o
__divsf3_pse                                      c:/work/uc/mct/avr/winavr/winavr/bin/../lib/gcc/avr/4.3.2/../../../../avr/lib/avr51\libm.a(divsf3x.o)
__divsf3x                                         c:/work/uc/mct/avr/winavr/winavr/bin/../lib/gcc/avr/4.3.2/../../../../avr/lib/avr51\libm.a(divsf3x.o)
                                                  c:/work/uc/mct/avr/winavr/winavr/bin/../lib/gcc/avr/4.3.2/../../../../avr/lib/avr51\libm.a(divsf3.o)
__do_clear_bss                                    c:/work/uc/mct/avr/winavr/winavr/bin/../lib/gcc/avr/4.3.2/avr51\libgcc.a(_clear_bss.o)
                                                  main.o
__do_copy_data                                    c:/work/uc/mct/avr/winavr/winavr/bin/../lib/gcc/avr/4.3.2/../../../../avr/lib/avr51/crtm128.o
                                                  main.o
__eqsf2                                           c:/work/uc/mct/avr/winavr/winavr/bin/../lib/gcc/avr/4.3.2/../../../../avr/lib/avr51\libm.a(cmpsf2.o)
__fixunssfsi                                      c:/work/uc/mct/avr/winavr/winavr/bin/../lib/gcc/avr/4.3.2/../../../../avr/lib/avr51\libm.a(fixunssfsi.o)
                                                  main.o
__floatsisf                                       c:/work/uc/mct/avr/winavr/winavr/bin/../lib/gcc/avr/4.3.2/../../../../avr/lib/avr51\libm.a(floatsisf.o)
                                                  main.o
__floatunsisf                                     c:/work/uc/mct/avr/winavr/winavr/bin/../lib/gcc/avr/4.3.2/../../../../avr/lib/avr51\libm.a(floatsisf.o)
__fp_cmp                                          c:/work/uc/mct/avr/winavr/winavr/bin/../lib/gcc/avr/4.3.2/../../../../avr/lib/avr51\libm.a(fp_cmp.o)
                                                  c:/work/uc/mct/avr/winavr/winavr/bin/../lib/gcc/avr/4.3.2/../../../../avr/lib/avr51\libm.a(gesf2.o)
                                                  c:/work/uc/mct/avr/winavr/winavr/bin/../lib/gcc/avr/4.3.2/../../../../avr/lib/avr51\libm.a(cmpsf2.o)
__fp_inf                                          c:/work/uc/mct/avr/winavr/winavr/bin/../lib/gcc/avr/4.3.2/../../../../avr/lib/avr51\libm.a(fp_inf.o)
                                                  c:/work/uc/mct/avr/winavr/winavr/bin/../lib/gcc/avr/4.3.2/../../../../avr/lib/avr51\libm.a(mulsf3x.o)
                                                  c:/work/uc/mct/avr/winavr/winavr/bin/../lib/gcc/avr/4.3.2/../../../../avr/lib/avr51\libm.a(divsf3x.o)
                                                  c:/work/uc/mct/avr/winavr/winavr/bin/../lib/gcc/avr/4.3.2/../../../../avr/lib/avr51\libm.a(addsf3x.o)
__fp_nan                                          c:/work/uc/mct/avr/winavr/winavr/bin/../lib/gcc/avr/4.3.2/../../../../avr/lib/avr51\libm.a(fp_nan.o)
                                                  c:/work/uc/mct/avr/winavr/winavr/bin/../lib/gcc/avr/4.3.2/../../../../avr/lib/avr51\libm.a(mulsf3x.o)
                                                  c:/work/uc/mct/avr/winavr/winavr/bin/../lib/gcc/avr/4.3.2/../../../../avr/lib/avr51\libm.a(divsf3x.o)
                                                  c:/work/uc/mct/avr/winavr/winavr/bin/../lib/gcc/avr/4.3.2/../../../../avr/lib/avr51\libm.a(addsf3x.o)
__fp_pscA                                         c:/work/uc/mct/avr/winavr/winavr/bin/../lib/gcc/avr/4.3.2/../../../../avr/lib/avr51\libm.a(fp_pscA.o)
                                                  c:/work/uc/mct/avr/winavr/winavr/bin/../lib/gcc/avr/4.3.2/../../../../avr/lib/avr51\libm.a(mulsf3x.o)
                                                  c:/work/uc/mct/avr/winavr/winavr/bin/../lib/gcc/avr/4.3.2/../../../../avr/lib/avr51\libm.a(divsf3x.o)
                                                  c:/work/uc/mct/avr/winavr/winavr/bin/../lib/gcc/avr/4.3.2/../../../../avr/lib/avr51\libm.a(addsf3x.o)
__fp_pscB                                         c:/work/uc/mct/avr/winavr/winavr/bin/../lib/gcc/avr/4.3.2/../../../../avr/lib/avr51\libm.a(fp_pscB.o)
                                                  c:/work/uc/mct/avr/winavr/winavr/bin/../lib/gcc/avr/4.3.2/../../../../avr/lib/avr51\libm.a(mulsf3x.o)
                                                  c:/work/uc/mct/avr/winavr/winavr/bin/../lib/gcc/avr/4.3.2/../../../../avr/lib/avr51\libm.a(divsf3x.o)
                                                  c:/work/uc/mct/avr/winavr/winavr/bin/../lib/gcc/avr/4.3.2/../../../../avr/lib/avr51\libm.a(addsf3x.o)
__fp_round                                        c:/work/uc/mct/avr/winavr/winavr/bin/../lib/gcc/avr/4.3.2/../../../../avr/lib/avr51\libm.a(fp_round.o)
                                                  c:/work/uc/mct/avr/winavr/winavr/bin/../lib/gcc/avr/4.3.2/../../../../avr/lib/avr51\libm.a(mulsf3.o)
                                                  c:/work/uc/mct/avr/winavr/winavr/bin/../lib/gcc/avr/4.3.2/../../../../avr/lib/avr51\libm.a(divsf3.o)
                                                  c:/work/uc/mct/avr/winavr/winavr/bin/../lib/gcc/avr/4.3.2/../../../../avr/lib/avr51\libm.a(addsf3.o)
__fp_split3                                       c:/work/uc/mct/avr/winavr/winavr/bin/../lib/gcc/avr/4.3.2/../../../../avr/lib/avr51\libm.a(fp_split3.o)
                                                  c:/work/uc/mct/avr/winavr/winavr/bin/../lib/gcc/avr/4.3.2/../../../../avr/lib/avr51\libm.a(mulsf3x.o)
                                                  c:/work/uc/mct/avr/winavr/winavr/bin/../lib/gcc/avr/4.3.2/../../../../avr/lib/avr51\libm.a(divsf3x.o)
                                                  c:/work/uc/mct/avr/winavr/winavr/bin/../lib/gcc/avr/4.3.2/../../../../avr/lib/avr51\libm.a(addsf3x.o)
__fp_splitA                                       c:/work/uc/mct/avr/winavr/winavr/bin/../lib/gcc/avr/4.3.2/../../../../avr/lib/avr51\libm.a(fp_split3.o)
                                                  c:/work/uc/mct/avr/winavr/winavr/bin/../lib/gcc/avr/4.3.2/../../../../avr/lib/avr51\libm.a(fixunssfsi.o)
__fp_szero                                        c:/work/uc/mct/avr/winavr/winavr/bin/../lib/gcc/avr/4.3.2/../../../../avr/lib/avr51\libm.a(fp_zero.o)
                                                  c:/work/uc/mct/avr/winavr/winavr/bin/../lib/gcc/avr/4.3.2/../../../../avr/lib/avr51\libm.a(mulsf3x.o)
                                                  c:/work/uc/mct/avr/winavr/winavr/bin/../lib/gcc/avr/4.3.2/../../../../avr/lib/avr51\libm.a(divsf3x.o)
__fp_zero                                         c:/work/uc/mct/avr/winavr/winavr/bin/../lib/gcc/avr/4.3.2/../../../../avr/lib/avr51\libm.a(fp_zero.o)
                                                  c:/work/uc/mct/avr/winavr/winavr/bin/../lib/gcc/avr/4.3.2/../../../../avr/lib/avr51\libm.a(fixunssfsi.o)
                                                  c:/work/uc/mct/avr/winavr/winavr/bin/../lib/gcc/avr/4.3.2/../../../../avr/lib/avr51\libm.a(addsf3x.o)
__gesf2                                           c:/work/uc/mct/avr/winavr/winavr/bin/../lib/gcc/avr/4.3.2/../../../../avr/lib/avr51\libm.a(gesf2.o)
__gtsf2                                           c:/work/uc/mct/avr/winavr/winavr/bin/../lib/gcc/avr/4.3.2/../../../../avr/lib/avr51\libm.a(gesf2.o)
                                                  main.o
__heap_end                                        c:/work/uc/mct/avr/winavr/winavr/bin/../lib/gcc/avr/4.3.2/../../../../avr/lib/avr51/crtm128.o
__init                                            c:/work/uc/mct/avr/winavr/winavr/bin/../lib/gcc/avr/4.3.2/../../../../avr/lib/avr51/crtm128.o
__lesf2                                           c:/work/uc/mct/avr/winavr/winavr/bin/../lib/gcc/avr/4.3.2/../../../../avr/lib/avr51\libm.a(cmpsf2.o)
                                                  main.o
__ltsf2                                           c:/work/uc/mct/avr/winavr/winavr/bin/../lib/gcc/avr/4.3.2/../../../../avr/lib/avr51\libm.a(cmpsf2.o)
                                                  main.o
__mulsf3                                          c:/work/uc/mct/avr/winavr/winavr/bin/../lib/gcc/avr/4.3.2/../../../../avr/lib/avr51\libm.a(mulsf3.o)
                                                  main.o
__mulsf3_pse                                      c:/work/uc/mct/avr/winavr/winavr/bin/../lib/gcc/avr/4.3.2/../../../../avr/lib/avr51\libm.a(mulsf3x.o)
__mulsf3x                                         c:/work/uc/mct/avr/winavr/winavr/bin/../lib/gcc/avr/4.3.2/../../../../avr/lib/avr51\libm.a(mulsf3x.o)
                                                  c:/work/uc/mct/avr/winavr/winavr/bin/../lib/gcc/avr/4.3.2/../../../../avr/lib/avr51\libm.a(mulsf3.o)
__nesf2                                           c:/work/uc/mct/avr/winavr/winavr/bin/../lib/gcc/avr/4.3.2/../../../../avr/lib/avr51\libm.a(cmpsf2.o)
__stack                                           c:/work/uc/mct/avr/winavr/winavr/bin/../lib/gcc/avr/4.3.2/../../../../avr/lib/avr51/crtm128.o
__subsf3                                          c:/work/uc/mct/avr/winavr/winavr/bin/../lib/gcc/avr/4.3.2/../../../../avr/lib/avr51\libm.a(addsf3.o)
__vector_1                                        c:/work/uc/mct/avr/winavr/winavr/bin/../lib/gcc/avr/4.3.2/../../../../avr/lib/avr51/crtm128.o
__vector_10                                       c:/work/uc/mct/avr/winavr/winavr/bin/../lib/gcc/avr/4.3.2/../../../../avr/lib/avr51/crtm128.o
__vector_11                                       c:/work/uc/mct/avr/winavr/winavr/bin/../lib/gcc/avr/4.3.2/../../../../avr/lib/avr51/crtm128.o
__vector_12                                       c:/work/uc/mct/avr/winavr/winavr/bin/../lib/gcc/avr/4.3.2/../../../../avr/lib/avr51/crtm128.o
__vector_13                                       c:/work/uc/mct/avr/winavr/winavr/bin/../lib/gcc/avr/4.3.2/../../../../avr/lib/avr51/crtm128.o
__vector_14                                       c:/work/uc/mct/avr/winavr/winavr/bin/../lib/gcc/avr/4.3.2/../../../../avr/lib/avr51/crtm128.o
__vector_15                                       c:/work/uc/mct/avr/winavr/winavr/bin/../lib/gcc/avr/4.3.2/../../../../avr/lib/avr51/crtm128.o
__vector_16                                       c:/work/uc/mct/avr/winavr/winavr/bin/../lib/gcc/avr/4.3.2/../../../../avr/lib/avr51/crtm128.o
__vector_17                                       c:/work/uc/mct/avr/winavr/winavr/bin/../lib/gcc/avr/4.3.2/../../../../avr/lib/avr51/crtm128.o
__vector_18                                       main.o
                                                  c:/work/uc/mct/avr/winavr/winavr/bin/../lib/gcc/avr/4.3.2/../../../../avr/lib/avr51/crtm128.o
__vector_19                                       c:/work/uc/mct/avr/winavr/winavr/bin/../lib/gcc/avr/4.3.2/../../../../avr/lib/avr51/crtm128.o
__vector_2                                        c:/work/uc/mct/avr/winavr/winavr/bin/../lib/gcc/avr/4.3.2/../../../../avr/lib/avr51/crtm128.o
__vector_20                                       c:/work/uc/mct/avr/winavr/winavr/bin/../lib/gcc/avr/4.3.2/../../../../avr/lib/avr51/crtm128.o
__vector_21                                       c:/work/uc/mct/avr/winavr/winavr/bin/../lib/gcc/avr/4.3.2/../../../../avr/lib/avr51/crtm128.o
__vector_22                                       c:/work/uc/mct/avr/winavr/winavr/bin/../lib/gcc/avr/4.3.2/../../../../avr/lib/avr51/crtm128.o
__vector_23                                       c:/work/uc/mct/avr/winavr/winavr/bin/../lib/gcc/avr/4.3.2/../../../../avr/lib/avr51/crtm128.o
__vector_24                                       c:/work/uc/mct/avr/winavr/winavr/bin/../lib/gcc/avr/4.3.2/../../../../avr/lib/avr51/crtm128.o
__vector_25                                       c:/work/uc/mct/avr/winavr/winavr/bin/../lib/gcc/avr/4.3.2/../../../../avr/lib/avr51/crtm128.o
__vector_26                                       c:/work/uc/mct/avr/winavr/winavr/bin/../lib/gcc/avr/4.3.2/../../../../avr/lib/avr51/crtm128.o
__vector_27                                       c:/work/uc/mct/avr/winavr/winavr/bin/../lib/gcc/avr/4.3.2/../../../../avr/lib/avr51/crtm128.o
__vector_28                                       c:/work/uc/mct/avr/winavr/winavr/bin/../lib/gcc/avr/4.3.2/../../../../avr/lib/avr51/crtm128.o
__vector_29                                       c:/work/uc/mct/avr/winavr/winavr/bin/../lib/gcc/avr/4.3.2/../../../../avr/lib/avr51/crtm128.o
__vector_3                                        c:/work/uc/mct/avr/winavr/winavr/bin/../lib/gcc/avr/4.3.2/../../../../avr/lib/avr51/crtm128.o
__vector_30                                       c:/work/uc/mct/avr/winavr/winavr/bin/../lib/gcc/avr/4.3.2/../../../../avr/lib/avr51/crtm128.o
__vector_31                                       c:/work/uc/mct/avr/winavr/winavr/bin/../lib/gcc/avr/4.3.2/../../../../avr/lib/avr51/crtm128.o
__vector_32                                       c:/work/uc/mct/avr/winavr/winavr/bin/../lib/gcc/avr/4.3.2/../../../../avr/lib/avr51/crtm128.o
__vector_33                                       c:/work/uc/mct/avr/winavr/winavr/bin/../lib/gcc/avr/4.3.2/../../../../avr/lib/avr51/crtm128.o
__vector_34                                       c:/work/uc/mct/avr/winavr/winavr/bin/../lib/gcc/avr/4.3.2/../../../../avr/lib/avr51/crtm128.o
__vector_4                                        c:/work/uc/mct/avr/winavr/winavr/bin/../lib/gcc/avr/4.3.2/../../../../avr/lib/avr51/crtm128.o
__vector_5                                        c:/work/uc/mct/avr/winavr/winavr/bin/../lib/gcc/avr/4.3.2/../../../../avr/lib/avr51/crtm128.o
__vector_6                                        c:/work/uc/mct/avr/winavr/winavr/bin/../lib/gcc/avr/4.3.2/../../../../avr/lib/avr51/crtm128.o
__vector_7                                        c:/work/uc/mct/avr/winavr/winavr/bin/../lib/gcc/avr/4.3.2/../../../../avr/lib/avr51/crtm128.o
__vector_8                                        c:/work/uc/mct/avr/winavr/winavr/bin/../lib/gcc/avr/4.3.2/../../../../avr/lib/avr51/crtm128.o
__vector_9                                        c:/work/uc/mct/avr/winavr/winavr/bin/../lib/gcc/avr/4.3.2/../../../../avr/lib/avr51/crtm128.o
__vector_default                                  c:/work/uc/mct/avr/winavr/winavr/bin/../lib/gcc/avr/4.3.2/../../../../avr/lib/avr51/crtm128.o
__vectors                                         c:/work/uc/mct/avr/winavr/winavr/bin/../lib/gcc/avr/4.3.2/../../../../avr/lib/avr51/crtm128.o
_exit                                             c:/work/uc/mct/avr/winavr/winavr/bin/../lib/gcc/avr/4.3.2/avr51\libgcc.a(_exit.o)
artist                                            main.o
artist_pos                                        main.o
button                                            main.o
delay_ms_long                                     main.o
exit                                              c:/work/uc/mct/avr/winavr/winavr/bin/../lib/gcc/avr/4.3.2/avr51\libgcc.a(_exit.o)
                                                  c:/work/uc/mct/avr/winavr/winavr/bin/../lib/gcc/avr/4.3.2/../../../../avr/lib/avr51/crtm128.o
g_draw_char                                       main.o
g_draw_horizontal_line                            main.o
g_draw_layout                                     main.o
g_draw_prog                                       main.o
g_draw_rectangle                                  main.o
g_draw_string                                     main.o
g_draw_triangel_right                             main.o
g_draw_vertical_line                              main.o
get_in_pin                                        main.o
getting_artist                                    main.o
getting_tit_length                                main.o
getting_tit_time_ratio                            main.o
getting_title                                     main.o
init_in_ana                                       main.o
init_in_pin                                       main.o
init_in_port                                      main.o
init_out_pin                                      main.o
init_out_port                                     main.o
init_serial                                       main.o
lcd_graphics_clear                                main.o
lcd_graphics_draw_byte                            main.o
lcd_graphics_init                                 main.o
lcd_graphics_move                                 main.o
lcd_graphics_plot_byte                            main.o
lcd_graphics_plot_pixel                           main.o
lcd_strobe_enable                                 main.o
lcd_wait_busy                                     main.o
lcd_write_command                                 main.o
main                                              main.o
                                                  c:/work/uc/mct/avr/winavr/winavr/bin/../lib/gcc/avr/4.3.2/../../../../avr/lib/avr51/crtm128.o
read_adc                                          main.o
reset_pin                                         main.o
set_pin                                           main.o
tit_length                                        main.o
tit_length_pos                                    main.o
tit_time_ratio                                    main.o
title                                             main.o
title_pos                                         main.o
toggle_pin                                        main.o
