Archive member included because of file (symbol)

h:/_privat/_programming/avr/winavr/winavr/bin/../lib/gcc/avr/4.3.2/avr25\libgcc.a(_divmodhi4.o)
                              main.o (__divmodhi4)
h:/_privat/_programming/avr/winavr/winavr/bin/../lib/gcc/avr/4.3.2/avr25\libgcc.a(_exit.o)
                              h:/_privat/_programming/avr/winavr/winavr/bin/../lib/gcc/avr/4.3.2/../../../../avr/lib/avr25/crttn2313.o (exit)
h:/_privat/_programming/avr/winavr/winavr/bin/../lib/gcc/avr/4.3.2/avr25\libgcc.a(_copy_data.o)
                              main.o (__do_copy_data)
h:/_privat/_programming/avr/winavr/winavr/bin/../lib/gcc/avr/4.3.2/avr25\libgcc.a(_udivmodhi4.o)
                              h:/_privat/_programming/avr/winavr/winavr/bin/../lib/gcc/avr/4.3.2/avr25\libgcc.a(_divmodhi4.o) (__udivmodhi4)
h:/_privat/_programming/avr/winavr/winavr/bin/../lib/gcc/avr/4.3.2/../../../../avr/lib/avr25\libc.a(rand.o)
                              main.o (rand)
h:/_privat/_programming/avr/winavr/winavr/bin/../lib/gcc/avr/4.3.2/avr25\libgcc.a(_mulsi3.o)
                              h:/_privat/_programming/avr/winavr/winavr/bin/../lib/gcc/avr/4.3.2/../../../../avr/lib/avr25\libc.a(rand.o) (__mulsi3)
h:/_privat/_programming/avr/winavr/winavr/bin/../lib/gcc/avr/4.3.2/avr25\libgcc.a(_divmodsi4.o)
                              h:/_privat/_programming/avr/winavr/winavr/bin/../lib/gcc/avr/4.3.2/../../../../avr/lib/avr25\libc.a(rand.o) (__divmodsi4)
h:/_privat/_programming/avr/winavr/winavr/bin/../lib/gcc/avr/4.3.2/avr25\libgcc.a(_prologue.o)
                              h:/_privat/_programming/avr/winavr/winavr/bin/../lib/gcc/avr/4.3.2/../../../../avr/lib/avr25\libc.a(rand.o) (__prologue_saves__)
h:/_privat/_programming/avr/winavr/winavr/bin/../lib/gcc/avr/4.3.2/avr25\libgcc.a(_epilogue.o)
                              h:/_privat/_programming/avr/winavr/winavr/bin/../lib/gcc/avr/4.3.2/../../../../avr/lib/avr25\libc.a(rand.o) (__epilogue_restores__)
h:/_privat/_programming/avr/winavr/winavr/bin/../lib/gcc/avr/4.3.2/avr25\libgcc.a(_udivmodsi4.o)
                              h:/_privat/_programming/avr/winavr/winavr/bin/../lib/gcc/avr/4.3.2/avr25\libgcc.a(_divmodsi4.o) (__udivmodsi4)

Memory Configuration

Name             Origin             Length             Attributes
text             0x00000000         0x00002000         xr
data             0x00800060         0x0000ffa0         rw !x
eeprom           0x00810000         0x00010000         rw !x
fuse             0x00820000         0x00000400         rw !x
lock             0x00830000         0x00000400         rw !x
signature        0x00840000         0x00000400         rw !x
*default*        0x00000000         0xffffffff

Linker script and memory map

LOAD h:/_privat/_programming/avr/winavr/winavr/bin/../lib/gcc/avr/4.3.2/../../../../avr/lib/avr25/crttn2313.o
LOAD main.o
LOAD h:/_privat/_programming/avr/winavr/winavr/bin/../lib/gcc/avr/4.3.2/../../../../avr/lib/avr25\libm.a
LOAD h:/_privat/_programming/avr/winavr/winavr/bin/../lib/gcc/avr/4.3.2/avr25\libgcc.a
LOAD h:/_privat/_programming/avr/winavr/winavr/bin/../lib/gcc/avr/4.3.2/../../../../avr/lib/avr25\libc.a
LOAD h:/_privat/_programming/avr/winavr/winavr/bin/../lib/gcc/avr/4.3.2/avr25\libgcc.a

.hash
 *(.hash)

.dynsym
 *(.dynsym)

.dynstr
 *(.dynstr)

.gnu.version
 *(.gnu.version)

.gnu.version_d
 *(.gnu.version_d)

.gnu.version_r
 *(.gnu.version_r)

.rel.init
 *(.rel.init)

.rela.init
 *(.rela.init)

.rel.text
 *(.rel.text)
 *(.rel.text.*)
 *(.rel.gnu.linkonce.t*)

.rela.text
 *(.rela.text)
 *(.rela.text.*)
 *(.rela.gnu.linkonce.t*)

.rel.fini
 *(.rel.fini)

.rela.fini
 *(.rela.fini)

.rel.rodata
 *(.rel.rodata)
 *(.rel.rodata.*)
 *(.rel.gnu.linkonce.r*)

.rela.rodata
 *(.rela.rodata)
 *(.rela.rodata.*)
 *(.rela.gnu.linkonce.r*)

.rel.data
 *(.rel.data)
 *(.rel.data.*)
 *(.rel.gnu.linkonce.d*)

.rela.data
 *(.rela.data)
 *(.rela.data.*)
 *(.rela.gnu.linkonce.d*)

.rel.ctors
 *(.rel.ctors)

.rela.ctors
 *(.rela.ctors)

.rel.dtors
 *(.rel.dtors)

.rela.dtors
 *(.rela.dtors)

.rel.got
 *(.rel.got)

.rela.got
 *(.rela.got)

.rel.bss
 *(.rel.bss)

.rela.bss
 *(.rela.bss)

.rel.plt
 *(.rel.plt)

.rela.plt
 *(.rela.plt)

.text           0x00000000      0x4f6
 *(.vectors)
 .vectors       0x00000000       0x26 h:/_privat/_programming/avr/winavr/winavr/bin/../lib/gcc/avr/4.3.2/../../../../avr/lib/avr25/crttn2313.o
                0x00000000                __vectors
                0x00000000                __vector_default
 *(.vectors)
 *(.progmem.gcc*)
 *(.progmem*)
                0x00000026                . = ALIGN (0x2)
                0x00000026                __trampolines_start = .
 *(.trampolines)
 .trampolines   0x00000026        0x0 linker stubs
 *(.trampolines*)
                0x00000026                __trampolines_end = .
 *(.jumptables)
 *(.jumptables*)
 *(.lowtext)
 *(.lowtext*)
                0x00000026                __ctors_start = .
 *(.ctors)
                0x00000026                __ctors_end = .
                0x00000026                __dtors_start = .
 *(.dtors)
                0x00000026                __dtors_end = .
 SORT(*)(.ctors)
 SORT(*)(.dtors)
 *(.init0)
 .init0         0x00000026        0x0 h:/_privat/_programming/avr/winavr/winavr/bin/../lib/gcc/avr/4.3.2/../../../../avr/lib/avr25/crttn2313.o
                0x00000026                __init
 *(.init0)
 *(.init1)
 *(.init1)
 *(.init2)
 .init2         0x00000026        0x8 h:/_privat/_programming/avr/winavr/winavr/bin/../lib/gcc/avr/4.3.2/../../../../avr/lib/avr25/crttn2313.o
 *(.init2)
 *(.init3)
 *(.init3)
 *(.init4)
 .init4         0x0000002e       0x16 h:/_privat/_programming/avr/winavr/winavr/bin/../lib/gcc/avr/4.3.2/avr25\libgcc.a(_copy_data.o)
                0x0000002e                __do_copy_data
 *(.init4)
 *(.init5)
 *(.init5)
 *(.init6)
 *(.init6)
 *(.init7)
 *(.init7)
 *(.init8)
 *(.init8)
 *(.init9)
 .init9         0x00000044        0x4 h:/_privat/_programming/avr/winavr/winavr/bin/../lib/gcc/avr/4.3.2/../../../../avr/lib/avr25/crttn2313.o
 *(.init9)
 *(.text)
 .text          0x00000048        0x2 h:/_privat/_programming/avr/winavr/winavr/bin/../lib/gcc/avr/4.3.2/../../../../avr/lib/avr25/crttn2313.o
                0x00000048                __vector_1
                0x00000048                __vector_12
                0x00000048                __bad_interrupt
                0x00000048                __vector_3
                0x00000048                __vector_11
                0x00000048                __vector_13
                0x00000048                __vector_17
                0x00000048                __vector_7
                0x00000048                __vector_5
                0x00000048                __vector_4
                0x00000048                __vector_9
                0x00000048                __vector_2
                0x00000048                __vector_15
                0x00000048                __vector_8
                0x00000048                __vector_14
                0x00000048                __vector_10
                0x00000048                __vector_16
                0x00000048                __vector_18
 .text          0x0000004a      0x28e main.o
                0x0000004a                __vector_6
                0x00000150                main
 .text          0x000002d8        0x0 h:/_privat/_programming/avr/winavr/winavr/bin/../lib/gcc/avr/4.3.2/avr25\libgcc.a(_divmodhi4.o)
 .text          0x000002d8        0x0 h:/_privat/_programming/avr/winavr/winavr/bin/../lib/gcc/avr/4.3.2/avr25\libgcc.a(_exit.o)
 .text          0x000002d8        0x0 h:/_privat/_programming/avr/winavr/winavr/bin/../lib/gcc/avr/4.3.2/avr25\libgcc.a(_copy_data.o)
 .text          0x000002d8        0x0 h:/_privat/_programming/avr/winavr/winavr/bin/../lib/gcc/avr/4.3.2/avr25\libgcc.a(_udivmodhi4.o)
 .text          0x000002d8       0xb2 h:/_privat/_programming/avr/winavr/winavr/bin/../lib/gcc/avr/4.3.2/../../../../avr/lib/avr25\libc.a(rand.o)
                0x00000368                rand_r
                0x0000036c                rand
                0x00000374                srand
 .text          0x0000038a        0x0 h:/_privat/_programming/avr/winavr/winavr/bin/../lib/gcc/avr/4.3.2/avr25\libgcc.a(_mulsi3.o)
 .text          0x0000038a        0x0 h:/_privat/_programming/avr/winavr/winavr/bin/../lib/gcc/avr/4.3.2/avr25\libgcc.a(_divmodsi4.o)
 .text          0x0000038a        0x0 h:/_privat/_programming/avr/winavr/winavr/bin/../lib/gcc/avr/4.3.2/avr25\libgcc.a(_prologue.o)
 .text          0x0000038a        0x0 h:/_privat/_programming/avr/winavr/winavr/bin/../lib/gcc/avr/4.3.2/avr25\libgcc.a(_epilogue.o)
 .text          0x0000038a        0x0 h:/_privat/_programming/avr/winavr/winavr/bin/../lib/gcc/avr/4.3.2/avr25\libgcc.a(_udivmodsi4.o)
                0x0000038a                . = ALIGN (0x2)
 *(.text.*)
 .text.libgcc   0x0000038a       0x26 h:/_privat/_programming/avr/winavr/winavr/bin/../lib/gcc/avr/4.3.2/avr25\libgcc.a(_divmodhi4.o)
                0x0000038a                __divmodhi4
                0x0000038a                _div
 .text.libgcc   0x000003b0        0x0 h:/_privat/_programming/avr/winavr/winavr/bin/../lib/gcc/avr/4.3.2/avr25\libgcc.a(_exit.o)
 .text.libgcc   0x000003b0        0x0 h:/_privat/_programming/avr/winavr/winavr/bin/../lib/gcc/avr/4.3.2/avr25\libgcc.a(_copy_data.o)
 .text.libgcc   0x000003b0       0x28 h:/_privat/_programming/avr/winavr/winavr/bin/../lib/gcc/avr/4.3.2/avr25\libgcc.a(_udivmodhi4.o)
                0x000003b0                __udivmodhi4
 .text.libgcc   0x000003d8       0x32 h:/_privat/_programming/avr/winavr/winavr/bin/../lib/gcc/avr/4.3.2/avr25\libgcc.a(_mulsi3.o)
                0x000003d8                __mulsi3
 .text.libgcc   0x0000040a       0x36 h:/_privat/_programming/avr/winavr/winavr/bin/../lib/gcc/avr/4.3.2/avr25\libgcc.a(_divmodsi4.o)
                0x0000040a                __divmodsi4
 .text.libgcc   0x00000440       0x38 h:/_privat/_programming/avr/winavr/winavr/bin/../lib/gcc/avr/4.3.2/avr25\libgcc.a(_prologue.o)
                0x00000440                __prologue_saves__
 .text.libgcc   0x00000478       0x36 h:/_privat/_programming/avr/winavr/winavr/bin/../lib/gcc/avr/4.3.2/avr25\libgcc.a(_epilogue.o)
                0x00000478                __epilogue_restores__
 .text.libgcc   0x000004ae       0x44 h:/_privat/_programming/avr/winavr/winavr/bin/../lib/gcc/avr/4.3.2/avr25\libgcc.a(_udivmodsi4.o)
                0x000004ae                __udivmodsi4
                0x000004f2                . = ALIGN (0x2)
 *(.fini9)
 .fini9         0x000004f2        0x0 h:/_privat/_programming/avr/winavr/winavr/bin/../lib/gcc/avr/4.3.2/avr25\libgcc.a(_exit.o)
                0x000004f2                exit
                0x000004f2                _exit
 *(.fini9)
 *(.fini8)
 *(.fini8)
 *(.fini7)
 *(.fini7)
 *(.fini6)
 *(.fini6)
 *(.fini5)
 *(.fini5)
 *(.fini4)
 *(.fini4)
 *(.fini3)
 *(.fini3)
 *(.fini2)
 *(.fini2)
 *(.fini1)
 *(.fini1)
 *(.fini0)
 .fini0         0x000004f2        0x4 h:/_privat/_programming/avr/winavr/winavr/bin/../lib/gcc/avr/4.3.2/avr25\libgcc.a(_exit.o)
 *(.fini0)
                0x000004f6                _etext = .

.data           0x00800060        0xc load address 0x000004f6
                0x00800060                PROVIDE (__data_start, .)
 *(.data)
 .data          0x00800060        0x0 h:/_privat/_programming/avr/winavr/winavr/bin/../lib/gcc/avr/4.3.2/../../../../avr/lib/avr25/crttn2313.o
 .data          0x00800060        0x8 main.o
                0x00800060                ovrflw_cnt
                0x00800062                rgb
                0x00800065                rgb_fade
 .data          0x00800068        0x0 h:/_privat/_programming/avr/winavr/winavr/bin/../lib/gcc/avr/4.3.2/avr25\libgcc.a(_divmodhi4.o)
 .data          0x00800068        0x0 h:/_privat/_programming/avr/winavr/winavr/bin/../lib/gcc/avr/4.3.2/avr25\libgcc.a(_exit.o)
 .data          0x00800068        0x0 h:/_privat/_programming/avr/winavr/winavr/bin/../lib/gcc/avr/4.3.2/avr25\libgcc.a(_copy_data.o)
 .data          0x00800068        0x0 h:/_privat/_programming/avr/winavr/winavr/bin/../lib/gcc/avr/4.3.2/avr25\libgcc.a(_udivmodhi4.o)
 .data          0x00800068        0x4 h:/_privat/_programming/avr/winavr/winavr/bin/../lib/gcc/avr/4.3.2/../../../../avr/lib/avr25\libc.a(rand.o)
 .data          0x0080006c        0x0 h:/_privat/_programming/avr/winavr/winavr/bin/../lib/gcc/avr/4.3.2/avr25\libgcc.a(_mulsi3.o)
 .data          0x0080006c        0x0 h:/_privat/_programming/avr/winavr/winavr/bin/../lib/gcc/avr/4.3.2/avr25\libgcc.a(_divmodsi4.o)
 .data          0x0080006c        0x0 h:/_privat/_programming/avr/winavr/winavr/bin/../lib/gcc/avr/4.3.2/avr25\libgcc.a(_prologue.o)
 .data          0x0080006c        0x0 h:/_privat/_programming/avr/winavr/winavr/bin/../lib/gcc/avr/4.3.2/avr25\libgcc.a(_epilogue.o)
 .data          0x0080006c        0x0 h:/_privat/_programming/avr/winavr/winavr/bin/../lib/gcc/avr/4.3.2/avr25\libgcc.a(_udivmodsi4.o)
 *(.data*)
 *(.rodata)
 *(.rodata*)
 *(.gnu.linkonce.d*)
                0x0080006c                . = ALIGN (0x2)
                0x0080006c                _edata = .
                0x0080006c                PROVIDE (__data_end, .)

.bss            0x0080006c        0x0
                0x0080006c                PROVIDE (__bss_start, .)
 *(.bss)
 .bss           0x0080006c        0x0 h:/_privat/_programming/avr/winavr/winavr/bin/../lib/gcc/avr/4.3.2/../../../../avr/lib/avr25/crttn2313.o
 .bss           0x0080006c        0x0 main.o
 .bss           0x0080006c        0x0 h:/_privat/_programming/avr/winavr/winavr/bin/../lib/gcc/avr/4.3.2/avr25\libgcc.a(_divmodhi4.o)
 .bss           0x0080006c        0x0 h:/_privat/_programming/avr/winavr/winavr/bin/../lib/gcc/avr/4.3.2/avr25\libgcc.a(_exit.o)
 .bss           0x0080006c        0x0 h:/_privat/_programming/avr/winavr/winavr/bin/../lib/gcc/avr/4.3.2/avr25\libgcc.a(_copy_data.o)
 .bss           0x0080006c        0x0 h:/_privat/_programming/avr/winavr/winavr/bin/../lib/gcc/avr/4.3.2/avr25\libgcc.a(_udivmodhi4.o)
 .bss           0x0080006c        0x0 h:/_privat/_programming/avr/winavr/winavr/bin/../lib/gcc/avr/4.3.2/../../../../avr/lib/avr25\libc.a(rand.o)
 .bss           0x0080006c        0x0 h:/_privat/_programming/avr/winavr/winavr/bin/../lib/gcc/avr/4.3.2/avr25\libgcc.a(_mulsi3.o)
 .bss           0x0080006c        0x0 h:/_privat/_programming/avr/winavr/winavr/bin/../lib/gcc/avr/4.3.2/avr25\libgcc.a(_divmodsi4.o)
 .bss           0x0080006c        0x0 h:/_privat/_programming/avr/winavr/winavr/bin/../lib/gcc/avr/4.3.2/avr25\libgcc.a(_prologue.o)
 .bss           0x0080006c        0x0 h:/_privat/_programming/avr/winavr/winavr/bin/../lib/gcc/avr/4.3.2/avr25\libgcc.a(_epilogue.o)
 .bss           0x0080006c        0x0 h:/_privat/_programming/avr/winavr/winavr/bin/../lib/gcc/avr/4.3.2/avr25\libgcc.a(_udivmodsi4.o)
 *(.bss*)
 *(COMMON)
                0x0080006c                PROVIDE (__bss_end, .)
                0x000004f6                __data_load_start = LOADADDR (.data)
                0x00000502                __data_load_end = (__data_load_start + SIZEOF (.data))

.noinit         0x0080006c        0x0
                0x0080006c                PROVIDE (__noinit_start, .)
 *(.noinit*)
                0x0080006c                PROVIDE (__noinit_end, .)
                0x0080006c                _end = .
                0x0080006c                PROVIDE (__heap_start, .)

.eeprom         0x00810000        0x0
 *(.eeprom*)
                0x00810000                __eeprom_end = .

.fuse
 *(.fuse)
 *(.lfuse)
 *(.hfuse)
 *(.efuse)

.lock
 *(.lock*)

.signature
 *(.signature*)

.stab           0x00000000      0x558
 *(.stab)
 .stab          0x00000000      0x558 main.o

.stabstr        0x00000000      0x96d
 *(.stabstr)
 .stabstr       0x00000000      0x96d main.o

.stab.excl
 *(.stab.excl)

.stab.exclstr
 *(.stab.exclstr)

.stab.index
 *(.stab.index)

.stab.indexstr
 *(.stab.indexstr)

.comment
 *(.comment)

.debug
 *(.debug)

.line
 *(.line)

.debug_srcinfo
 *(.debug_srcinfo)

.debug_sfnames
 *(.debug_sfnames)

.debug_aranges
 *(.debug_aranges)

.debug_pubnames
 *(.debug_pubnames)

.debug_info
 *(.debug_info)
 *(.gnu.linkonce.wi.*)

.debug_abbrev
 *(.debug_abbrev)

.debug_line
 *(.debug_line)

.debug_frame
 *(.debug_frame)

.debug_str
 *(.debug_str)

.debug_loc
 *(.debug_loc)

.debug_macinfo
 *(.debug_macinfo)
OUTPUT(main.elf elf32-avr)
LOAD linker stubs

Cross Reference Table

Symbol                                            File
__bad_interrupt                                   h:/_privat/_programming/avr/winavr/winavr/bin/../lib/gcc/avr/4.3.2/../../../../avr/lib/avr25/crttn2313.o
__data_end                                        h:/_privat/_programming/avr/winavr/winavr/bin/../lib/gcc/avr/4.3.2/avr25\libgcc.a(_copy_data.o)
__data_load_start                                 h:/_privat/_programming/avr/winavr/winavr/bin/../lib/gcc/avr/4.3.2/avr25\libgcc.a(_copy_data.o)
__data_start                                      h:/_privat/_programming/avr/winavr/winavr/bin/../lib/gcc/avr/4.3.2/avr25\libgcc.a(_copy_data.o)
__divmodhi4                                       h:/_privat/_programming/avr/winavr/winavr/bin/../lib/gcc/avr/4.3.2/avr25\libgcc.a(_divmodhi4.o)
                                                  main.o
__divmodsi4                                       h:/_privat/_programming/avr/winavr/winavr/bin/../lib/gcc/avr/4.3.2/avr25\libgcc.a(_divmodsi4.o)
                                                  h:/_privat/_programming/avr/winavr/winavr/bin/../lib/gcc/avr/4.3.2/../../../../avr/lib/avr25\libc.a(rand.o)
__do_copy_data                                    h:/_privat/_programming/avr/winavr/winavr/bin/../lib/gcc/avr/4.3.2/avr25\libgcc.a(_copy_data.o)
                                                  h:/_privat/_programming/avr/winavr/winavr/bin/../lib/gcc/avr/4.3.2/../../../../avr/lib/avr25\libc.a(rand.o)
                                                  main.o
__epilogue_restores__                             h:/_privat/_programming/avr/winavr/winavr/bin/../lib/gcc/avr/4.3.2/avr25\libgcc.a(_epilogue.o)
                                                  h:/_privat/_programming/avr/winavr/winavr/bin/../lib/gcc/avr/4.3.2/../../../../avr/lib/avr25\libc.a(rand.o)
__heap_end                                        h:/_privat/_programming/avr/winavr/winavr/bin/../lib/gcc/avr/4.3.2/../../../../avr/lib/avr25/crttn2313.o
__init                                            h:/_privat/_programming/avr/winavr/winavr/bin/../lib/gcc/avr/4.3.2/../../../../avr/lib/avr25/crttn2313.o
__mulsi3                                          h:/_privat/_programming/avr/winavr/winavr/bin/../lib/gcc/avr/4.3.2/avr25\libgcc.a(_mulsi3.o)
                                                  h:/_privat/_programming/avr/winavr/winavr/bin/../lib/gcc/avr/4.3.2/../../../../avr/lib/avr25\libc.a(rand.o)
__prologue_saves__                                h:/_privat/_programming/avr/winavr/winavr/bin/../lib/gcc/avr/4.3.2/avr25\libgcc.a(_prologue.o)
                                                  h:/_privat/_programming/avr/winavr/winavr/bin/../lib/gcc/avr/4.3.2/../../../../avr/lib/avr25\libc.a(rand.o)
__stack                                           h:/_privat/_programming/avr/winavr/winavr/bin/../lib/gcc/avr/4.3.2/../../../../avr/lib/avr25/crttn2313.o
__udivmodhi4                                      h:/_privat/_programming/avr/winavr/winavr/bin/../lib/gcc/avr/4.3.2/avr25\libgcc.a(_udivmodhi4.o)
                                                  h:/_privat/_programming/avr/winavr/winavr/bin/../lib/gcc/avr/4.3.2/avr25\libgcc.a(_divmodhi4.o)
__udivmodsi4                                      h:/_privat/_programming/avr/winavr/winavr/bin/../lib/gcc/avr/4.3.2/avr25\libgcc.a(_udivmodsi4.o)
                                                  h:/_privat/_programming/avr/winavr/winavr/bin/../lib/gcc/avr/4.3.2/avr25\libgcc.a(_divmodsi4.o)
__vector_1                                        h:/_privat/_programming/avr/winavr/winavr/bin/../lib/gcc/avr/4.3.2/../../../../avr/lib/avr25/crttn2313.o
__vector_10                                       h:/_privat/_programming/avr/winavr/winavr/bin/../lib/gcc/avr/4.3.2/../../../../avr/lib/avr25/crttn2313.o
__vector_11                                       h:/_privat/_programming/avr/winavr/winavr/bin/../lib/gcc/avr/4.3.2/../../../../avr/lib/avr25/crttn2313.o
__vector_12                                       h:/_privat/_programming/avr/winavr/winavr/bin/../lib/gcc/avr/4.3.2/../../../../avr/lib/avr25/crttn2313.o
__vector_13                                       h:/_privat/_programming/avr/winavr/winavr/bin/../lib/gcc/avr/4.3.2/../../../../avr/lib/avr25/crttn2313.o
__vector_14                                       h:/_privat/_programming/avr/winavr/winavr/bin/../lib/gcc/avr/4.3.2/../../../../avr/lib/avr25/crttn2313.o
__vector_15                                       h:/_privat/_programming/avr/winavr/winavr/bin/../lib/gcc/avr/4.3.2/../../../../avr/lib/avr25/crttn2313.o
__vector_16                                       h:/_privat/_programming/avr/winavr/winavr/bin/../lib/gcc/avr/4.3.2/../../../../avr/lib/avr25/crttn2313.o
__vector_17                                       h:/_privat/_programming/avr/winavr/winavr/bin/../lib/gcc/avr/4.3.2/../../../../avr/lib/avr25/crttn2313.o
__vector_18                                       h:/_privat/_programming/avr/winavr/winavr/bin/../lib/gcc/avr/4.3.2/../../../../avr/lib/avr25/crttn2313.o
__vector_2                                        h:/_privat/_programming/avr/winavr/winavr/bin/../lib/gcc/avr/4.3.2/../../../../avr/lib/avr25/crttn2313.o
__vector_3                                        h:/_privat/_programming/avr/winavr/winavr/bin/../lib/gcc/avr/4.3.2/../../../../avr/lib/avr25/crttn2313.o
__vector_4                                        h:/_privat/_programming/avr/winavr/winavr/bin/../lib/gcc/avr/4.3.2/../../../../avr/lib/avr25/crttn2313.o
__vector_5                                        h:/_privat/_programming/avr/winavr/winavr/bin/../lib/gcc/avr/4.3.2/../../../../avr/lib/avr25/crttn2313.o
__vector_6                                        main.o
                                                  h:/_privat/_programming/avr/winavr/winavr/bin/../lib/gcc/avr/4.3.2/../../../../avr/lib/avr25/crttn2313.o
__vector_7                                        h:/_privat/_programming/avr/winavr/winavr/bin/../lib/gcc/avr/4.3.2/../../../../avr/lib/avr25/crttn2313.o
__vector_8                                        h:/_privat/_programming/avr/winavr/winavr/bin/../lib/gcc/avr/4.3.2/../../../../avr/lib/avr25/crttn2313.o
__vector_9                                        h:/_privat/_programming/avr/winavr/winavr/bin/../lib/gcc/avr/4.3.2/../../../../avr/lib/avr25/crttn2313.o
__vector_default                                  h:/_privat/_programming/avr/winavr/winavr/bin/../lib/gcc/avr/4.3.2/../../../../avr/lib/avr25/crttn2313.o
__vectors                                         h:/_privat/_programming/avr/winavr/winavr/bin/../lib/gcc/avr/4.3.2/../../../../avr/lib/avr25/crttn2313.o
_div                                              h:/_privat/_programming/avr/winavr/winavr/bin/../lib/gcc/avr/4.3.2/avr25\libgcc.a(_divmodhi4.o)
_exit                                             h:/_privat/_programming/avr/winavr/winavr/bin/../lib/gcc/avr/4.3.2/avr25\libgcc.a(_exit.o)
exit                                              h:/_privat/_programming/avr/winavr/winavr/bin/../lib/gcc/avr/4.3.2/avr25\libgcc.a(_exit.o)
                                                  h:/_privat/_programming/avr/winavr/winavr/bin/../lib/gcc/avr/4.3.2/../../../../avr/lib/avr25/crttn2313.o
main                                              main.o
                                                  h:/_privat/_programming/avr/winavr/winavr/bin/../lib/gcc/avr/4.3.2/../../../../avr/lib/avr25/crttn2313.o
ovrflw_cnt                                        main.o
rand                                              h:/_privat/_programming/avr/winavr/winavr/bin/../lib/gcc/avr/4.3.2/../../../../avr/lib/avr25\libc.a(rand.o)
                                                  main.o
rand_r                                            h:/_privat/_programming/avr/winavr/winavr/bin/../lib/gcc/avr/4.3.2/../../../../avr/lib/avr25\libc.a(rand.o)
rgb                                               main.o
rgb_fade                                          main.o
srand                                             h:/_privat/_programming/avr/winavr/winavr/bin/../lib/gcc/avr/4.3.2/../../../../avr/lib/avr25\libc.a(rand.o)
