Archive member included because of file (symbol)

d:/work/_programming/uc_dev/winavr/bin/../lib/gcc/avr/4.3.3/avr25\libgcc.a(_mulhi3.o)
                              main.o (__mulhi3)
d:/work/_programming/uc_dev/winavr/bin/../lib/gcc/avr/4.3.3/avr25\libgcc.a(_udivmodqi4.o)
                              main.o (__udivmodqi4)
d:/work/_programming/uc_dev/winavr/bin/../lib/gcc/avr/4.3.3/avr25\libgcc.a(_exit.o)
                              d:/work/_programming/uc_dev/winavr/bin/../lib/gcc/avr/4.3.3/../../../../avr/lib/avr25/crttn2313.o (exit)
d:/work/_programming/uc_dev/winavr/bin/../lib/gcc/avr/4.3.3/avr25\libgcc.a(_copy_data.o)
                              main.o (__do_copy_data)
d:/work/_programming/uc_dev/winavr/bin/../lib/gcc/avr/4.3.3/avr25\libgcc.a(_clear_bss.o)
                              main.o (__do_clear_bss)

Memory Configuration

Name             Origin             Length             Attributes
text             0x00000000         0x00002000         xr
data             0x00800060         0x0000ffa0         rw !x
eeprom           0x00810000         0x00010000         rw !x
fuse             0x00820000         0x00000400         rw !x
lock             0x00830000         0x00000400         rw !x
signature        0x00840000         0x00000400         rw !x
*default*        0x00000000         0xffffffff

Linker script and memory map

LOAD d:/work/_programming/uc_dev/winavr/bin/../lib/gcc/avr/4.3.3/../../../../avr/lib/avr25/crttn2313.o
LOAD main.o
LOAD d:/work/_programming/uc_dev/winavr/bin/../lib/gcc/avr/4.3.3/../../../../avr/lib/avr25\libm.a
LOAD d:/work/_programming/uc_dev/winavr/bin/../lib/gcc/avr/4.3.3/avr25\libgcc.a
LOAD d:/work/_programming/uc_dev/winavr/bin/../lib/gcc/avr/4.3.3/../../../../avr/lib/avr25\libc.a
LOAD d:/work/_programming/uc_dev/winavr/bin/../lib/gcc/avr/4.3.3/avr25\libgcc.a

.hash
 *(.hash)

.dynsym
 *(.dynsym)

.dynstr
 *(.dynstr)

.gnu.version
 *(.gnu.version)

.gnu.version_d
 *(.gnu.version_d)

.gnu.version_r
 *(.gnu.version_r)

.rel.init
 *(.rel.init)

.rela.init
 *(.rela.init)

.rel.text
 *(.rel.text)
 *(.rel.text.*)
 *(.rel.gnu.linkonce.t*)

.rela.text
 *(.rela.text)
 *(.rela.text.*)
 *(.rela.gnu.linkonce.t*)

.rel.fini
 *(.rel.fini)

.rela.fini
 *(.rela.fini)

.rel.rodata
 *(.rel.rodata)
 *(.rel.rodata.*)
 *(.rel.gnu.linkonce.r*)

.rela.rodata
 *(.rela.rodata)
 *(.rela.rodata.*)
 *(.rela.gnu.linkonce.r*)

.rel.data
 *(.rel.data)
 *(.rel.data.*)
 *(.rel.gnu.linkonce.d*)

.rela.data
 *(.rela.data)
 *(.rela.data.*)
 *(.rela.gnu.linkonce.d*)

.rel.ctors
 *(.rel.ctors)

.rela.ctors
 *(.rela.ctors)

.rel.dtors
 *(.rel.dtors)

.rela.dtors
 *(.rela.dtors)

.rel.got
 *(.rel.got)

.rela.got
 *(.rela.got)

.rel.bss
 *(.rel.bss)

.rela.bss
 *(.rela.bss)

.rel.plt
 *(.rel.plt)

.rela.plt
 *(.rela.plt)

.text           0x00000000      0x490
 *(.vectors)
 .vectors       0x00000000       0x26 d:/work/_programming/uc_dev/winavr/bin/../lib/gcc/avr/4.3.3/../../../../avr/lib/avr25/crttn2313.o
                0x00000000                __vectors
                0x00000000                __vector_default
 *(.vectors)
 *(.progmem.gcc*)
 *(.progmem*)
                0x00000026                . = ALIGN (0x2)
                0x00000026                __trampolines_start = .
 *(.trampolines)
 .trampolines   0x00000026        0x0 linker stubs
 *(.trampolines*)
                0x00000026                __trampolines_end = .
 *(.jumptables)
 *(.jumptables*)
 *(.lowtext)
 *(.lowtext*)
                0x00000026                __ctors_start = .
 *(.ctors)
                0x00000026                __ctors_end = .
                0x00000026                __dtors_start = .
 *(.dtors)
                0x00000026                __dtors_end = .
 SORT(*)(.ctors)
 SORT(*)(.dtors)
 *(.init0)
 .init0         0x00000026        0x0 d:/work/_programming/uc_dev/winavr/bin/../lib/gcc/avr/4.3.3/../../../../avr/lib/avr25/crttn2313.o
                0x00000026                __init
 *(.init0)
 *(.init1)
 *(.init1)
 *(.init2)
 .init2         0x00000026        0x8 d:/work/_programming/uc_dev/winavr/bin/../lib/gcc/avr/4.3.3/../../../../avr/lib/avr25/crttn2313.o
 *(.init2)
 *(.init3)
 *(.init3)
 *(.init4)
 .init4         0x0000002e       0x16 d:/work/_programming/uc_dev/winavr/bin/../lib/gcc/avr/4.3.3/avr25\libgcc.a(_copy_data.o)
                0x0000002e                __do_copy_data
 .init4         0x00000044       0x10 d:/work/_programming/uc_dev/winavr/bin/../lib/gcc/avr/4.3.3/avr25\libgcc.a(_clear_bss.o)
                0x00000044                __do_clear_bss
 *(.init4)
 *(.init5)
 *(.init5)
 *(.init6)
 *(.init6)
 *(.init7)
 *(.init7)
 *(.init8)
 *(.init8)
 *(.init9)
 .init9         0x00000054        0x4 d:/work/_programming/uc_dev/winavr/bin/../lib/gcc/avr/4.3.3/../../../../avr/lib/avr25/crttn2313.o
 *(.init9)
 *(.text)
 .text          0x00000058        0x2 d:/work/_programming/uc_dev/winavr/bin/../lib/gcc/avr/4.3.3/../../../../avr/lib/avr25/crttn2313.o
                0x00000058                __vector_1
                0x00000058                __vector_12
                0x00000058                __bad_interrupt
                0x00000058                __vector_3
                0x00000058                __vector_11
                0x00000058                __vector_13
                0x00000058                __vector_17
                0x00000058                __vector_5
                0x00000058                __vector_4
                0x00000058                __vector_2
                0x00000058                __vector_15
                0x00000058                __vector_8
                0x00000058                __vector_14
                0x00000058                __vector_10
                0x00000058                __vector_16
                0x00000058                __vector_18
 .text          0x0000005a      0x3f6 main.o
                0x00000224                __vector_6
                0x000000cc                __vector_7
                0x0000038c                main
                0x0000005a                __vector_9
                0x00000426                vTIMER0_ini
 .text          0x00000450        0x0 d:/work/_programming/uc_dev/winavr/bin/../lib/gcc/avr/4.3.3/avr25\libgcc.a(_mulhi3.o)
 .text          0x00000450        0x0 d:/work/_programming/uc_dev/winavr/bin/../lib/gcc/avr/4.3.3/avr25\libgcc.a(_udivmodqi4.o)
 .text          0x00000450        0x0 d:/work/_programming/uc_dev/winavr/bin/../lib/gcc/avr/4.3.3/avr25\libgcc.a(_exit.o)
 .text          0x00000450        0x0 d:/work/_programming/uc_dev/winavr/bin/../lib/gcc/avr/4.3.3/avr25\libgcc.a(_copy_data.o)
 .text          0x00000450        0x0 d:/work/_programming/uc_dev/winavr/bin/../lib/gcc/avr/4.3.3/avr25\libgcc.a(_clear_bss.o)
                0x00000450                . = ALIGN (0x2)
 *(.text.*)
 .text.libgcc   0x00000450       0x24 d:/work/_programming/uc_dev/winavr/bin/../lib/gcc/avr/4.3.3/avr25\libgcc.a(_mulhi3.o)
                0x00000450                __mulhi3
 .text.libgcc   0x00000474       0x18 d:/work/_programming/uc_dev/winavr/bin/../lib/gcc/avr/4.3.3/avr25\libgcc.a(_udivmodqi4.o)
                0x00000474                __udivmodqi4
 .text.libgcc   0x0000048c        0x0 d:/work/_programming/uc_dev/winavr/bin/../lib/gcc/avr/4.3.3/avr25\libgcc.a(_exit.o)
 .text.libgcc   0x0000048c        0x0 d:/work/_programming/uc_dev/winavr/bin/../lib/gcc/avr/4.3.3/avr25\libgcc.a(_copy_data.o)
 .text.libgcc   0x0000048c        0x0 d:/work/_programming/uc_dev/winavr/bin/../lib/gcc/avr/4.3.3/avr25\libgcc.a(_clear_bss.o)
                0x0000048c                . = ALIGN (0x2)
 *(.fini9)
 .fini9         0x0000048c        0x0 d:/work/_programming/uc_dev/winavr/bin/../lib/gcc/avr/4.3.3/avr25\libgcc.a(_exit.o)
                0x0000048c                exit
                0x0000048c                _exit
 *(.fini9)
 *(.fini8)
 *(.fini8)
 *(.fini7)
 *(.fini7)
 *(.fini6)
 *(.fini6)
 *(.fini5)
 *(.fini5)
 *(.fini4)
 *(.fini4)
 *(.fini3)
 *(.fini3)
 *(.fini2)
 *(.fini2)
 *(.fini1)
 *(.fini1)
 *(.fini0)
 .fini0         0x0000048c        0x4 d:/work/_programming/uc_dev/winavr/bin/../lib/gcc/avr/4.3.3/avr25\libgcc.a(_exit.o)
 *(.fini0)
                0x00000490                _etext = .

.data           0x00800060       0x16 load address 0x00000490
                0x00800060                PROVIDE (__data_start, .)
 *(.data)
 .data          0x00800060        0x0 d:/work/_programming/uc_dev/winavr/bin/../lib/gcc/avr/4.3.3/../../../../avr/lib/avr25/crttn2313.o
 .data          0x00800060       0x16 main.o
                0x00800060                tx_frame
                0x0080006b                rx_frame
 .data          0x00800076        0x0 d:/work/_programming/uc_dev/winavr/bin/../lib/gcc/avr/4.3.3/avr25\libgcc.a(_mulhi3.o)
 .data          0x00800076        0x0 d:/work/_programming/uc_dev/winavr/bin/../lib/gcc/avr/4.3.3/avr25\libgcc.a(_udivmodqi4.o)
 .data          0x00800076        0x0 d:/work/_programming/uc_dev/winavr/bin/../lib/gcc/avr/4.3.3/avr25\libgcc.a(_exit.o)
 .data          0x00800076        0x0 d:/work/_programming/uc_dev/winavr/bin/../lib/gcc/avr/4.3.3/avr25\libgcc.a(_copy_data.o)
 .data          0x00800076        0x0 d:/work/_programming/uc_dev/winavr/bin/../lib/gcc/avr/4.3.3/avr25\libgcc.a(_clear_bss.o)
 *(.data*)
 *(.rodata)
 *(.rodata*)
 *(.gnu.linkonce.d*)
                0x00800076                . = ALIGN (0x2)
                0x00800076                _edata = .
                0x00800076                PROVIDE (__data_end, .)

.bss            0x00800076        0x9
                0x00800076                PROVIDE (__bss_start, .)
 *(.bss)
 .bss           0x00800076        0x0 d:/work/_programming/uc_dev/winavr/bin/../lib/gcc/avr/4.3.3/../../../../avr/lib/avr25/crttn2313.o
 .bss           0x00800076        0x9 main.o
                0x00800079                t_min
                0x0080007a                t_hou
                0x0080007e                rx_frame_index
                0x0080007c                receive_data
                0x0080007d                tx_frame_index
                0x0080007b                send_data
                0x00800078                t_sec
                0x00800076                timer0_cnt
 .bss           0x0080007f        0x0 d:/work/_programming/uc_dev/winavr/bin/../lib/gcc/avr/4.3.3/avr25\libgcc.a(_mulhi3.o)
 .bss           0x0080007f        0x0 d:/work/_programming/uc_dev/winavr/bin/../lib/gcc/avr/4.3.3/avr25\libgcc.a(_udivmodqi4.o)
 .bss           0x0080007f        0x0 d:/work/_programming/uc_dev/winavr/bin/../lib/gcc/avr/4.3.3/avr25\libgcc.a(_exit.o)
 .bss           0x0080007f        0x0 d:/work/_programming/uc_dev/winavr/bin/../lib/gcc/avr/4.3.3/avr25\libgcc.a(_copy_data.o)
 .bss           0x0080007f        0x0 d:/work/_programming/uc_dev/winavr/bin/../lib/gcc/avr/4.3.3/avr25\libgcc.a(_clear_bss.o)
 *(.bss*)
 *(COMMON)
                0x0080007f                PROVIDE (__bss_end, .)
                0x00000490                __data_load_start = LOADADDR (.data)
                0x000004a6                __data_load_end = (__data_load_start + SIZEOF (.data))

.noinit         0x0080007f        0x0
                0x0080007f                PROVIDE (__noinit_start, .)
 *(.noinit*)
                0x0080007f                PROVIDE (__noinit_end, .)
                0x0080007f                _end = .
                0x0080007f                PROVIDE (__heap_start, .)

.eeprom         0x00810000        0x0
 *(.eeprom*)
                0x00810000                __eeprom_end = .

.fuse
 *(.fuse)
 *(.lfuse)
 *(.hfuse)
 *(.efuse)

.lock
 *(.lock*)

.signature
 *(.signature*)

.stab           0x00000000      0x720
 *(.stab)
 .stab          0x00000000      0x720 main.o

.stabstr        0x00000000      0x80b
 *(.stabstr)
 .stabstr       0x00000000      0x80b main.o

.stab.excl
 *(.stab.excl)

.stab.exclstr
 *(.stab.exclstr)

.stab.index
 *(.stab.index)

.stab.indexstr
 *(.stab.indexstr)

.comment
 *(.comment)

.debug
 *(.debug)

.line
 *(.line)

.debug_srcinfo
 *(.debug_srcinfo)

.debug_sfnames
 *(.debug_sfnames)

.debug_aranges
 *(.debug_aranges)

.debug_pubnames
 *(.debug_pubnames)

.debug_info
 *(.debug_info)
 *(.gnu.linkonce.wi.*)

.debug_abbrev
 *(.debug_abbrev)

.debug_line
 *(.debug_line)

.debug_frame
 *(.debug_frame)

.debug_str
 *(.debug_str)

.debug_loc
 *(.debug_loc)

.debug_macinfo
 *(.debug_macinfo)
OUTPUT(main.elf elf32-avr)
LOAD linker stubs

Cross Reference Table

Symbol                                            File
__bad_interrupt                                   d:/work/_programming/uc_dev/winavr/bin/../lib/gcc/avr/4.3.3/../../../../avr/lib/avr25/crttn2313.o
__bss_end                                         d:/work/_programming/uc_dev/winavr/bin/../lib/gcc/avr/4.3.3/avr25\libgcc.a(_clear_bss.o)
__bss_start                                       d:/work/_programming/uc_dev/winavr/bin/../lib/gcc/avr/4.3.3/avr25\libgcc.a(_clear_bss.o)
__data_end                                        d:/work/_programming/uc_dev/winavr/bin/../lib/gcc/avr/4.3.3/avr25\libgcc.a(_copy_data.o)
__data_load_start                                 d:/work/_programming/uc_dev/winavr/bin/../lib/gcc/avr/4.3.3/avr25\libgcc.a(_copy_data.o)
__data_start                                      d:/work/_programming/uc_dev/winavr/bin/../lib/gcc/avr/4.3.3/avr25\libgcc.a(_copy_data.o)
__do_clear_bss                                    d:/work/_programming/uc_dev/winavr/bin/../lib/gcc/avr/4.3.3/avr25\libgcc.a(_clear_bss.o)
                                                  main.o
__do_copy_data                                    d:/work/_programming/uc_dev/winavr/bin/../lib/gcc/avr/4.3.3/avr25\libgcc.a(_copy_data.o)
                                                  main.o
__heap_end                                        d:/work/_programming/uc_dev/winavr/bin/../lib/gcc/avr/4.3.3/../../../../avr/lib/avr25/crttn2313.o
__init                                            d:/work/_programming/uc_dev/winavr/bin/../lib/gcc/avr/4.3.3/../../../../avr/lib/avr25/crttn2313.o
__mulhi3                                          d:/work/_programming/uc_dev/winavr/bin/../lib/gcc/avr/4.3.3/avr25\libgcc.a(_mulhi3.o)
                                                  main.o
__stack                                           d:/work/_programming/uc_dev/winavr/bin/../lib/gcc/avr/4.3.3/../../../../avr/lib/avr25/crttn2313.o
__udivmodqi4                                      d:/work/_programming/uc_dev/winavr/bin/../lib/gcc/avr/4.3.3/avr25\libgcc.a(_udivmodqi4.o)
                                                  main.o
__vector_1                                        d:/work/_programming/uc_dev/winavr/bin/../lib/gcc/avr/4.3.3/../../../../avr/lib/avr25/crttn2313.o
__vector_10                                       d:/work/_programming/uc_dev/winavr/bin/../lib/gcc/avr/4.3.3/../../../../avr/lib/avr25/crttn2313.o
__vector_11                                       d:/work/_programming/uc_dev/winavr/bin/../lib/gcc/avr/4.3.3/../../../../avr/lib/avr25/crttn2313.o
__vector_12                                       d:/work/_programming/uc_dev/winavr/bin/../lib/gcc/avr/4.3.3/../../../../avr/lib/avr25/crttn2313.o
__vector_13                                       d:/work/_programming/uc_dev/winavr/bin/../lib/gcc/avr/4.3.3/../../../../avr/lib/avr25/crttn2313.o
__vector_14                                       d:/work/_programming/uc_dev/winavr/bin/../lib/gcc/avr/4.3.3/../../../../avr/lib/avr25/crttn2313.o
__vector_15                                       d:/work/_programming/uc_dev/winavr/bin/../lib/gcc/avr/4.3.3/../../../../avr/lib/avr25/crttn2313.o
__vector_16                                       d:/work/_programming/uc_dev/winavr/bin/../lib/gcc/avr/4.3.3/../../../../avr/lib/avr25/crttn2313.o
__vector_17                                       d:/work/_programming/uc_dev/winavr/bin/../lib/gcc/avr/4.3.3/../../../../avr/lib/avr25/crttn2313.o
__vector_18                                       d:/work/_programming/uc_dev/winavr/bin/../lib/gcc/avr/4.3.3/../../../../avr/lib/avr25/crttn2313.o
__vector_2                                        d:/work/_programming/uc_dev/winavr/bin/../lib/gcc/avr/4.3.3/../../../../avr/lib/avr25/crttn2313.o
__vector_3                                        d:/work/_programming/uc_dev/winavr/bin/../lib/gcc/avr/4.3.3/../../../../avr/lib/avr25/crttn2313.o
__vector_4                                        d:/work/_programming/uc_dev/winavr/bin/../lib/gcc/avr/4.3.3/../../../../avr/lib/avr25/crttn2313.o
__vector_5                                        d:/work/_programming/uc_dev/winavr/bin/../lib/gcc/avr/4.3.3/../../../../avr/lib/avr25/crttn2313.o
__vector_6                                        main.o
                                                  d:/work/_programming/uc_dev/winavr/bin/../lib/gcc/avr/4.3.3/../../../../avr/lib/avr25/crttn2313.o
__vector_7                                        main.o
                                                  d:/work/_programming/uc_dev/winavr/bin/../lib/gcc/avr/4.3.3/../../../../avr/lib/avr25/crttn2313.o
__vector_8                                        d:/work/_programming/uc_dev/winavr/bin/../lib/gcc/avr/4.3.3/../../../../avr/lib/avr25/crttn2313.o
__vector_9                                        main.o
                                                  d:/work/_programming/uc_dev/winavr/bin/../lib/gcc/avr/4.3.3/../../../../avr/lib/avr25/crttn2313.o
__vector_default                                  d:/work/_programming/uc_dev/winavr/bin/../lib/gcc/avr/4.3.3/../../../../avr/lib/avr25/crttn2313.o
__vectors                                         d:/work/_programming/uc_dev/winavr/bin/../lib/gcc/avr/4.3.3/../../../../avr/lib/avr25/crttn2313.o
_exit                                             d:/work/_programming/uc_dev/winavr/bin/../lib/gcc/avr/4.3.3/avr25\libgcc.a(_exit.o)
exit                                              d:/work/_programming/uc_dev/winavr/bin/../lib/gcc/avr/4.3.3/avr25\libgcc.a(_exit.o)
                                                  d:/work/_programming/uc_dev/winavr/bin/../lib/gcc/avr/4.3.3/../../../../avr/lib/avr25/crttn2313.o
main                                              main.o
                                                  d:/work/_programming/uc_dev/winavr/bin/../lib/gcc/avr/4.3.3/../../../../avr/lib/avr25/crttn2313.o
receive_data                                      main.o
rx_frame                                          main.o
rx_frame_index                                    main.o
send_data                                         main.o
t_hou                                             main.o
t_min                                             main.o
t_sec                                             main.o
timer0_cnt                                        main.o
tx_frame                                          main.o
tx_frame_index                                    main.o
vTIMER0_ini                                       main.o
